Archive member included because of file (symbol)

c:/altera/11.0sp1/nios2eds/bin/gnu/h-i686-mingw32/bin/../lib/gcc/nios2-elf/4.1.2\libgcc.a(lib2-divmod.o)
                              obj/hello_ucosii.o (__udivsi3)
c:/altera/11.0sp1/nios2eds/bin/gnu/h-i686-mingw32/bin/../lib/gcc/nios2-elf/4.1.2/../../../../nios2-elf/lib\libc.a(lib_a-printf.o)
                              obj/hello_ucosii.o (printf)
c:/altera/11.0sp1/nios2eds/bin/gnu/h-i686-mingw32/bin/../lib/gcc/nios2-elf/4.1.2/../../../../nios2-elf/lib\libc.a(lib_a-puts.o)
                              obj/hello_ucosii.o (puts)
c:/altera/11.0sp1/nios2eds/bin/gnu/h-i686-mingw32/bin/../lib/gcc/nios2-elf/4.1.2/../../../../nios2-elf/lib\libc.a(lib_a-strlen.o)
                              c:/altera/11.0sp1/nios2eds/bin/gnu/h-i686-mingw32/bin/../lib/gcc/nios2-elf/4.1.2/../../../../nios2-elf/lib\libc.a(lib_a-puts.o) (strlen)
c:/altera/11.0sp1/nios2eds/bin/gnu/h-i686-mingw32/bin/../lib/gcc/nios2-elf/4.1.2/../../../../nios2-elf/lib\libc.a(lib_a-vfprintf.o)
                              c:/altera/11.0sp1/nios2eds/bin/gnu/h-i686-mingw32/bin/../lib/gcc/nios2-elf/4.1.2/../../../../nios2-elf/lib\libc.a(lib_a-printf.o) (___vfprintf_internal_r)
c:/altera/11.0sp1/nios2eds/bin/gnu/h-i686-mingw32/bin/../lib/gcc/nios2-elf/4.1.2/../../../../nios2-elf/lib\libc.a(lib_a-wsetup.o)
                              c:/altera/11.0sp1/nios2eds/bin/gnu/h-i686-mingw32/bin/../lib/gcc/nios2-elf/4.1.2/../../../../nios2-elf/lib\libc.a(lib_a-vfprintf.o) (__swsetup_r)
c:/altera/11.0sp1/nios2eds/bin/gnu/h-i686-mingw32/bin/../lib/gcc/nios2-elf/4.1.2/../../../../nios2-elf/lib\libc.a(lib_a-dtoa.o)
                              c:/altera/11.0sp1/nios2eds/bin/gnu/h-i686-mingw32/bin/../lib/gcc/nios2-elf/4.1.2/../../../../nios2-elf/lib\libc.a(lib_a-vfprintf.o) (_dtoa_r)
c:/altera/11.0sp1/nios2eds/bin/gnu/h-i686-mingw32/bin/../lib/gcc/nios2-elf/4.1.2/../../../../nios2-elf/lib\libc.a(lib_a-fflush.o)
                              c:/altera/11.0sp1/nios2eds/bin/gnu/h-i686-mingw32/bin/../lib/gcc/nios2-elf/4.1.2/../../../../nios2-elf/lib\libc.a(lib_a-vfprintf.o) (_fflush_r)
c:/altera/11.0sp1/nios2eds/bin/gnu/h-i686-mingw32/bin/../lib/gcc/nios2-elf/4.1.2/../../../../nios2-elf/lib\libc.a(lib_a-findfp.o)
                              c:/altera/11.0sp1/nios2eds/bin/gnu/h-i686-mingw32/bin/../lib/gcc/nios2-elf/4.1.2/../../../../nios2-elf/lib\libc.a(lib_a-vfprintf.o) (__sinit)
c:/altera/11.0sp1/nios2eds/bin/gnu/h-i686-mingw32/bin/../lib/gcc/nios2-elf/4.1.2/../../../../nios2-elf/lib\libc.a(lib_a-freer.o)
                              c:/altera/11.0sp1/nios2eds/bin/gnu/h-i686-mingw32/bin/../lib/gcc/nios2-elf/4.1.2/../../../../nios2-elf/lib\libc.a(lib_a-wsetup.o) (_free_r)
c:/altera/11.0sp1/nios2eds/bin/gnu/h-i686-mingw32/bin/../lib/gcc/nios2-elf/4.1.2/../../../../nios2-elf/lib\libc.a(lib_a-fvwrite.o)
                              c:/altera/11.0sp1/nios2eds/bin/gnu/h-i686-mingw32/bin/../lib/gcc/nios2-elf/4.1.2/../../../../nios2-elf/lib\libc.a(lib_a-puts.o) (__sfvwrite_r)
c:/altera/11.0sp1/nios2eds/bin/gnu/h-i686-mingw32/bin/../lib/gcc/nios2-elf/4.1.2/../../../../nios2-elf/lib\libc.a(lib_a-fwalk.o)
                              c:/altera/11.0sp1/nios2eds/bin/gnu/h-i686-mingw32/bin/../lib/gcc/nios2-elf/4.1.2/../../../../nios2-elf/lib\libc.a(lib_a-fflush.o) (_fwalk_reent)
c:/altera/11.0sp1/nios2eds/bin/gnu/h-i686-mingw32/bin/../lib/gcc/nios2-elf/4.1.2/../../../../nios2-elf/lib\libc.a(lib_a-impure.o)
                              c:/altera/11.0sp1/nios2eds/bin/gnu/h-i686-mingw32/bin/../lib/gcc/nios2-elf/4.1.2/../../../../nios2-elf/lib\libc.a(lib_a-printf.o) (_impure_ptr)
c:/altera/11.0sp1/nios2eds/bin/gnu/h-i686-mingw32/bin/../lib/gcc/nios2-elf/4.1.2/../../../../nios2-elf/lib\libc.a(lib_a-locale.o)
                              c:/altera/11.0sp1/nios2eds/bin/gnu/h-i686-mingw32/bin/../lib/gcc/nios2-elf/4.1.2/../../../../nios2-elf/lib\libc.a(lib_a-vfprintf.o) (_localeconv_r)
c:/altera/11.0sp1/nios2eds/bin/gnu/h-i686-mingw32/bin/../lib/gcc/nios2-elf/4.1.2/../../../../nios2-elf/lib\libc.a(lib_a-makebuf.o)
                              c:/altera/11.0sp1/nios2eds/bin/gnu/h-i686-mingw32/bin/../lib/gcc/nios2-elf/4.1.2/../../../../nios2-elf/lib\libc.a(lib_a-wsetup.o) (__smakebuf_r)
c:/altera/11.0sp1/nios2eds/bin/gnu/h-i686-mingw32/bin/../lib/gcc/nios2-elf/4.1.2/../../../../nios2-elf/lib\libc.a(lib_a-mallocr.o)
                              c:/altera/11.0sp1/nios2eds/bin/gnu/h-i686-mingw32/bin/../lib/gcc/nios2-elf/4.1.2/../../../../nios2-elf/lib\libc.a(lib_a-findfp.o) (_malloc_r)
c:/altera/11.0sp1/nios2eds/bin/gnu/h-i686-mingw32/bin/../lib/gcc/nios2-elf/4.1.2/../../../../nios2-elf/lib\libc.a(lib_a-memchr.o)
                              c:/altera/11.0sp1/nios2eds/bin/gnu/h-i686-mingw32/bin/../lib/gcc/nios2-elf/4.1.2/../../../../nios2-elf/lib\libc.a(lib_a-vfprintf.o) (memchr)
c:/altera/11.0sp1/nios2eds/bin/gnu/h-i686-mingw32/bin/../lib/gcc/nios2-elf/4.1.2/../../../../nios2-elf/lib\libc.a(lib_a-memcpy.o)
[...]
Memory Configuration

Name             Origin             Length             Attributes
reset            0x00000000         0x00000020
sdram            0x00000020         0x07ffffe0
cfi_flash        0x0a800000         0x00800000
sram             0x0b200000         0x00200000
onchip_memory2   0x0b404000         0x00004000
descriptor_memory 0x0b408000         0x00002000
*default*        0x00000000         0xffffffff

Linker script and memory map

LOAD ../testdma_bsp//obj/HAL/src/crt0.o
LOAD obj/hello_ucosii.o
LOAD c:/altera/11.0sp1/nios2eds/bin/gnu/h-i686-mingw32/bin/../lib/gcc/nios2-elf/4.1.2/../../../../nios2-elf/lib\libstdc++.a
LOAD c:/altera/11.0sp1/nios2eds/bin/gnu/h-i686-mingw32/bin/../lib/gcc/nios2-elf/4.1.2/../../../../nios2-elf/lib\libm.a
LOAD c:/altera/11.0sp1/nios2eds/bin/gnu/h-i686-mingw32/bin/../lib/gcc/nios2-elf/4.1.2\libgcc.a
START GROUP
LOAD c:/altera/11.0sp1/nios2eds/bin/gnu/h-i686-mingw32/bin/../lib/gcc/nios2-elf/4.1.2/../../../../nios2-elf/lib\libc.a
LOAD c:/altera/11.0sp1/nios2eds/bin/gnu/h-i686-mingw32/bin/../lib/gcc/nios2-elf/4.1.2\libgcc.a
LOAD ../testdma_bsp/\libucosii_bsp.a
END GROUP
LOAD c:/altera/11.0sp1/nios2eds/bin/gnu/h-i686-mingw32/bin/../lib/gcc/nios2-elf/4.1.2\libgcc.a
                0x00000000                __alt_mem_sdram = 0x0
                0x0a800000                __alt_mem_cfi_flash = 0xa800000
                0x0b200000                __alt_mem_sram = 0xb200000
                0x0b404000                __alt_mem_onchip_memory2 = 0xb404000
                0x0b408000                __alt_mem_descriptor_memory = 0xb408000

.entry          0x00000000       0x20
 *(.entry)
 .entry         0x00000000       0x20 ../testdma_bsp//obj/HAL/src/crt0.o
                0x00000000                __reset

.exceptions     0x00000020      0x19c
                0x00000020                PROVIDE (__ram_exceptions_start, ABSOLUTE (.))
                0x00000020                . = ALIGN (0x20)
 *(.irq)
 *(.exceptions.entry.label)
 .exceptions.entry.label
                0x00000020        0x0 ../testdma_bsp/\libucosii_bsp.a(alt_irq_entry.o)
                0x00000020                alt_irq_entry
 .exceptions.entry.label
                0x00000020        0x0 ../testdma_bsp/\libucosii_bsp.a(alt_exception_entry.o)
                0x00000020                alt_exception
 *(.exceptions.entry.user)
 *(.exceptions.entry)
 .exceptions.entry
                0x00000020       0x54 ../testdma_bsp/\libucosii_bsp.a(alt_exception_entry.o)
 *(.exceptions.irqtest.user)
 *(.exceptions.irqtest)
 .exceptions.irqtest
                0x00000074       0x10 ../testdma_bsp/\libucosii_bsp.a(alt_irq_entry.o)
 *(.exceptions.irqhandler.user)
 *(.exceptions.irqhandler)
 .exceptions.irqhandler
                0x00000084        0x4 ../testdma_bsp/\libucosii_bsp.a(alt_irq_entry.o)
 *(.exceptions.irqreturn.user)
 *(.exceptions.irqreturn)
 .exceptions.irqreturn
                0x00000088        0x4 ../testdma_bsp/\libucosii_bsp.a(alt_irq_entry.o)
 *(.exceptions.notirq.label)
 .exceptions.notirq.label
                0x0000008c        0x0 ../testdma_bsp/\libucosii_bsp.a(alt_irq_entry.o)
 *(.exceptions.notirq.user)
 *(.exceptions.notirq)
 .exceptions.notirq
                0x0000008c        0x8 ../testdma_bsp/\libucosii_bsp.a(alt_exception_entry.o)
 *(.exceptions.soft.user)
 *(.exceptions.soft)
 *(.exceptions.unknown.user)
 *(.exceptions.unknown)
 .exceptions.unknown
                0x00000094        0x4 ../testdma_bsp/\libucosii_bsp.a(alt_exception_entry.o)
 *(.exceptions.exit.label)
 .exceptions.exit.label
                0x00000098        0x0 ../testdma_bsp/\libucosii_bsp.a(alt_irq_entry.o)
 .exceptions.exit.label
                0x00000098        0x0 ../testdma_bsp/\libucosii_bsp.a(alt_exception_entry.o)
 *(.exceptions.exit.user)
 *(.exceptions.exit)
 .exceptions.exit
                0x00000098       0x54 ../testdma_bsp/\libucosii_bsp.a(alt_exception_entry.o)
 *(.exceptions)
 .exceptions    0x000000ec       0xd0 ../testdma_bsp/\libucosii_bsp.a(alt_irq_handler.o)
                0x000000ec                alt_irq_handler
                0x000001bc                PROVIDE (__ram_exceptions_end, ABSOLUTE (.))
                0x00000020                PROVIDE (__flash_exceptions_start, LOADADDR (.exceptions))

desc            0x0b408000       0x80
                0x0b408000                PROVIDE (_alt_partition_desc_start, ABSOLUTE (.))
 *(desc desc.*)
 desc           0x0b408000       0x80 obj/hello_ucosii.o
                0x0b408000                Desc0
                0x0b408020                Desc1
                0x0b408040                NextDesc0
                0x0b408060                NextDesc1
                0x0b408080                . = ALIGN (0x4)
                0x0b408080                PROVIDE (_alt_partition_desc_end, ABSOLUTE (.))

.text           0x000001bc    0x19a60
                0x000001bc                PROVIDE (stext, ABSOLUTE (.))
 *(.interp)
 *(.hash)
 *(.dynsym)
 *(.dynstr)
 *(.gnu.version)
 *(.gnu.version_d)
 *(.gnu.version_r)
 *(.rel.init)
 *(.rela.init)
 *(.rel.text .rel.text.* .rel.gnu.linkonce.t.*)
 *(.rela.text .rela.text.* .rela.gnu.linkonce.t.*)
 *(.rel.fini)
 *(.rela.fini)
 *(.rel.rodata .rel.rodata.* .rel.gnu.linkonce.r.*)
 *(.rela.rodata .rela.rodata.* .rela.gnu.linkonce.r.*)
 *(.rel.data .rel.data.* .rel.gnu.linkonce.d.*)
 *(.rela.data .rela.data.* .rela.gnu.linkonce.d.*)
 *(.rel.tdata .rel.tdata.* .rel.gnu.linkonce.td.*)
 *(.rela.tdata .rela.tdata.* .rela.gnu.linkonce.td.*)
 *(.rel.tbss .rel.tbss.* .rel.gnu.linkonce.tb.*)
 *(.rela.tbss .rela.tbss.* .rela.gnu.linkonce.tb.*)
 *(.rel.ctors)
 *(.rela.ctors)
 *(.rel.dtors)
 *(.rela.dtors)
 *(.rel.got)
 *(.rela.got)
 *(.rel.sdata .rel.sdata.* .rel.gnu.linkonce.s.*)
 *(.rela.sdata .rela.sdata.* .rela.gnu.linkonce.s.*)
 *(.rel.sbss .rel.sbss.* .rel.gnu.linkonce.sb.*)
 *(.rela.sbss .rela.sbss.* .rela.gnu.linkonce.sb.*)
 *(.rel.sdata2 .rel.sdata2.* .rel.gnu.linkonce.s2.*)
 *(.rela.sdata2 .rela.sdata2.* .rela.gnu.linkonce.s2.*)
 *(.rel.sbss2 .rel.sbss2.* .rel.gnu.linkonce.sb2.*)
 *(.rela.sbss2 .rela.sbss2.* .rela.gnu.linkonce.sb2.*)
 *(.rel.bss .rel.bss.* .rel.gnu.linkonce.b.*)
 *(.rela.bss .rela.bss.* .rela.gnu.linkonce.b.*)
 *(.rel.plt)
 *(.rela.plt)
 *(.rel.dyn)
 *(.init)
 *(.plt)
 *(.text .stub .text.* .gnu.linkonce.t.*)
 .text          0x000001bc       0x4c ../testdma_bsp//obj/HAL/src/crt0.o
                0x000001bc                _start
 .text          0x00000208      0x298 obj/hello_ucosii.o
                0x00000208                task2
                0x00000240                InitADC
                0x0000028c                ADCToMem
                0x00000364                task1
                0x000003f4                main
 .text          0x000004a0      0x14c c:/altera/11.0sp1/nios2eds/bin/gnu/h-i686-mingw32/bin/../lib/gcc/nios2-elf/4.1.2\libgcc.a(lib2-divmod.o)
                0x0000051c                __divsi3
                0x0000057c                __modsi3
                0x000005dc                __udivsi3
                0x000005e4                __umodsi3
 .text          0x000005ec       0x78 c:/altera/11.0sp1/nios2eds/bin/gnu/h-i686-mingw32/bin/../lib/gcc/nios2-elf/4.1.2/../../../../nios2-elf/lib\libc.a(lib_a-printf.o)
                0x000005ec                printf
                0x00000630                _printf_r
 .text          0x00000664       0xb4 c:/altera/11.0sp1/nios2eds/bin/gnu/h-i686-mingw32/bin/../lib/gcc/nios2-elf/4.1.2/../../../../nios2-elf/lib\libc.a(lib_a-puts.o)
                0x00000664                _puts_r
                0x00000704                puts
 .text          0x00000718       0x74 c:/altera/11.0sp1/nios2eds/bin/gnu/h-i686-mingw32/bin/../lib/gcc/nios2-elf/4.1.2/../../../../nios2-elf/lib\libc.a(lib_a-strlen.o)
                0x00000718                strlen
 .text          0x0000078c     0x1f28 c:/altera/11.0sp1/nios2eds/bin/gnu/h-i686-mingw32/bin/../lib/gcc/nios2-elf/4.1.2/../../../../nios2-elf/lib\libc.a(lib_a-vfprintf.o)
                0x000007e4                ___vfprintf_internal_r
                0x00002690                __vfprintf_internal
 .text          0x000026b4      0x13c c:/altera/11.0sp1/nios2eds/bin/gnu/h-i686-mingw32/bin/../lib/gcc/nios2-elf/4.1.2/../../../../nios2-elf/lib\libc.a(lib_a-wsetup.o)
                0x000026b4                __swsetup_r
 .text          0x000027f0     0x17cc c:/altera/11.0sp1/nios2eds/bin/gnu/h-i686-mingw32/bin/../lib/gcc/nios2-elf/4.1.2/../../../../nios2-elf/lib\libc.a(lib_a-dtoa.o)
                0x00002a08                _dtoa_r
 .text          0x00003fbc      0x230 c:/altera/11.0sp1/nios2eds/bin/gnu/h-i686-mingw32/bin/../lib/gcc/nios2-elf/4.1.2/../../../../nios2-elf/lib\libc.a(lib_a-fflush.o)
                0x00003fbc                _fflush_r
                0x000041b8                fflush
 .text          0x000041ec      0x2c0 c:/altera/11.0sp1/nios2eds/bin/gnu/h-i686-mingw32/bin/../lib/gcc/nios2-elf/4.1.2/../../../../nios2-elf/lib\libc.a(lib_a-findfp.o)
                0x00004244                __sfp_lock_acquire
                0x00004248                __sfp_lock_release
                0x0000424c                __sinit_lock_acquire
                0x00004250                __sinit_lock_release
                0x00004254                __sinit
                0x00004308                __fp_unlock_all
                0x00004320                __fp_lock_all
                0x00004338                _cleanup_r
                0x00004344                _cleanup
                0x00004354                __sfmoreglue
                0x000043bc                __sfp
 .text          0x000044ac      0x440 c:/altera/11.0sp1/nios2eds/bin/gnu/h-i686-mingw32/bin/../lib/gcc/nios2-elf/4.1.2/../../../../nios2-elf/lib\libc.a(lib_a-freer.o)
                0x000044ac                _malloc_trim_r
                0x000045d8                _free_r
 .text          0x000048ec      0x49c c:/altera/11.0sp1/nios2eds/bin/gnu/h-i686-mingw32/bin/../lib/gcc/nios2-elf/4.1.2/../../../../nios2-elf/lib\libc.a(lib_a-fvwrite.o)
                0x000048ec                __sfvwrite_r
 .text          0x00004d88      0x180 c:/altera/11.0sp1/nios2eds/bin/gnu/h-i686-mingw32/bin/../lib/gcc/nios2-elf/4.1.2/../../../../nios2-elf/lib\libc.a(lib_a-fwalk.o)
                0x00004d88                _fwalk_reent
                0x00004e50                _fwalk
 .text          0x00004f08        0x0 c:/altera/11.0sp1/nios2eds/bin/gnu/h-i686-mingw32/bin/../lib/gcc/nios2-elf/4.1.2/../../../../nios2-elf/lib\libc.a(lib_a-impure.o)
 .text          0x00004f08       0xc4 c:/altera/11.0sp1/nios2eds/bin/gnu/h-i686-mingw32/bin/../lib/gcc/nios2-elf/4.1.2/../../../../nios2-elf/lib\libc.a(lib_a-locale.o)
                0x00004f08                __locale_charset
                0x00004f10                _localeconv_r
                0x00004f1c                localeconv
                0x00004f2c                _setlocale_r
                0x00004fb0                setlocale
 .text          0x00004fcc      0x194 c:/altera/11.0sp1/nios2eds/bin/gnu/h-i686-mingw32/bin/../lib/gcc/nios2-elf/4.1.2/../../../../nios2-elf/lib\libc.a(lib_a-makebuf.o)
                0x00004fcc                __smakebuf_r
 .text          0x00005160      0x740 c:/altera/11.0sp1/nios2eds/bin/gnu/h-i686-mingw32/bin/../lib/gcc/nios2-elf/4.1.2/../../../../nios2-elf/lib\libc.a(lib_a-mallocr.o)
                0x00005160                _malloc_r
 .text          0x000058a0       0xe4 c:/altera/11.0sp1/nios2eds/bin/gnu/h-i686-mingw32/bin/../lib/gcc/nios2-elf/4.1.2/../../../../nios2-elf/lib\libc.a(lib_a-memchr.o)
                0x000058a0                memchr
 .text          0x00005984       0xa0 c:/altera/11.0sp1/nios2eds/bin/gnu/h-i686-mingw32/bin/../lib/gcc/nios2-elf/4.1.2/../../../../nios2-elf/lib\libc.a(lib_a-memcpy.o)
                0x00005984                memcpy
 .text          0x00005a24       0xe0 c:/altera/11.0sp1/nios2eds/bin/gnu/h-i686-mingw32/bin/../lib/gcc/nios2-elf/4.1.2/../../../../nios2-elf/lib\libc.a(lib_a-memmove.o)
                0x00005a24                memmove
 .text          0x00005b04       0x98 c:/altera/11.0sp1/nios2eds/bin/gnu/h-i686-mingw32/bin/../lib/gcc/nios2-elf/4.1.2/../../../../nios2-elf/lib\libc.a(lib_a-memset.o)
                0x00005b04                memset
 .text          0x00005b9c      0xff4 c:/altera/11.0sp1/nios2eds/bin/gnu/h-i686-mingw32/bin/../lib/gcc/nios2-elf/4.1.2/../../../../nios2-elf/lib\libc.a(lib_a-mprec.o)
                0x00005b9c                _Bfree
                0x00005bc4                __hi0bits
                0x00005c34                __lo0bits
                0x00005cf8                __mcmp
                0x00005d58                __ulp
                0x00005dd8                __b2d
                0x00005ef8                __ratio
                0x00005fa8                _mprec_log10
                0x0000603c                __copybits
                0x00006094                __any_on
                0x0000611c                _Balloc
                0x000061d8                __d2b
                0x00006354                __mdiff
                0x000064e0                __lshift
                0x0000662c                __multiply
                0x00006814                __i2b
                0x00006850                __multadd
                0x00006950                __pow5mult
                0x00006a70                __s2b
 .text          0x00006b90      0x5f4 c:/altera/11.0sp1/nios2eds/bin/gnu/h-i686-mingw32/bin/../lib/gcc/nios2-elf/4.1.2/../../../../nios2-elf/lib\libc.a(lib_a-reallocr.o)
                0x00006b90                _realloc_r
 .text          0x00007184       0x40 c:/altera/11.0sp1/nios2eds/bin/gnu/h-i686-mingw32/bin/../lib/gcc/nios2-elf/4.1.2/../../../../nios2-elf/lib\libc.a(lib_a-s_isinfd.o)
                0x00007184                __isinfd
 .text          0x000071c4       0x30 c:/altera/11.0sp1/nios2eds/bin/gnu/h-i686-mingw32/bin/../lib/gcc/nios2-elf/4.1.2/../../../../nios2-elf/lib\libc.a(lib_a-s_isnand.o)
                0x000071c4                __isnand
 .text          0x000071f4       0x70 c:/altera/11.0sp1/nios2eds/bin/gnu/h-i686-mingw32/bin/../lib/gcc/nios2-elf/4.1.2/../../../../nios2-elf/lib\libc.a(lib_a-sbrkr.o)
                0x000071f4                _sbrk_r
 .text          0x00007264      0x14c c:/altera/11.0sp1/nios2eds/bin/gnu/h-i686-mingw32/bin/../lib/gcc/nios2-elf/4.1.2/../../../../nios2-elf/lib\libc.a(lib_a-stdio.o)
                0x00007264                __sclose
                0x0000726c                __sseek
                0x000072d4                __swrite
                0x00007350                __sread
 .text          0x000073b0       0xbc c:/altera/11.0sp1/nios2eds/bin/gnu/h-i686-mingw32/bin/../lib/gcc/nios2-elf/4.1.2/../../../../nios2-elf/lib\libc.a(lib_a-strcmp.o)
                0x000073b0                strcmp
 .text          0x0000746c       0x78 c:/altera/11.0sp1/nios2eds/bin/gnu/h-i686-mingw32/bin/../lib/gcc/nios2-elf/4.1.2/../../../../nios2-elf/lib\libc.a(lib_a-writer.o)
                0x0000746c                _write_r
 .text          0x000074e4       0xb4 c:/altera/11.0sp1/nios2eds/bin/gnu/h-i686-mingw32/bin/../lib/gcc/nios2-elf/4.1.2/../../../../nios2-elf/lib\libc.a(lib_a-callocr.o)
                0x000074e4                _calloc_r
 .text          0x00007598       0x70 c:/altera/11.0sp1/nios2eds/bin/gnu/h-i686-mingw32/bin/../lib/gcc/nios2-elf/4.1.2/../../../../nios2-elf/lib\libc.a(lib_a-closer.o)
                0x00007598                _close_r
 .text          0x00007608      0x124 c:/altera/11.0sp1/nios2eds/bin/gnu/h-i686-mingw32/bin/../lib/gcc/nios2-elf/4.1.2/../../../../nios2-elf/lib\libc.a(lib_a-fclose.o)
                0x00007608                _fclose_r
                0x00007718                fclose
 .text          0x0000772c       0x74 c:/altera/11.0sp1/nios2eds/bin/gnu/h-i686-mingw32/bin/../lib/gcc/nios2-elf/4.1.2/../../../../nios2-elf/lib\libc.a(lib_a-fstatr.o)
                0x0000772c                _fstat_r
 .text          0x000077a0        0x0 c:/altera/11.0sp1/nios2eds/bin/gnu/h-i686-mingw32/bin/../lib/gcc/nios2-elf/4.1.2/../../../../nios2-elf/lib\libc.a(lib_a-int_errno.o)
 .text          0x000077a0       0x70 c:/altera/11.0sp1/nios2eds/bin/gnu/h-i686-mingw32/bin/../lib/gcc/nios2-elf/4.1.2/../../../../nios2-elf/lib\libc.a(lib_a-isattyr.o)
                0x000077a0                _isatty_r
 .text          0x00007810       0x78 c:/altera/11.0sp1/nios2eds/bin/gnu/h-i686-mingw32/bin/../lib/gcc/nios2-elf/4.1.2/../../../../nios2-elf/lib\libc.a(lib_a-lseekr.o)
                0x00007810                _lseek_r
 .text          0x00007888       0x78 c:/altera/11.0sp1/nios2eds/bin/gnu/h-i686-mingw32/bin/../lib/gcc/nios2-elf/4.1.2/../../../../nios2-elf/lib\libc.a(lib_a-readr.o)
                0x00007888                _read_r
 .text          0x00007900      0x5dc c:/altera/11.0sp1/nios2eds/bin/gnu/h-i686-mingw32/bin/../lib/gcc/nios2-elf/4.1.2\libgcc.a(_udivdi3.o)
                0x00007900                __udivdi3
 .text          0x00007edc      0x5b0 c:/altera/11.0sp1/nios2eds/bin/gnu/h-i686-mingw32/bin/../lib/gcc/nios2-elf/4.1.2\libgcc.a(_umoddi3.o)
                0x00007edc                __umoddi3
 .text          0x0000848c      0x504 c:/altera/11.0sp1/nios2eds/bin/gnu/h-i686-mingw32/bin/../lib/gcc/nios2-elf/4.1.2\libgcc.a(_addsub_df.o)
                0x0000889c                __subdf3
                0x0000891c                __adddf3
 .text          0x00008990      0x3c4 c:/altera/11.0sp1/nios2eds/bin/gnu/h-i686-mingw32/bin/../lib/gcc/nios2-elf/4.1.2\libgcc.a(_mul_df.o)
                0x00008990                __muldf3
 .text          0x00008d54      0x258 c:/altera/11.0sp1/nios2eds/bin/gnu/h-i686-mingw32/bin/../lib/gcc/nios2-elf/4.1.2\libgcc.a(_div_df.o)
                0x00008d54                __divdf3
 .text          0x00008fac       0x88 c:/altera/11.0sp1/nios2eds/bin/gnu/h-i686-mingw32/bin/../lib/gcc/nios2-elf/4.1.2\libgcc.a(_eq_df.o)
                0x00008fac                __eqdf2
 .text          0x00009034       0x88 c:/altera/11.0sp1/nios2eds/bin/gnu/h-i686-mingw32/bin/../lib/gcc/nios2-elf/4.1.2\libgcc.a(_ne_df.o)
                0x00009034                __nedf2
 .text          0x000090bc       0x88 c:/altera/11.0sp1/nios2eds/bin/gnu/h-i686-mingw32/bin/../lib/gcc/nios2-elf/4.1.2\libgcc.a(_gt_df.o)
                0x000090bc                __gtdf2
 .text          0x00009144       0x88 c:/altera/11.0sp1/nios2eds/bin/gnu/h-i686-mingw32/bin/../lib/gcc/nios2-elf/4.1.2\libgcc.a(_ge_df.o)
                0x00009144                __gedf2
 .text          0x000091cc       0x88 c:/altera/11.0sp1/nios2eds/bin/gnu/h-i686-mingw32/bin/../lib/gcc/nios2-elf/4.1.2\libgcc.a(_lt_df.o)
                0x000091cc                __ltdf2
 .text          0x00009254       0xf8 c:/altera/11.0sp1/nios2eds/bin/gnu/h-i686-mingw32/bin/../lib/gcc/nios2-elf/4.1.2\libgcc.a(_si_to_df.o)
                0x00009254                __floatsidf
 .text          0x0000934c       0xd8 c:/altera/11.0sp1/nios2eds/bin/gnu/h-i686-mingw32/bin/../lib/gcc/nios2-elf/4.1.2\libgcc.a(_df_to_si.o)
                0x0000934c                __fixdfsi
 .text          0x00009424        0x0 c:/altera/11.0sp1/nios2eds/bin/gnu/h-i686-mingw32/bin/../lib/gcc/nios2-elf/4.1.2\libgcc.a(_thenan_df.o)
 .text          0x00009424      0x194 c:/altera/11.0sp1/nios2eds/bin/gnu/h-i686-mingw32/bin/../lib/gcc/nios2-elf/4.1.2\libgcc.a(_usi_to_df.o)
                0x00009424                __floatunsidf
 .text          0x000095b8       0x98 c:/altera/11.0sp1/nios2eds/bin/gnu/h-i686-mingw32/bin/../lib/gcc/nios2-elf/4.1.2\libgcc.a(_muldi3.o)
                0x000095b8                __muldi3
 .text          0x00009650        0x0 c:/altera/11.0sp1/nios2eds/bin/gnu/h-i686-mingw32/bin/../lib/gcc/nios2-elf/4.1.2\libgcc.a(_clz.o)
 .text          0x00009650       0x80 c:/altera/11.0sp1/nios2eds/bin/gnu/h-i686-mingw32/bin/../lib/gcc/nios2-elf/4.1.2\libgcc.a(_clzsi2.o)
                0x00009650                __clzsi2
 .text          0x000096d0      0x314 c:/altera/11.0sp1/nios2eds/bin/gnu/h-i686-mingw32/bin/../lib/gcc/nios2-elf/4.1.2\libgcc.a(_pack_df.o)
                0x000096d0                __pack_d
 .text          0x000099e4      0x138 c:/altera/11.0sp1/nios2eds/bin/gnu/h-i686-mingw32/bin/../lib/gcc/nios2-elf/4.1.2\libgcc.a(_unpack_df.o)
                0x000099e4                __unpack_d
 .text          0x00009b1c       0xc8 c:/altera/11.0sp1/nios2eds/bin/gnu/h-i686-mingw32/bin/../lib/gcc/nios2-elf/4.1.2\libgcc.a(_fpcmp_parts_df.o)
                0x00009b1c                __fpcmp_parts_d
 .text          0x00009be4      0x15c ../testdma_bsp/\libucosii_bsp.a(alt_close.o)
                0x00009be4                close
 .text          0x00009d40       0x78 ../testdma_bsp/\libucosii_bsp.a(alt_dcache_flush.o)
                0x00009d40                alt_dcache_flush
 .text          0x00009db8       0x2c ../testdma_bsp/\libucosii_bsp.a(alt_dev.o)
 .text          0x00009de4        0x0 ../testdma_bsp/\libucosii_bsp.a(alt_errno.o)
 .text          0x00009de4      0x134 ../testdma_bsp/\libucosii_bsp.a(alt_fstat.o)
                0x00009de4                fstat
 .text          0x00009f18      0x120 ../testdma_bsp/\libucosii_bsp.a(alt_isatty.o)
                0x00009f18                isatty
 .text          0x0000a038       0xec ../testdma_bsp/\libucosii_bsp.a(alt_load.o)
                0x0000a038                alt_load
 .text          0x0000a124      0x150 ../testdma_bsp/\libucosii_bsp.a(alt_lseek.o)
                0x0000a124                lseek
 .text          0x0000a274       0xc8 ../testdma_bsp/\libucosii_bsp.a(alt_main.o)
                0x0000a274                alt_main
 .text          0x0000a33c      0x180 ../testdma_bsp/\libucosii_bsp.a(alt_read.o)
                0x0000a33c                read
 .text          0x0000a4bc       0x60 ../testdma_bsp/\libucosii_bsp.a(alt_release_fd.o)
                0x0000a4bc                alt_release_fd
 .text          0x0000a51c       0xbc ../testdma_bsp/\libucosii_bsp.a(alt_sbrk.o)
                0x0000a51c                sbrk
 .text          0x0000a5d8      0x180 ../testdma_bsp/\libucosii_bsp.a(alt_write.o)
                0x0000a5d8                write
 .text          0x0000a758      0x108 ../testdma_bsp/\libucosii_bsp.a(alt_env_lock.o)
                0x0000a758                __env_lock
                0x0000a804                __env_unlock
 .text          0x0000a860      0x1d8 ../testdma_bsp/\libucosii_bsp.a(alt_malloc_lock.o)
                0x0000a860                __malloc_lock
                0x0000a968                __malloc_unlock
 .text          0x0000aa38     0x2128 ../testdma_bsp/\libucosii_bsp.a(os_core.o)
                0x0000aa38                OSEventNameGet
                0x0000ab68                OSEventNameSet
                0x0000acac                OSEventPendMulti
                0x0000b360                OSInit
                0x0000b3b4                OSIntEnter
                0x0000b430                OSIntExit
                0x0000b530                OSSchedLock
                0x0000b5bc                OSSchedUnlock
                0x0000b6a0                OSStart
                0x0000b710                OSStatInit
                0x0000b7bc                OSTimeTick
                0x0000b9fc                OSVersion
                0x0000ba1c                OS_Dummy
                0x0000ba38                OS_EventTaskRdy
                0x0000bbcc                OS_EventTaskWait
                0x0000bcdc                OS_EventTaskWaitMulti
                0x0000be30                OS_EventTaskRemove
                0x0000bee8                OS_EventTaskRemoveMulti
                0x0000bfec                OS_EventWaitListInit
                0x0000c3b8                OS_MemClr
                0x0000c40c                OS_MemCopy
                0x0000c478                OS_Sched
                0x0000c5bc                OS_StrCopy
                0x0000c63c                OS_StrLen
                0x0000c694                OS_TaskIdle
                0x0000c6f0                OS_TaskStat
                0x0000c7b8                OS_TaskStatStkChk
                0x0000c880                OS_TCBInit
 .text          0x0000cb60      0x18c ../testdma_bsp/\libucosii_bsp.a(os_dbg.o)
                0x0000cb60                OSDebugInit
 .text          0x0000ccec     0x193c ../testdma_bsp/\libucosii_bsp.a(os_flag.o)
                0x0000ccec                OSFlagAccept
                0x0000d020                OSFlagCreate
                0x0000d15c                OSFlagDel
                0x0000d404                OSFlagNameGet
                0x0000d548                OSFlagNameSet
                0x0000d69c                OSFlagPend
                0x0000dce0                OSFlagPendGetFlagsRdy
                0x0000dd48                OSFlagPost
                0x0000e0f0                OSFlagQuery
                0x0000e388                OS_FlagInit
                0x0000e57c                OS_FlagUnlink
 .text          0x0000e628      0x808 ../testdma_bsp/\libucosii_bsp.a(os_mem.o)
                0x0000e628                OSMemCreate
                0x0000e844                OSMemGet
                0x0000e948                OSMemNameGet
                0x0000ea54                OSMemNameSet
                0x0000eb74                OSMemPut
                0x0000ec64                OSMemQuery
                0x0000ed60                OS_MemInit
 .text          0x0000ee30     0x1334 ../testdma_bsp/\libucosii_bsp.a(os_q.o)
                0x0000ee30                OSQAccept
                0x0000ef84                OSQCreate
                0x0000f198                OSQDel
                0x0000f498                OSQFlush
                0x0000f560                OSQPend
                0x0000f880                OSQPendAbort
                0x0000f9fc                OSQPost
                0x0000fb7c                OSQPostFront
                0x0000fd04                OSQPostOpt
                0x0000ff38                OSQQuery
                0x000100b8                OS_QInit
 .text          0x00010164      0xbc8 ../testdma_bsp/\libucosii_bsp.a(os_sem.o)
                0x00010164                OSSemAccept
                0x00010224                OSSemCreate
                0x00010338                OSSemDel
                0x000105d8                OSSemPend
                0x00010854                OSSemPendAbort
                0x000109d0                OSSemPost
                0x00010af8                OSSemQuery
                0x00010c28                OSSemSet
 .text          0x00010d2c     0x1a40 ../testdma_bsp/\libucosii_bsp.a(os_task.o)
                0x00010d2c                OSTaskChangePrio
                0x000112a0                OSTaskCreate
                0x00011474                OSTaskCreateExt
                0x00011674                OSTaskDel
                0x00011a80                OSTaskDelReq
                0x00011bf0                OSTaskNameGet
                0x00011da8                OSTaskNameSet
                0x00011f6c                OSTaskResume
                0x00012184                OSTaskStkChk
                0x00012380                OSTaskSuspend
                0x000125ac                OSTaskQuery
                0x000126f0                OS_TaskStkClr
 .text          0x0001276c      0x598 ../testdma_bsp/\libucosii_bsp.a(os_time.o)
                0x0001276c                OSTimeDly
                0x000128b8                OSTimeDlyHMSM
                0x00012a2c                OSTimeDlyResume
                0x00012c3c                OSTimeGet
                0x00012ca0                OSTimeSet
 .text          0x00012d04      0x124 ../testdma_bsp/\libucosii_bsp.a(alt_sys_init.o)
                0x00012d04                alt_irq_init
                0x00012d38                alt_sys_init
 .text          0x00012e28      0x8c8 ../testdma_bsp/\libucosii_bsp.a(altera_avalon_cfi_flash.o)
                0x00012e28                alt_flash_cfi_init
                0x00012efc                alt_flash_cfi_write
                0x000131bc                alt_flash_cfi_get_info
                0x0001324c                alt_flash_cfi_read
                0x000132b4                alt_write_value_to_flash
                0x00013418                alt_flash_program_block
 .text          0x000136f0     0x1448 ../testdma_bsp/\libucosii_bsp.a(altera_avalon_cfi_flash_table.o)
                0x000136f0                alt_read_query_entry_8bit
                0x00013730                alt_read_query_entry_16bit
                0x00013774                alt_read_query_entry_32bit
                0x000137bc                alt_write_flash_command_8bit_device_8bit_mode
                0x000137f8                alt_write_flash_command_16bit_device_8bit_mode
                0x00013874                alt_write_flash_command_32bit_device_8bit_mode
                0x000138bc                alt_write_flash_command_16bit_device_16bit_mode
                0x00013900                alt_write_flash_command_32bit_device_16bit_mode
                0x00013948                alt_write_flash_command_32bit_device_32bit_mode
                0x00013990                alt_write_native_8bit
                0x000139c4                alt_write_native_16bit
                0x000139f8                alt_write_native_32bit
                0x00013a28                alt_set_flash_width_func
                0x00013c08                alt_set_flash_algorithm_func
                0x00013d30                alt_read_cfi_table
                0x000142b0                alt_read_cfi_width
                0x00014a5c                alt_check_primary_table
 .text          0x00014b38      0x148 ../testdma_bsp/\libucosii_bsp.a(altera_avalon_jtag_uart_fd.o)
                0x00014b38                altera_avalon_jtag_uart_read_fd
                0x00014b90                altera_avalon_jtag_uart_write_fd
                0x00014be8                altera_avalon_jtag_uart_close_fd
                0x00014c30                altera_avalon_jtag_uart_ioctl_fd
 .text          0x00014c80      0x584 ../testdma_bsp/\libucosii_bsp.a(altera_avalon_jtag_uart_init.o)
                0x00014c80                altera_avalon_jtag_uart_init
                0x00015190                altera_avalon_jtag_uart_close
 .text          0x00015204       0xf4 ../testdma_bsp/\libucosii_bsp.a(altera_avalon_jtag_uart_ioctl.o)
                0x00015204                altera_avalon_jtag_uart_ioctl
 .text          0x000152f8      0x2c0 ../testdma_bsp/\libucosii_bsp.a(altera_avalon_jtag_uart_read.o)
                0x000152f8                altera_avalon_jtag_uart_read
 .text          0x000155b8      0x2dc ../testdma_bsp/\libucosii_bsp.a(altera_avalon_jtag_uart_write.o)
                0x000155b8                altera_avalon_jtag_uart_write
 .text          0x00015894      0xf3c ../testdma_bsp/\libucosii_bsp.a(altera_avalon_lcd_16207.o)
                0x00016068                altera_avalon_lcd_16207_write
                0x0001666c                altera_avalon_lcd_16207_init
 .text          0x000167d0       0x58 ../testdma_bsp/\libucosii_bsp.a(altera_avalon_lcd_16207_fd.o)
                0x000167d0                altera_avalon_lcd_16207_write_fd
 .text          0x00016828      0xde4 ../testdma_bsp/\libucosii_bsp.a(altera_avalon_sgdma.o)
                0x00016828                alt_avalon_sgdma_do_async_transfer
                0x00016964                alt_avalon_sgdma_do_sync_transfer
                0x00016a88                alt_avalon_sgdma_construct_mem_to_mem_desc
                0x00016af8                alt_avalon_sgdma_construct_mem_to_mem_desc_burst
                0x00016b78                alt_avalon_sgdma_construct_stream_to_mem_desc
                0x00016bcc                alt_avalon_sgdma_construct_stream_to_mem_desc_burst
                0x00016c3c                alt_avalon_sgdma_construct_mem_to_stream_desc
                0x00016cb0                alt_avalon_sgdma_construct_mem_to_stream_desc_burst
                0x00016d34                alt_avalon_sgdma_register_callback
                0x00016d84                alt_avalon_sgdma_start
                0x00016dd8                alt_avalon_sgdma_stop
                0x00016e30                alt_avalon_sgdma_check_descriptor_status
                0x00016ea0                alt_avalon_sgdma_open
                0x00016f58                alt_avalon_sgdma_construct_descriptor
                0x00016fe0                alt_avalon_sgdma_enable_desc_poll
                0x0001705c                alt_avalon_sgdma_disable_desc_poll
                0x000170b8                alt_avalon_sgdma_construct_descriptor_burst
                0x00017560                alt_avalon_sgdma_init
 .text          0x0001760c      0x100 ../testdma_bsp/\libucosii_bsp.a(altera_avalon_timer_sc.o)
                0x0001767c                alt_avalon_timer_sc_init
 .text          0x0001770c      0x154 ../testdma_bsp/\libucosii_bsp.a(alt_alarm_start.o)
                0x0001770c                alt_alarm_start
 .text          0x00017860       0x44 ../testdma_bsp/\libucosii_bsp.a(alt_dcache_flush_all.o)
                0x00017860                alt_dcache_flush_all
 .text          0x000178a4      0x114 ../testdma_bsp/\libucosii_bsp.a(alt_dev_llist_insert.o)
                0x000178a4                alt_dev_llist_insert
 .text          0x000179b8       0x64 ../testdma_bsp/\libucosii_bsp.a(alt_do_ctors.o)
                0x000179b8                _do_ctors
 .text          0x00017a1c       0x64 ../testdma_bsp/\libucosii_bsp.a(alt_do_dtors.o)
                0x00017a1c                _do_dtors
 .text          0x00017a80       0x94 ../testdma_bsp/\libucosii_bsp.a(alt_find_dev.o)
                0x00017a80                alt_find_dev
 .text          0x00017b14       0xd0 ../testdma_bsp/\libucosii_bsp.a(alt_flash_dev.o)
                0x00017b14                alt_flash_open_dev
                0x00017b90                alt_flash_close_dev
 .text          0x00017be4       0x30 ../testdma_bsp/\libucosii_bsp.a(alt_icache_flush_all.o)
                0x00017be4                alt_icache_flush_all
 .text          0x00017c14      0x1d4 ../testdma_bsp/\libucosii_bsp.a(alt_iic.o)
                0x00017c14                alt_ic_isr_register
                0x00017c64                alt_ic_irq_enable
                0x00017d00                alt_ic_irq_disable
                0x00017da0                alt_ic_irq_enabled
 .text          0x00017de8       0xf8 ../testdma_bsp/\libucosii_bsp.a(alt_iic_isr_register.o)
                0x00017de8                alt_iic_isr_register
 .text          0x00017ee0      0x13c ../testdma_bsp/\libucosii_bsp.a(alt_io_redirect.o)
                0x00017fa4                alt_io_redirect
 .text          0x0001801c        0x0 ../testdma_bsp/\libucosii_bsp.a(alt_irq_entry.o)
 .text          0x0001801c        0x0 ../testdma_bsp/\libucosii_bsp.a(alt_irq_handler.o)
 .text          0x0001801c        0x0 ../testdma_bsp/\libucosii_bsp.a(alt_irq_vars.o)
 .text          0x0001801c      0x2c4 ../testdma_bsp/\libucosii_bsp.a(alt_open.o)
                0x000180f8                open
 .text          0x000182e0       0x40 ../testdma_bsp/\libucosii_bsp.a(alt_remap_uncached.o)
                0x000182e0                alt_remap_uncached
 .text          0x00018320      0x1a8 ../testdma_bsp/\libucosii_bsp.a(alt_tick.o)
                0x00018320                alt_alarm_stop
                0x000183b8                alt_tick
 .text          0x000184c8      0x118 ../testdma_bsp/\libucosii_bsp.a(alt_usleep.o)
                0x000184c8                usleep
 .text          0x000185e0       0x20 ../testdma_bsp/\libucosii_bsp.a(altera_nios2_irq.o)
                0x000185e0                altera_nios2_irq_init
 .text          0x00018600       0xd0 ../testdma_bsp/\libucosii_bsp.a(os_cpu_a.o)
                0x00018600                OSCtxSw
                0x00018600                OSIntCtxSw
                0x0001868c                OSStartHighRdy
                0x000186ac                OSStartTsk
 .text          0x000186d0      0x418 ../testdma_bsp/\libucosii_bsp.a(os_cpu_c.o)
                0x000186d0                OSTaskStkInit
                0x000189e0                OSTaskCreateHook
                0x00018a00                OSTaskDelHook
                0x00018a20                OSTaskSwHook
                0x00018a3c                OSTaskStatHook
                0x00018a58                OSTimeTickHook
                0x00018a74                OSInitHookBegin
                0x00018a90                OSInitHookEnd
                0x00018aac                OSTaskIdleHook
                0x00018ac8                OSTCBInitHook
 .text          0x00018ae8      0x460 ../testdma_bsp/\libucosii_bsp.a(altera_avalon_cfi_flash_amd.o)
                0x00018ae8                alt_program_amd
                0x00018b50                alt_erase_block_amd
 .text          0x00018f48      0x460 ../testdma_bsp/\libucosii_bsp.a(altera_avalon_cfi_flash_intel.o)
                0x00018f48                alt_program_intel
                0x00018fcc                alt_erase_block_intel
 .text          0x000193a8      0x14c ../testdma_bsp/\libucosii_bsp.a(alt_busy_sleep.o)
                0x000193a8                alt_busy_sleep
 .text          0x000194f4        0x0 ../testdma_bsp/\libucosii_bsp.a(alt_exception_entry.o)
 .text          0x000194f4      0x120 ../testdma_bsp/\libucosii_bsp.a(alt_find_file.o)
                0x000194f4                alt_find_file
 .text          0x00019614       0xf4 ../testdma_bsp/\libucosii_bsp.a(alt_get_fd.o)
                0x00019614                alt_get_fd
 .text          0x00019708       0x90 ../testdma_bsp/\libucosii_bsp.a(alt_icache_flush.o)
                0x00019708                alt_icache_flush
 .text          0x00019798       0x14 c:/altera/11.0sp1/nios2eds/bin/gnu/h-i686-mingw32/bin/../lib/gcc/nios2-elf/4.1.2/../../../../nios2-elf/lib\libc.a(lib_a-atexit.o)
                0x00019798                atexit
 .text          0x000197ac        0x0 c:/altera/11.0sp1/nios2eds/bin/gnu/h-i686-mingw32/bin/../lib/gcc/nios2-elf/4.1.2/../../../../nios2-elf/lib\libc.a(lib_a-ctype_.o)
 .text          0x000197ac       0x38 c:/altera/11.0sp1/nios2eds/bin/gnu/h-i686-mingw32/bin/../lib/gcc/nios2-elf/4.1.2/../../../../nios2-elf/lib\libc.a(lib_a-exit.o)
                0x000197ac                exit
 .text          0x000197e4       0x74 c:/altera/11.0sp1/nios2eds/bin/gnu/h-i686-mingw32/bin/../lib/gcc/nios2-elf/4.1.2/../../../../nios2-elf/lib\libc.a(lib_a-memcmp.o)
                0x000197e4                memcmp
 .text          0x00019858      0x134 c:/altera/11.0sp1/nios2eds/bin/gnu/h-i686-mingw32/bin/../lib/gcc/nios2-elf/4.1.2/../../../../nios2-elf/lib\libc.a(lib_a-__atexit.o)
                0x00019858                __register_exitproc
 .text          0x0001998c      0x1b4 c:/altera/11.0sp1/nios2eds/bin/gnu/h-i686-mingw32/bin/../lib/gcc/nios2-elf/4.1.2/../../../../nios2-elf/lib\libc.a(lib_a-__call_atexit.o)
                0x00019990                __call_exitprocs
 .text          0x00019b40       0x6c ../testdma_bsp/\libucosii_bsp.a(alt_exit.o)
                0x00019b80                _exit
 *(.gnu.warning.*)
 *(.fini)
                0x00019bac                PROVIDE (__etext, ABSOLUTE (.))
                0x00019bac                PROVIDE (_etext, ABSOLUTE (.))
                0x00019bac                PROVIDE (etext, ABSOLUTE (.))
 *(.eh_frame_hdr)
                0x00019bac                . = ALIGN (0x4)
                0x00019bac                PROVIDE (__preinit_array_start, ABSOLUTE (.))
 *(.preinit_array)
                0x00019bac                PROVIDE (__preinit_array_end, ABSOLUTE (.))
                0x00019bac                PROVIDE (__init_array_start, ABSOLUTE (.))
 *(.init_array)
                0x00019bac                PROVIDE (__init_array_end, ABSOLUTE (.))
                0x00019bac                PROVIDE (__fini_array_start, ABSOLUTE (.))
 *(.fini_array)
                0x00019bac                PROVIDE (__fini_array_end, ABSOLUTE (.))
 *(.eh_frame)
 .eh_frame      0x00019bac       0x40 c:/altera/11.0sp1/nios2eds/bin/gnu/h-i686-mingw32/bin/../lib/gcc/nios2-elf/4.1.2\libgcc.a(_udivdi3.o)
 .eh_frame      0x00019bec       0x2c c:/altera/11.0sp1/nios2eds/bin/gnu/h-i686-mingw32/bin/../lib/gcc/nios2-elf/4.1.2\libgcc.a(_umoddi3.o)
                                 0x40 (size before relaxing)
 *(.gcc_except_table)
 *(.dynamic)
                0x00019c18                PROVIDE (__CTOR_LIST__, ABSOLUTE (.))
 *(.ctors)
 *(SORT(.ctors.*))
 .ctors.65535   0x00019c18        0x4 c:/altera/11.0sp1/nios2eds/bin/gnu/h-i686-mingw32/bin/../lib/gcc/nios2-elf/4.1.2/../../../../nios2-elf/lib\libc.a(lib_a-__call_atexit.o)
                0x00019c1c                PROVIDE (__CTOR_END__, ABSOLUTE (.))
                0x00019c1c                PROVIDE (__DTOR_LIST__, ABSOLUTE (.))
 *(.dtors)
 *(SORT(.dtors.*))
                0x00019c1c                PROVIDE (__DTOR_END__, ABSOLUTE (.))
 *(.jcr)
                0x00019c1c                . = ALIGN (0x4)

.rodata         0x00019c1c      0x770
                0x00019c1c                PROVIDE (__ram_rodata_start, ABSOLUTE (.))
                0x00019c1c                . = ALIGN (0x4)
 *(.rodata .rodata.* .gnu.linkonce.r.*)
 .rodata        0x00019c1c       0x40 obj/hello_ucosii.o
 .rodata.str1.4
                0x00019c5c        0x2 c:/altera/11.0sp1/nios2eds/bin/gnu/h-i686-mingw32/bin/../lib/gcc/nios2-elf/4.1.2/../../../../nios2-elf/lib\libc.a(lib_a-puts.o)
                                  0x4 (size before relaxing)
 *fill*         0x00019c5e        0x2 00
 .rodata.str1.4
                0x00019c60       0x5e c:/altera/11.0sp1/nios2eds/bin/gnu/h-i686-mingw32/bin/../lib/gcc/nios2-elf/4.1.2/../../../../nios2-elf/lib\libc.a(lib_a-vfprintf.o)
                                 0x60 (size before relaxing)
 .rodata        0x00019cbe       0x20 c:/altera/11.0sp1/nios2eds/bin/gnu/h-i686-mingw32/bin/../lib/gcc/nios2-elf/4.1.2/../../../../nios2-elf/lib\libc.a(lib_a-vfprintf.o)
 *fill*         0x00019cde        0x2 00
 .rodata.str1.4
                0x00019ce0       0x10 c:/altera/11.0sp1/nios2eds/bin/gnu/h-i686-mingw32/bin/../lib/gcc/nios2-elf/4.1.2/../../../../nios2-elf/lib\libc.a(lib_a-dtoa.o)
                                 0x14 (size before relaxing)
 .rodata.str1.4
                0x00019cf0        0x2 c:/altera/11.0sp1/nios2eds/bin/gnu/h-i686-mingw32/bin/../lib/gcc/nios2-elf/4.1.2/../../../../nios2-elf/lib\libc.a(lib_a-impure.o)
                                  0x4 (size before relaxing)
 *fill*         0x00019cf2        0x2 00
 .rodata.str1.4
                0x00019cf4       0x10 c:/altera/11.0sp1/nios2eds/bin/gnu/h-i686-mingw32/bin/../lib/gcc/nios2-elf/4.1.2/../../../../nios2-elf/lib\libc.a(lib_a-locale.o)
                                 0x18 (size before relaxing)
 .rodata        0x00019d04       0x30 c:/altera/11.0sp1/nios2eds/bin/gnu/h-i686-mingw32/bin/../lib/gcc/nios2-elf/4.1.2/../../../../nios2-elf/lib\libc.a(lib_a-locale.o)
 .rodata        0x00019d34      0x124 c:/altera/11.0sp1/nios2eds/bin/gnu/h-i686-mingw32/bin/../lib/gcc/nios2-elf/4.1.2/../../../../nios2-elf/lib\libc.a(lib_a-mprec.o)
                0x00019d34                __mprec_tens
                0x00019dfc                __mprec_bigtens
                0x00019e24                __mprec_tinytens
 .rodata        0x00019e58       0x14 c:/altera/11.0sp1/nios2eds/bin/gnu/h-i686-mingw32/bin/../lib/gcc/nios2-elf/4.1.2\libgcc.a(_thenan_df.o)
                0x00019e58                __thenan_df
 .rodata        0x00019e6c      0x100 c:/altera/11.0sp1/nios2eds/bin/gnu/h-i686-mingw32/bin/../lib/gcc/nios2-elf/4.1.2\libgcc.a(_clz.o)
                0x00019e6c                __clz_tab
 .rodata        0x00019f6c        0xc ../testdma_bsp/\libucosii_bsp.a(alt_dev.o)
 .rodata        0x00019f78       0x10 ../testdma_bsp/\libucosii_bsp.a(alt_main.o)
 .rodata        0x00019f88      0x120 ../testdma_bsp/\libucosii_bsp.a(os_core.o)
                0x00019f88                OSUnMapTbl
 .rodata        0x0001a0a8       0x5c ../testdma_bsp/\libucosii_bsp.a(alt_sys_init.o)
 .rodata        0x0001a104        0x4 ../testdma_bsp/\libucosii_bsp.a(os_cpu_c.o)
 .rodata        0x0001a108      0x281 c:/altera/11.0sp1/nios2eds/bin/gnu/h-i686-mingw32/bin/../lib/gcc/nios2-elf/4.1.2/../../../../nios2-elf/lib\libc.a(lib_a-ctype_.o)
                0x0001a108                _ctype_
 *(.rodata1)
                0x0001a38c                . = ALIGN (0x4)
 *fill*         0x0001a389        0x3 00
                0x0001a38c                PROVIDE (__ram_rodata_end, ABSOLUTE (.))
                0x00019c1c                PROVIDE (__flash_rodata_start, LOADADDR (.rodata))

.rwdata         0x0001a38c     0x1d88 load address 0x0001c114
                0x0001a38c                PROVIDE (__ram_rwdata_start, ABSOLUTE (.))
                0x0001a38c                . = ALIGN (0x4)
 *(.got.plt)
 *(.got)
 *(.data1)
 *(.data .data.* .gnu.linkonce.d.*)
 .data          0x0001a38c        0x0 ../testdma_bsp//obj/HAL/src/crt0.o
 .data          0x0001a38c        0x0 obj/hello_ucosii.o
 .data          0x0001a38c        0x0 c:/altera/11.0sp1/nios2eds/bin/gnu/h-i686-mingw32/bin/../lib/gcc/nios2-elf/4.1.2\libgcc.a(lib2-divmod.o)
 .data          0x0001a38c        0x0 c:/altera/11.0sp1/nios2eds/bin/gnu/h-i686-mingw32/bin/../lib/gcc/nios2-elf/4.1.2/../../../../nios2-elf/lib\libc.a(lib_a-printf.o)
 .data          0x0001a38c        0x0 c:/altera/11.0sp1/nios2eds/bin/gnu/h-i686-mingw32/bin/../lib/gcc/nios2-elf/4.1.2/../../../../nios2-elf/lib\libc.a(lib_a-puts.o)
 .data          0x0001a38c        0x0 c:/altera/11.0sp1/nios2eds/bin/gnu/h-i686-mingw32/bin/../lib/gcc/nios2-elf/4.1.2/../../../../nios2-elf/lib\libc.a(lib_a-strlen.o)
 .data          0x0001a38c        0x0 c:/altera/11.0sp1/nios2eds/bin/gnu/h-i686-mingw32/bin/../lib/gcc/nios2-elf/4.1.2/../../../../nios2-elf/lib\libc.a(lib_a-vfprintf.o)
 .data          0x0001a38c        0x0 c:/altera/11.0sp1/nios2eds/bin/gnu/h-i686-mingw32/bin/../lib/gcc/nios2-elf/4.1.2/../../../../nios2-elf/lib\libc.a(lib_a-wsetup.o)
 .data          0x0001a38c        0x0 c:/altera/11.0sp1/nios2eds/bin/gnu/h-i686-mingw32/bin/../lib/gcc/nios2-elf/4.1.2/../../../../nios2-elf/lib\libc.a(lib_a-dtoa.o)
 .data          0x0001a38c        0x0 c:/altera/11.0sp1/nios2eds/bin/gnu/h-i686-mingw32/bin/../lib/gcc/nios2-elf/4.1.2/../../../../nios2-elf/lib\libc.a(lib_a-fflush.o)
 .data          0x0001a38c        0x0 c:/altera/11.0sp1/nios2eds/bin/gnu/h-i686-mingw32/bin/../lib/gcc/nios2-elf/4.1.2/../../../../nios2-elf/lib\libc.a(lib_a-findfp.o)
 .data          0x0001a38c        0x0 c:/altera/11.0sp1/nios2eds/bin/gnu/h-i686-mingw32/bin/../lib/gcc/nios2-elf/4.1.2/../../../../nios2-elf/lib\libc.a(lib_a-freer.o)
 .data          0x0001a38c        0x0 c:/altera/11.0sp1/nios2eds/bin/gnu/h-i686-mingw32/bin/../lib/gcc/nios2-elf/4.1.2/../../../../nios2-elf/lib\libc.a(lib_a-fvwrite.o)
 .data          0x0001a38c        0x0 c:/altera/11.0sp1/nios2eds/bin/gnu/h-i686-mingw32/bin/../lib/gcc/nios2-elf/4.1.2/../../../../nios2-elf/lib\libc.a(lib_a-fwalk.o)
 .data          0x0001a38c      0x400 c:/altera/11.0sp1/nios2eds/bin/gnu/h-i686-mingw32/bin/../lib/gcc/nios2-elf/4.1.2/../../../../nios2-elf/lib\libc.a(lib_a-impure.o)
 .data          0x0001a78c        0xc c:/altera/11.0sp1/nios2eds/bin/gnu/h-i686-mingw32/bin/../lib/gcc/nios2-elf/4.1.2/../../../../nios2-elf/lib\libc.a(lib_a-locale.o)
                0x0001a78c                __lc_ctype
 .data          0x0001a798        0x0 c:/altera/11.0sp1/nios2eds/bin/gnu/h-i686-mingw32/bin/../lib/gcc/nios2-elf/4.1.2/../../../../nios2-elf/lib\libc.a(lib_a-makebuf.o)
 .data          0x0001a798      0x408 c:/altera/11.0sp1/nios2eds/bin/gnu/h-i686-mingw32/bin/../lib/gcc/nios2-elf/4.1.2/../../../../nios2-elf/lib\libc.a(lib_a-mallocr.o)
                0x0001a798                __malloc_av_
 .data          0x0001aba0        0x0 c:/altera/11.0sp1/nios2eds/bin/gnu/h-i686-mingw32/bin/../lib/gcc/nios2-elf/4.1.2/../../../../nios2-elf/lib\libc.a(lib_a-memchr.o)
 .data          0x0001aba0        0x0 c:/altera/11.0sp1/nios2eds/bin/gnu/h-i686-mingw32/bin/../lib/gcc/nios2-elf/4.1.2/../../../../nios2-elf/lib\libc.a(lib_a-memcpy.o)
 .data          0x0001aba0        0x0 c:/altera/11.0sp1/nios2eds/bin/gnu/h-i686-mingw32/bin/../lib/gcc/nios2-elf/4.1.2/../../../../nios2-elf/lib\libc.a(lib_a-memmove.o)
 .data          0x0001aba0        0x0 c:/altera/11.0sp1/nios2eds/bin/gnu/h-i686-mingw32/bin/../lib/gcc/nios2-elf/4.1.2/../../../../nios2-elf/lib\libc.a(lib_a-memset.o)
 .data          0x0001aba0        0x0 c:/altera/11.0sp1/nios2eds/bin/gnu/h-i686-mingw32/bin/../lib/gcc/nios2-elf/4.1.2/../../../../nios2-elf/lib\libc.a(lib_a-mprec.o)
 .data          0x0001aba0        0x0 c:/altera/11.0sp1/nios2eds/bin/gnu/h-i686-mingw32/bin/../lib/gcc/nios2-elf/4.1.2/../../../../nios2-elf/lib\libc.a(lib_a-reallocr.o)
 .data          0x0001aba0        0x0 c:/altera/11.0sp1/nios2eds/bin/gnu/h-i686-mingw32/bin/../lib/gcc/nios2-elf/4.1.2/../../../../nios2-elf/lib\libc.a(lib_a-s_isinfd.o)
 .data          0x0001aba0        0x0 c:/altera/11.0sp1/nios2eds/bin/gnu/h-i686-mingw32/bin/../lib/gcc/nios2-elf/4.1.2/../../../../nios2-elf/lib\libc.a(lib_a-s_isnand.o)
 .data          0x0001aba0        0x0 c:/altera/11.0sp1/nios2eds/bin/gnu/h-i686-mingw32/bin/../lib/gcc/nios2-elf/4.1.2/../../../../nios2-elf/lib\libc.a(lib_a-sbrkr.o)
 .data          0x0001aba0        0x0 c:/altera/11.0sp1/nios2eds/bin/gnu/h-i686-mingw32/bin/../lib/gcc/nios2-elf/4.1.2/../../../../nios2-elf/lib\libc.a(lib_a-stdio.o)
 .data          0x0001aba0        0x0 c:/altera/11.0sp1/nios2eds/bin/gnu/h-i686-mingw32/bin/../lib/gcc/nios2-elf/4.1.2/../../../../nios2-elf/lib\libc.a(lib_a-strcmp.o)
 .data          0x0001aba0        0x0 c:/altera/11.0sp1/nios2eds/bin/gnu/h-i686-mingw32/bin/../lib/gcc/nios2-elf/4.1.2/../../../../nios2-elf/lib\libc.a(lib_a-writer.o)
 .data          0x0001aba0        0x0 c:/altera/11.0sp1/nios2eds/bin/gnu/h-i686-mingw32/bin/../lib/gcc/nios2-elf/4.1.2/../../../../nios2-elf/lib\libc.a(lib_a-callocr.o)
 .data          0x0001aba0        0x0 c:/altera/11.0sp1/nios2eds/bin/gnu/h-i686-mingw32/bin/../lib/gcc/nios2-elf/4.1.2/../../../../nios2-elf/lib\libc.a(lib_a-closer.o)
 .data          0x0001aba0        0x0 c:/altera/11.0sp1/nios2eds/bin/gnu/h-i686-mingw32/bin/../lib/gcc/nios2-elf/4.1.2/../../../../nios2-elf/lib\libc.a(lib_a-fclose.o)
 .data          0x0001aba0        0x0 c:/altera/11.0sp1/nios2eds/bin/gnu/h-i686-mingw32/bin/../lib/gcc/nios2-elf/4.1.2/../../../../nios2-elf/lib\libc.a(lib_a-fstatr.o)
 .data          0x0001aba0        0x0 c:/altera/11.0sp1/nios2eds/bin/gnu/h-i686-mingw32/bin/../lib/gcc/nios2-elf/4.1.2/../../../../nios2-elf/lib\libc.a(lib_a-int_errno.o)
 .data          0x0001aba0        0x0 c:/altera/11.0sp1/nios2eds/bin/gnu/h-i686-mingw32/bin/../lib/gcc/nios2-elf/4.1.2/../../../../nios2-elf/lib\libc.a(lib_a-isattyr.o)
 .data          0x0001aba0        0x0 c:/altera/11.0sp1/nios2eds/bin/gnu/h-i686-mingw32/bin/../lib/gcc/nios2-elf/4.1.2/../../../../nios2-elf/lib\libc.a(lib_a-lseekr.o)
 .data          0x0001aba0        0x0 c:/altera/11.0sp1/nios2eds/bin/gnu/h-i686-mingw32/bin/../lib/gcc/nios2-elf/4.1.2/../../../../nios2-elf/lib\libc.a(lib_a-readr.o)
 .data          0x0001aba0        0x0 c:/altera/11.0sp1/nios2eds/bin/gnu/h-i686-mingw32/bin/../lib/gcc/nios2-elf/4.1.2\libgcc.a(_udivdi3.o)
 .data          0x0001aba0        0x0 c:/altera/11.0sp1/nios2eds/bin/gnu/h-i686-mingw32/bin/../lib/gcc/nios2-elf/4.1.2\libgcc.a(_umoddi3.o)
 .data          0x0001aba0        0x0 c:/altera/11.0sp1/nios2eds/bin/gnu/h-i686-mingw32/bin/../lib/gcc/nios2-elf/4.1.2\libgcc.a(_addsub_df.o)
 .data          0x0001aba0        0x0 c:/altera/11.0sp1/nios2eds/bin/gnu/h-i686-mingw32/bin/../lib/gcc/nios2-elf/4.1.2\libgcc.a(_mul_df.o)
 .data          0x0001aba0        0x0 c:/altera/11.0sp1/nios2eds/bin/gnu/h-i686-mingw32/bin/../lib/gcc/nios2-elf/4.1.2\libgcc.a(_div_df.o)
 .data          0x0001aba0        0x0 c:/altera/11.0sp1/nios2eds/bin/gnu/h-i686-mingw32/bin/../lib/gcc/nios2-elf/4.1.2\libgcc.a(_eq_df.o)
 .data          0x0001aba0        0x0 c:/altera/11.0sp1/nios2eds/bin/gnu/h-i686-mingw32/bin/../lib/gcc/nios2-elf/4.1.2\libgcc.a(_ne_df.o)
 .data          0x0001aba0        0x0 c:/altera/11.0sp1/nios2eds/bin/gnu/h-i686-mingw32/bin/../lib/gcc/nios2-elf/4.1.2\libgcc.a(_gt_df.o)
 .data          0x0001aba0        0x0 c:/altera/11.0sp1/nios2eds/bin/gnu/h-i686-mingw32/bin/../lib/gcc/nios2-elf/4.1.2\libgcc.a(_ge_df.o)
 .data          0x0001aba0        0x0 c:/altera/11.0sp1/nios2eds/bin/gnu/h-i686-mingw32/bin/../lib/gcc/nios2-elf/4.1.2\libgcc.a(_lt_df.o)
 .data          0x0001aba0        0x0 c:/altera/11.0sp1/nios2eds/bin/gnu/h-i686-mingw32/bin/../lib/gcc/nios2-elf/4.1.2\libgcc.a(_si_to_df.o)
 .data          0x0001aba0        0x0 c:/altera/11.0sp1/nios2eds/bin/gnu/h-i686-mingw32/bin/../lib/gcc/nios2-elf/4.1.2\libgcc.a(_df_to_si.o)
 .data          0x0001aba0        0x0 c:/altera/11.0sp1/nios2eds/bin/gnu/h-i686-mingw32/bin/../lib/gcc/nios2-elf/4.1.2\libgcc.a(_thenan_df.o)
 .data          0x0001aba0        0x0 c:/altera/11.0sp1/nios2eds/bin/gnu/h-i686-mingw32/bin/../lib/gcc/nios2-elf/4.1.2\libgcc.a(_usi_to_df.o)
 .data          0x0001aba0        0x0 c:/altera/11.0sp1/nios2eds/bin/gnu/h-i686-mingw32/bin/../lib/gcc/nios2-elf/4.1.2\libgcc.a(_muldi3.o)
 .data          0x0001aba0        0x0 c:/altera/11.0sp1/nios2eds/bin/gnu/h-i686-mingw32/bin/../lib/gcc/nios2-elf/4.1.2\libgcc.a(_clz.o)
 .data          0x0001aba0        0x0 c:/altera/11.0sp1/nios2eds/bin/gnu/h-i686-mingw32/bin/../lib/gcc/nios2-elf/4.1.2\libgcc.a(_clzsi2.o)
 .data          0x0001aba0        0x0 c:/altera/11.0sp1/nios2eds/bin/gnu/h-i686-mingw32/bin/../lib/gcc/nios2-elf/4.1.2\libgcc.a(_pack_df.o)
 .data          0x0001aba0        0x0 c:/altera/11.0sp1/nios2eds/bin/gnu/h-i686-mingw32/bin/../lib/gcc/nios2-elf/4.1.2\libgcc.a(_unpack_df.o)
 .data          0x0001aba0        0x0 c:/altera/11.0sp1/nios2eds/bin/gnu/h-i686-mingw32/bin/../lib/gcc/nios2-elf/4.1.2\libgcc.a(_fpcmp_parts_df.o)
 .data          0x0001aba0        0x0 ../testdma_bsp/\libucosii_bsp.a(alt_close.o)
 .data          0x0001aba0        0x0 ../testdma_bsp/\libucosii_bsp.a(alt_dcache_flush.o)
 .data          0x0001aba0      0x1a8 ../testdma_bsp/\libucosii_bsp.a(alt_dev.o)
                0x0001aba0                alt_dev_null
                0x0001abc8                alt_fd_list
 .data          0x0001ad48        0x0 ../testdma_bsp/\libucosii_bsp.a(alt_errno.o)
 .data          0x0001ad48        0x0 ../testdma_bsp/\libucosii_bsp.a(alt_fstat.o)
 .data          0x0001ad48        0x0 ../testdma_bsp/\libucosii_bsp.a(alt_isatty.o)
 .data          0x0001ad48        0x0 ../testdma_bsp/\libucosii_bsp.a(alt_load.o)
 .data          0x0001ad48        0x0 ../testdma_bsp/\libucosii_bsp.a(alt_lseek.o)
 .data          0x0001ad48        0x0 ../testdma_bsp/\libucosii_bsp.a(alt_main.o)
 .data          0x0001ad48        0x0 ../testdma_bsp/\libucosii_bsp.a(alt_read.o)
 .data          0x0001ad48        0x0 ../testdma_bsp/\libucosii_bsp.a(alt_release_fd.o)
 .data          0x0001ad48        0x0 ../testdma_bsp/\libucosii_bsp.a(alt_sbrk.o)
 .data          0x0001ad48        0x0 ../testdma_bsp/\libucosii_bsp.a(alt_write.o)
 .data          0x0001ad48        0x0 ../testdma_bsp/\libucosii_bsp.a(alt_env_lock.o)
 .data          0x0001ad48        0x0 ../testdma_bsp/\libucosii_bsp.a(alt_malloc_lock.o)
 .data          0x0001ad48        0x0 ../testdma_bsp/\libucosii_bsp.a(os_core.o)
 .data          0x0001ad48        0x0 ../testdma_bsp/\libucosii_bsp.a(os_dbg.o)
 .data          0x0001ad48        0x0 ../testdma_bsp/\libucosii_bsp.a(os_flag.o)
 .data          0x0001ad48        0x0 ../testdma_bsp/\libucosii_bsp.a(os_mem.o)
 .data          0x0001ad48        0x0 ../testdma_bsp/\libucosii_bsp.a(os_q.o)
 .data          0x0001ad48        0x0 ../testdma_bsp/\libucosii_bsp.a(os_sem.o)
 .data          0x0001ad48        0x0 ../testdma_bsp/\libucosii_bsp.a(os_task.o)
 .data          0x0001ad48        0x0 ../testdma_bsp/\libucosii_bsp.a(os_time.o)
 .data          0x0001ad48     0x12f8 ../testdma_bsp/\libucosii_bsp.a(alt_sys_init.o)
 .data          0x0001c040        0x0 ../testdma_bsp/\libucosii_bsp.a(altera_avalon_cfi_flash.o)
 .data          0x0001c040        0x0 ../testdma_bsp/\libucosii_bsp.a(altera_avalon_cfi_flash_table.o)
 .data          0x0001c040        0x0 ../testdma_bsp/\libucosii_bsp.a(altera_avalon_jtag_uart_fd.o)
 .data          0x0001c040        0x0 ../testdma_bsp/\libucosii_bsp.a(altera_avalon_jtag_uart_init.o)
 .data          0x0001c040        0x0 ../testdma_bsp/\libucosii_bsp.a(altera_avalon_jtag_uart_ioctl.o)
 .data          0x0001c040        0x0 ../testdma_bsp/\libucosii_bsp.a(altera_avalon_jtag_uart_read.o)
 .data          0x0001c040        0x0 ../testdma_bsp/\libucosii_bsp.a(altera_avalon_jtag_uart_write.o)
 .data          0x0001c040        0x0 ../testdma_bsp/\libucosii_bsp.a(altera_avalon_lcd_16207.o)
 .data          0x0001c040        0x0 ../testdma_bsp/\libucosii_bsp.a(altera_avalon_lcd_16207_fd.o)
 .data          0x0001c040        0x0 ../testdma_bsp/\libucosii_bsp.a(altera_avalon_sgdma.o)
 .data          0x0001c040        0x0 ../testdma_bsp/\libucosii_bsp.a(altera_avalon_timer_sc.o)
 .data          0x0001c040        0x0 ../testdma_bsp/\libucosii_bsp.a(alt_alarm_start.o)
 .data          0x0001c040        0x0 ../testdma_bsp/\libucosii_bsp.a(alt_dcache_flush_all.o)
 .data          0x0001c040        0x0 ../testdma_bsp/\libucosii_bsp.a(alt_dev_llist_insert.o)
 .data          0x0001c040        0x0 ../testdma_bsp/\libucosii_bsp.a(alt_do_ctors.o)
 .data          0x0001c040        0x0 ../testdma_bsp/\libucosii_bsp.a(alt_do_dtors.o)
 .data          0x0001c040        0x0 ../testdma_bsp/\libucosii_bsp.a(alt_find_dev.o)
 .data          0x0001c040        0x0 ../testdma_bsp/\libucosii_bsp.a(alt_flash_dev.o)
 .data          0x0001c040        0x0 ../testdma_bsp/\libucosii_bsp.a(alt_icache_flush_all.o)
 .data          0x0001c040        0x0 ../testdma_bsp/\libucosii_bsp.a(alt_iic.o)
 .data          0x0001c040        0x0 ../testdma_bsp/\libucosii_bsp.a(alt_iic_isr_register.o)
 .data          0x0001c040        0x0 ../testdma_bsp/\libucosii_bsp.a(alt_io_redirect.o)
 .data          0x0001c040        0x0 ../testdma_bsp/\libucosii_bsp.a(alt_irq_entry.o)
 .data          0x0001c040        0x0 ../testdma_bsp/\libucosii_bsp.a(alt_irq_handler.o)
 .data          0x0001c040        0x0 ../testdma_bsp/\libucosii_bsp.a(alt_irq_vars.o)
 .data          0x0001c040        0x0 ../testdma_bsp/\libucosii_bsp.a(alt_open.o)
 .data          0x0001c040        0x0 ../testdma_bsp/\libucosii_bsp.a(alt_remap_uncached.o)
 .data          0x0001c040        0x0 ../testdma_bsp/\libucosii_bsp.a(alt_tick.o)
 .data          0x0001c040        0x0 ../testdma_bsp/\libucosii_bsp.a(alt_usleep.o)
 .data          0x0001c040        0x0 ../testdma_bsp/\libucosii_bsp.a(altera_nios2_irq.o)
 .data          0x0001c040        0x0 ../testdma_bsp/\libucosii_bsp.a(os_cpu_a.o)
 .data          0x0001c040        0x0 ../testdma_bsp/\libucosii_bsp.a(os_cpu_c.o)
 .data          0x0001c040        0x0 ../testdma_bsp/\libucosii_bsp.a(altera_avalon_cfi_flash_amd.o)
 .data          0x0001c040        0x0 ../testdma_bsp/\libucosii_bsp.a(altera_avalon_cfi_flash_intel.o)
 .data          0x0001c040        0x0 ../testdma_bsp/\libucosii_bsp.a(alt_busy_sleep.o)
 .data          0x0001c040        0x0 ../testdma_bsp/\libucosii_bsp.a(alt_exception_entry.o)
 .data          0x0001c040        0x0 ../testdma_bsp/\libucosii_bsp.a(alt_find_file.o)
 .data          0x0001c040        0x0 ../testdma_bsp/\libucosii_bsp.a(alt_get_fd.o)
 .data          0x0001c040        0x0 ../testdma_bsp/\libucosii_bsp.a(alt_icache_flush.o)
 .data          0x0001c040        0x0 c:/altera/11.0sp1/nios2eds/bin/gnu/h-i686-mingw32/bin/../lib/gcc/nios2-elf/4.1.2/../../../../nios2-elf/lib\libc.a(lib_a-atexit.o)
 .data          0x0001c040        0x0 c:/altera/11.0sp1/nios2eds/bin/gnu/h-i686-mingw32/bin/../lib/gcc/nios2-elf/4.1.2/../../../../nios2-elf/lib\libc.a(lib_a-ctype_.o)
 .data          0x0001c040        0x0 c:/altera/11.0sp1/nios2eds/bin/gnu/h-i686-mingw32/bin/../lib/gcc/nios2-elf/4.1.2/../../../../nios2-elf/lib\libc.a(lib_a-exit.o)
 .data          0x0001c040        0x0 c:/altera/11.0sp1/nios2eds/bin/gnu/h-i686-mingw32/bin/../lib/gcc/nios2-elf/4.1.2/../../../../nios2-elf/lib\libc.a(lib_a-memcmp.o)
 .data          0x0001c040        0x0 c:/altera/11.0sp1/nios2eds/bin/gnu/h-i686-mingw32/bin/../lib/gcc/nios2-elf/4.1.2/../../../../nios2-elf/lib\libc.a(lib_a-__atexit.o)
 .data          0x0001c040        0x0 c:/altera/11.0sp1/nios2eds/bin/gnu/h-i686-mingw32/bin/../lib/gcc/nios2-elf/4.1.2/../../../../nios2-elf/lib\libc.a(lib_a-__call_atexit.o)
 .data          0x0001c040        0x0 ../testdma_bsp/\libucosii_bsp.a(alt_exit.o)
                0x00024040                _gp = ABSOLUTE ((. + 0x8000))
                0x00024040                PROVIDE (gp, _gp)
 *(.rwdata .rwdata.*)
 *(.sdata .sdata.* .gnu.linkonce.s.*)
 .sdata         0x0001c040        0x8 c:/altera/11.0sp1/nios2eds/bin/gnu/h-i686-mingw32/bin/../lib/gcc/nios2-elf/4.1.2/../../../../nios2-elf/lib\libc.a(lib_a-impure.o)
                0x0001c040                _impure_ptr
                0x0001c044                _global_impure_ptr
 .sdata         0x0001c048        0x8 c:/altera/11.0sp1/nios2eds/bin/gnu/h-i686-mingw32/bin/../lib/gcc/nios2-elf/4.1.2/../../../../nios2-elf/lib\libc.a(lib_a-locale.o)
                0x0001c048                __mb_cur_max
 .sdata         0x0001c050        0x8 c:/altera/11.0sp1/nios2eds/bin/gnu/h-i686-mingw32/bin/../lib/gcc/nios2-elf/4.1.2/../../../../nios2-elf/lib\libc.a(lib_a-mallocr.o)
                0x0001c050                __malloc_trim_threshold
                0x0001c054                __malloc_sbrk_base
 .sdata         0x0001c058       0x14 ../testdma_bsp/\libucosii_bsp.a(alt_dev.o)
                0x0001c058                alt_fs_list
                0x0001c060                alt_dev_list
                0x0001c068                alt_max_fd
 .sdata         0x0001c06c        0x4 ../testdma_bsp/\libucosii_bsp.a(alt_errno.o)
                0x0001c06c                alt_errno
 .sdata         0x0001c070        0x4 ../testdma_bsp/\libucosii_bsp.a(alt_sbrk.o)
 .sdata         0x0001c074        0x4 ../testdma_bsp/\libucosii_bsp.a(alt_env_lock.o)
 .sdata         0x0001c078        0x4 ../testdma_bsp/\libucosii_bsp.a(alt_malloc_lock.o)
 .sdata         0x0001c07c       0x74 ../testdma_bsp/\libucosii_bsp.a(os_dbg.o)
                0x0001c07c                OSDebugEn
                0x0001c080                OSEndiannessTest
                0x0001c084                OSEventEn
                0x0001c086                OSEventMax
                0x0001c088                OSEventNameSize
                0x0001c08a                OSEventSize
                0x0001c08c                OSEventTblSize
                0x0001c08e                OSEventMultiEn
                0x0001c090                OSFlagEn
                0x0001c092                OSFlagGrpSize
                0x0001c094                OSFlagNodeSize
                0x0001c096                OSFlagWidth
                0x0001c098                OSFlagMax
                0x0001c09a                OSFlagNameSize
                0x0001c09c                OSLowestPrio
                0x0001c09e                OSMboxEn
                0x0001c0a0                OSMemEn
                0x0001c0a2                OSMemMax
                0x0001c0a4                OSMemNameSize
                0x0001c0a6                OSMemSize
                0x0001c0a8                OSMemTblSize
                0x0001c0aa                OSMutexEn
                0x0001c0ac                OSPtrSize
                0x0001c0ae                OSQEn
                0x0001c0b0                OSQMax
                0x0001c0b2                OSQSize
                0x0001c0b4                OSRdyTblSize
                0x0001c0b6                OSSemEn
                0x0001c0b8                OSStkWidth
                0x0001c0ba                OSTaskCreateEn
                0x0001c0bc                OSTaskCreateExtEn
                0x0001c0be                OSTaskDelEn
                0x0001c0c0                OSTaskIdleStkSize
                0x0001c0c2                OSTaskProfileEn
                0x0001c0c4                OSTaskMax
                0x0001c0c6                OSTaskNameSize
                0x0001c0c8                OSTaskStatEn
                0x0001c0ca                OSTaskStatStkSize
                0x0001c0cc                OSTaskStatStkChkEn
                0x0001c0ce                OSTaskSwHookEn
                0x0001c0d0                OSTCBPrioTblMax
                0x0001c0d2                OSTCBSize
                0x0001c0d4                OSTicksPerSec
                0x0001c0d6                OSTimeTickHookEn
                0x0001c0d8                OSVersionNbr
                0x0001c0da                OSTmrEn
                0x0001c0dc                OSTmrCfgMax
                0x0001c0de                OSTmrCfgNameSize
                0x0001c0e0                OSTmrCfgWheelSize
                0x0001c0e2                OSTmrCfgTicksPerSec
                0x0001c0e4                OSTmrSize
                0x0001c0e6                OSTmrTblSize
                0x0001c0e8                OSTmrWheelSize
                0x0001c0ea                OSTmrWheelTblSize
                0x0001c0ec                OSDataSize
 .sdata         0x0001c0f0        0x4 ../testdma_bsp/\libucosii_bsp.a(altera_avalon_lcd_16207.o)
 .sdata         0x0001c0f4        0x8 ../testdma_bsp/\libucosii_bsp.a(altera_avalon_sgdma.o)
                0x0001c0f4                alt_sgdma_list
 .sdata         0x0001c0fc        0x8 ../testdma_bsp/\libucosii_bsp.a(alt_flash_dev.o)
                0x0001c0fc                alt_flash_dev_list
 .sdata         0x0001c104        0x4 ../testdma_bsp/\libucosii_bsp.a(alt_irq_vars.o)
                0x0001c104                alt_priority_mask
 .sdata         0x0001c108        0x8 ../testdma_bsp/\libucosii_bsp.a(alt_tick.o)
                0x0001c108                alt_alarm_list
 .sdata         0x0001c110        0x4 c:/altera/11.0sp1/nios2eds/bin/gnu/h-i686-mingw32/bin/../lib/gcc/nios2-elf/4.1.2/../../../../nios2-elf/lib\libc.a(lib_a-ctype_.o)
                0x0001c110                __ctype_ptr
 *(.sdata2 .sdata2.* .gnu.linkonce.s2.*)
                0x0001c114                . = ALIGN (0x4)
                0x0001c114                _edata = ABSOLUTE (.)
                0x0001c114                PROVIDE (edata, ABSOLUTE (.))
                0x0001c114                PROVIDE (__ram_rwdata_end, ABSOLUTE (.))
                0x0001c114                PROVIDE (__flash_rwdata_start, LOADADDR (.rwdata))

.bss            0x0001de9c  0x2807d7c
                0x0001de9c                __bss_start = ABSOLUTE (.)
                0x0001de9c                PROVIDE (__sbss_start, ABSOLUTE (.))
                0x0001de9c                PROVIDE (___sbss_start, ABSOLUTE (.))
 *(.dynsbss)
 *(.sbss .sbss.* .gnu.linkonce.sb.*)
 .sbss          0x0001de9c        0x8 obj/hello_ucosii.o
                0x0001de9c                cpu_sr
                0x0001dea0                PDmaDevice
 .sbss          0x0001dea4        0xc c:/altera/11.0sp1/nios2eds/bin/gnu/h-i686-mingw32/bin/../lib/gcc/nios2-elf/4.1.2/../../../../nios2-elf/lib\libc.a(lib_a-locale.o)
                0x0001dea4                __nlocale_changed
                0x0001dea8                __mlocale_changed
                0x0001deac                _PathLocale
 .sbss          0x0001deb0        0xc c:/altera/11.0sp1/nios2eds/bin/gnu/h-i686-mingw32/bin/../lib/gcc/nios2-elf/4.1.2/../../../../nios2-elf/lib\libc.a(lib_a-mallocr.o)
                0x0001deb0                __malloc_top_pad
                0x0001deb4                __malloc_max_sbrked_mem
                0x0001deb8                __malloc_max_total_mem
 .sbss          0x0001debc        0x4 c:/altera/11.0sp1/nios2eds/bin/gnu/h-i686-mingw32/bin/../lib/gcc/nios2-elf/4.1.2/../../../../nios2-elf/lib\libc.a(lib_a-int_errno.o)
                0x0001debc                errno
 .sbss          0x0001dec0        0x4 ../testdma_bsp/\libucosii_bsp.a(alt_dev.o)
                0x0001dec0                alt_fd_list_lock
 .sbss          0x0001dec4        0xc ../testdma_bsp/\libucosii_bsp.a(alt_main.o)
                0x0001dec4                alt_argc
                0x0001dec8                alt_argv
                0x0001decc                alt_envp
 .sbss          0x0001ded0        0x8 ../testdma_bsp/\libucosii_bsp.a(alt_env_lock.o)
                0x0001ded4                alt_envsem
 .sbss          0x0001ded8        0x8 ../testdma_bsp/\libucosii_bsp.a(alt_malloc_lock.o)
                0x0001dedc                alt_heapsem
 .sbss          0x0001dee0       0x50 ../testdma_bsp/\libucosii_bsp.a(os_core.o)
                0x0001dee0                OSLockNesting
                0x0001dee1                OSRunning
                0x0001dee4                OSIdleCtr
                0x0001dee8                OSPrioHighRdy
                0x0001dee9                OSPrioCur
                0x0001deec                OSTCBList
                0x0001def0                OSTickStepState
                0x0001def4                OSCtxSwCtr
                0x0001def8                OSIdleCtrMax
                0x0001defc                OSTCBFreeList
                0x0001df00                OSCPUUsage
                0x0001df01                OSTaskCtr
                0x0001df04                OSMemFreeList
                0x0001df08                OSTCBHighRdy
                0x0001df0c                OSQFreeList
                0x0001df10                OSRdyGrp
                0x0001df11                OSRdyTbl
                0x0001df14                OSEventFreeList
                0x0001df18                OSIntNesting
                0x0001df1c                OSTCBCur
                0x0001df20                OSTime
                0x0001df24                OSFlagFreeList
                0x0001df28                OSStatRdy
                0x0001df2c                OSIdleCtrRun
 .sbss          0x0001df30        0x4 ../testdma_bsp/\libucosii_bsp.a(alt_irq_vars.o)
                0x0001df30                alt_irq_active
 .sbss          0x0001df34        0x8 ../testdma_bsp/\libucosii_bsp.a(alt_tick.o)
                0x0001df34                _alt_tick_rate
                0x0001df38                _alt_nticks
 *(.sbss2 .sbss2.* .gnu.linkonce.sb2.*)
 *(.scommon)
                0x0001df3c                PROVIDE (__sbss_end, ABSOLUTE (.))
                0x0001df3c                PROVIDE (___sbss_end, ABSOLUTE (.))
 *(.dynbss)
 *(.bss .bss.* .gnu.linkonce.b.*)
 .bss           0x0001df3c        0x0 ../testdma_bsp//obj/HAL/src/crt0.o
 .bss           0x0001df3c        0x0 obj/hello_ucosii.o
 .bss           0x0001df3c        0x0 c:/altera/11.0sp1/nios2eds/bin/gnu/h-i686-mingw32/bin/../lib/gcc/nios2-elf/4.1.2\libgcc.a(lib2-divmod.o)
 .bss           0x0001df3c        0x0 c:/altera/11.0sp1/nios2eds/bin/gnu/h-i686-mingw32/bin/../lib/gcc/nios2-elf/4.1.2/../../../../nios2-elf/lib\libc.a(lib_a-printf.o)
 .bss           0x0001df3c        0x0 c:/altera/11.0sp1/nios2eds/bin/gnu/h-i686-mingw32/bin/../lib/gcc/nios2-elf/4.1.2/../../../../nios2-elf/lib\libc.a(lib_a-puts.o)
 .bss           0x0001df3c        0x0 c:/altera/11.0sp1/nios2eds/bin/gnu/h-i686-mingw32/bin/../lib/gcc/nios2-elf/4.1.2/../../../../nios2-elf/lib\libc.a(lib_a-strlen.o)
 .bss           0x0001df3c        0x0 c:/altera/11.0sp1/nios2eds/bin/gnu/h-i686-mingw32/bin/../lib/gcc/nios2-elf/4.1.2/../../../../nios2-elf/lib\libc.a(lib_a-vfprintf.o)
 .bss           0x0001df3c        0x0 c:/altera/11.0sp1/nios2eds/bin/gnu/h-i686-mingw32/bin/../lib/gcc/nios2-elf/4.1.2/../../../../nios2-elf/lib\libc.a(lib_a-wsetup.o)
 .bss           0x0001df3c        0x0 c:/altera/11.0sp1/nios2eds/bin/gnu/h-i686-mingw32/bin/../lib/gcc/nios2-elf/4.1.2/../../../../nios2-elf/lib\libc.a(lib_a-dtoa.o)
 .bss           0x0001df3c        0x0 c:/altera/11.0sp1/nios2eds/bin/gnu/h-i686-mingw32/bin/../lib/gcc/nios2-elf/4.1.2/../../../../nios2-elf/lib\libc.a(lib_a-fflush.o)
 .bss           0x0001df3c        0x0 c:/altera/11.0sp1/nios2eds/bin/gnu/h-i686-mingw32/bin/../lib/gcc/nios2-elf/4.1.2/../../../../nios2-elf/lib\libc.a(lib_a-findfp.o)
 .bss           0x0001df3c        0x0 c:/altera/11.0sp1/nios2eds/bin/gnu/h-i686-mingw32/bin/../lib/gcc/nios2-elf/4.1.2/../../../../nios2-elf/lib\libc.a(lib_a-freer.o)
 .bss           0x0001df3c        0x0 c:/altera/11.0sp1/nios2eds/bin/gnu/h-i686-mingw32/bin/../lib/gcc/nios2-elf/4.1.2/../../../../nios2-elf/lib\libc.a(lib_a-fvwrite.o)
 .bss           0x0001df3c        0x0 c:/altera/11.0sp1/nios2eds/bin/gnu/h-i686-mingw32/bin/../lib/gcc/nios2-elf/4.1.2/../../../../nios2-elf/lib\libc.a(lib_a-fwalk.o)
 .bss           0x0001df3c        0x0 c:/altera/11.0sp1/nios2eds/bin/gnu/h-i686-mingw32/bin/../lib/gcc/nios2-elf/4.1.2/../../../../nios2-elf/lib\libc.a(lib_a-impure.o)
 .bss           0x0001df3c        0x0 c:/altera/11.0sp1/nios2eds/bin/gnu/h-i686-mingw32/bin/../lib/gcc/nios2-elf/4.1.2/../../../../nios2-elf/lib\libc.a(lib_a-locale.o)
 .bss           0x0001df3c        0x0 c:/altera/11.0sp1/nios2eds/bin/gnu/h-i686-mingw32/bin/../lib/gcc/nios2-elf/4.1.2/../../../../nios2-elf/lib\libc.a(lib_a-makebuf.o)
 .bss           0x0001df3c       0x28 c:/altera/11.0sp1/nios2eds/bin/gnu/h-i686-mingw32/bin/../lib/gcc/nios2-elf/4.1.2/../../../../nios2-elf/lib\libc.a(lib_a-mallocr.o)
                0x0001df3c                __malloc_current_mallinfo
 .bss           0x0001df64        0x0 c:/altera/11.0sp1/nios2eds/bin/gnu/h-i686-mingw32/bin/../lib/gcc/nios2-elf/4.1.2/../../../../nios2-elf/lib\libc.a(lib_a-memchr.o)
 .bss           0x0001df64        0x0 c:/altera/11.0sp1/nios2eds/bin/gnu/h-i686-mingw32/bin/../lib/gcc/nios2-elf/4.1.2/../../../../nios2-elf/lib\libc.a(lib_a-memcpy.o)
 .bss           0x0001df64        0x0 c:/altera/11.0sp1/nios2eds/bin/gnu/h-i686-mingw32/bin/../lib/gcc/nios2-elf/4.1.2/../../../../nios2-elf/lib\libc.a(lib_a-memmove.o)
 .bss           0x0001df64        0x0 c:/altera/11.0sp1/nios2eds/bin/gnu/h-i686-mingw32/bin/../lib/gcc/nios2-elf/4.1.2/../../../../nios2-elf/lib\libc.a(lib_a-memset.o)
 .bss           0x0001df64        0x0 c:/altera/11.0sp1/nios2eds/bin/gnu/h-i686-mingw32/bin/../lib/gcc/nios2-elf/4.1.2/../../../../nios2-elf/lib\libc.a(lib_a-mprec.o)
 .bss           0x0001df64        0x0 c:/altera/11.0sp1/nios2eds/bin/gnu/h-i686-mingw32/bin/../lib/gcc/nios2-elf/4.1.2/../../../../nios2-elf/lib\libc.a(lib_a-reallocr.o)
 .bss           0x0001df64        0x0 c:/altera/11.0sp1/nios2eds/bin/gnu/h-i686-mingw32/bin/../lib/gcc/nios2-elf/4.1.2/../../../../nios2-elf/lib\libc.a(lib_a-s_isinfd.o)
 .bss           0x0001df64        0x0 c:/altera/11.0sp1/nios2eds/bin/gnu/h-i686-mingw32/bin/../lib/gcc/nios2-elf/4.1.2/../../../../nios2-elf/lib\libc.a(lib_a-s_isnand.o)
 .bss           0x0001df64        0x0 c:/altera/11.0sp1/nios2eds/bin/gnu/h-i686-mingw32/bin/../lib/gcc/nios2-elf/4.1.2/../../../../nios2-elf/lib\libc.a(lib_a-sbrkr.o)
 .bss           0x0001df64        0x0 c:/altera/11.0sp1/nios2eds/bin/gnu/h-i686-mingw32/bin/../lib/gcc/nios2-elf/4.1.2/../../../../nios2-elf/lib\libc.a(lib_a-stdio.o)
 .bss           0x0001df64        0x0 c:/altera/11.0sp1/nios2eds/bin/gnu/h-i686-mingw32/bin/../lib/gcc/nios2-elf/4.1.2/../../../../nios2-elf/lib\libc.a(lib_a-strcmp.o)
 .bss           0x0001df64        0x0 c:/altera/11.0sp1/nios2eds/bin/gnu/h-i686-mingw32/bin/../lib/gcc/nios2-elf/4.1.2/../../../../nios2-elf/lib\libc.a(lib_a-writer.o)
 .bss           0x0001df64        0x0 c:/altera/11.0sp1/nios2eds/bin/gnu/h-i686-mingw32/bin/../lib/gcc/nios2-elf/4.1.2/../../../../nios2-elf/lib\libc.a(lib_a-callocr.o)
 .bss           0x0001df64        0x0 c:/altera/11.0sp1/nios2eds/bin/gnu/h-i686-mingw32/bin/../lib/gcc/nios2-elf/4.1.2/../../../../nios2-elf/lib\libc.a(lib_a-closer.o)
 .bss           0x0001df64        0x0 c:/altera/11.0sp1/nios2eds/bin/gnu/h-i686-mingw32/bin/../lib/gcc/nios2-elf/4.1.2/../../../../nios2-elf/lib\libc.a(lib_a-fclose.o)
 .bss           0x0001df64        0x0 c:/altera/11.0sp1/nios2eds/bin/gnu/h-i686-mingw32/bin/../lib/gcc/nios2-elf/4.1.2/../../../../nios2-elf/lib\libc.a(lib_a-fstatr.o)
 .bss           0x0001df64        0x0 c:/altera/11.0sp1/nios2eds/bin/gnu/h-i686-mingw32/bin/../lib/gcc/nios2-elf/4.1.2/../../../../nios2-elf/lib\libc.a(lib_a-int_errno.o)
 .bss           0x0001df64        0x0 c:/altera/11.0sp1/nios2eds/bin/gnu/h-i686-mingw32/bin/../lib/gcc/nios2-elf/4.1.2/../../../../nios2-elf/lib\libc.a(lib_a-isattyr.o)
 .bss           0x0001df64        0x0 c:/altera/11.0sp1/nios2eds/bin/gnu/h-i686-mingw32/bin/../lib/gcc/nios2-elf/4.1.2/../../../../nios2-elf/lib\libc.a(lib_a-lseekr.o)
 .bss           0x0001df64        0x0 c:/altera/11.0sp1/nios2eds/bin/gnu/h-i686-mingw32/bin/../lib/gcc/nios2-elf/4.1.2/../../../../nios2-elf/lib\libc.a(lib_a-readr.o)
 .bss           0x0001df64        0x0 c:/altera/11.0sp1/nios2eds/bin/gnu/h-i686-mingw32/bin/../lib/gcc/nios2-elf/4.1.2\libgcc.a(_udivdi3.o)
 .bss           0x0001df64        0x0 c:/altera/11.0sp1/nios2eds/bin/gnu/h-i686-mingw32/bin/../lib/gcc/nios2-elf/4.1.2\libgcc.a(_umoddi3.o)
 .bss           0x0001df64        0x0 c:/altera/11.0sp1/nios2eds/bin/gnu/h-i686-mingw32/bin/../lib/gcc/nios2-elf/4.1.2\libgcc.a(_addsub_df.o)
 .bss           0x0001df64        0x0 c:/altera/11.0sp1/nios2eds/bin/gnu/h-i686-mingw32/bin/../lib/gcc/nios2-elf/4.1.2\libgcc.a(_mul_df.o)
 .bss           0x0001df64        0x0 c:/altera/11.0sp1/nios2eds/bin/gnu/h-i686-mingw32/bin/../lib/gcc/nios2-elf/4.1.2\libgcc.a(_div_df.o)
 .bss           0x0001df64        0x0 c:/altera/11.0sp1/nios2eds/bin/gnu/h-i686-mingw32/bin/../lib/gcc/nios2-elf/4.1.2\libgcc.a(_eq_df.o)
 .bss           0x0001df64        0x0 c:/altera/11.0sp1/nios2eds/bin/gnu/h-i686-mingw32/bin/../lib/gcc/nios2-elf/4.1.2\libgcc.a(_ne_df.o)
 .bss           0x0001df64        0x0 c:/altera/11.0sp1/nios2eds/bin/gnu/h-i686-mingw32/bin/../lib/gcc/nios2-elf/4.1.2\libgcc.a(_gt_df.o)
 .bss           0x0001df64        0x0 c:/altera/11.0sp1/nios2eds/bin/gnu/h-i686-mingw32/bin/../lib/gcc/nios2-elf/4.1.2\libgcc.a(_ge_df.o)
 .bss           0x0001df64        0x0 c:/altera/11.0sp1/nios2eds/bin/gnu/h-i686-mingw32/bin/../lib/gcc/nios2-elf/4.1.2\libgcc.a(_lt_df.o)
 .bss           0x0001df64        0x0 c:/altera/11.0sp1/nios2eds/bin/gnu/h-i686-mingw32/bin/../lib/gcc/nios2-elf/4.1.2\libgcc.a(_si_to_df.o)
 .bss           0x0001df64        0x0 c:/altera/11.0sp1/nios2eds/bin/gnu/h-i686-mingw32/bin/../lib/gcc/nios2-elf/4.1.2\libgcc.a(_df_to_si.o)
 .bss           0x0001df64        0x0 c:/altera/11.0sp1/nios2eds/bin/gnu/h-i686-mingw32/bin/../lib/gcc/nios2-elf/4.1.2\libgcc.a(_thenan_df.o)
 .bss           0x0001df64        0x0 c:/altera/11.0sp1/nios2eds/bin/gnu/h-i686-mingw32/bin/../lib/gcc/nios2-elf/4.1.2\libgcc.a(_usi_to_df.o)
 .bss           0x0001df64        0x0 c:/altera/11.0sp1/nios2eds/bin/gnu/h-i686-mingw32/bin/../lib/gcc/nios2-elf/4.1.2\libgcc.a(_muldi3.o)
 .bss           0x0001df64        0x0 c:/altera/11.0sp1/nios2eds/bin/gnu/h-i686-mingw32/bin/../lib/gcc/nios2-elf/4.1.2\libgcc.a(_clz.o)
 .bss           0x0001df64        0x0 c:/altera/11.0sp1/nios2eds/bin/gnu/h-i686-mingw32/bin/../lib/gcc/nios2-elf/4.1.2\libgcc.a(_clzsi2.o)
 .bss           0x0001df64        0x0 c:/altera/11.0sp1/nios2eds/bin/gnu/h-i686-mingw32/bin/../lib/gcc/nios2-elf/4.1.2\libgcc.a(_pack_df.o)
 .bss           0x0001df64        0x0 c:/altera/11.0sp1/nios2eds/bin/gnu/h-i686-mingw32/bin/../lib/gcc/nios2-elf/4.1.2\libgcc.a(_unpack_df.o)
 .bss           0x0001df64        0x0 c:/altera/11.0sp1/nios2eds/bin/gnu/h-i686-mingw32/bin/../lib/gcc/nios2-elf/4.1.2\libgcc.a(_fpcmp_parts_df.o)
 .bss           0x0001df64        0x0 ../testdma_bsp/\libucosii_bsp.a(alt_close.o)
 .bss           0x0001df64        0x0 ../testdma_bsp/\libucosii_bsp.a(alt_dcache_flush.o)
 .bss           0x0001df64        0x0 ../testdma_bsp/\libucosii_bsp.a(alt_dev.o)
 .bss           0x0001df64        0x0 ../testdma_bsp/\libucosii_bsp.a(alt_errno.o)
 .bss           0x0001df64        0x0 ../testdma_bsp/\libucosii_bsp.a(alt_fstat.o)
 .bss           0x0001df64        0x0 ../testdma_bsp/\libucosii_bsp.a(alt_isatty.o)
 .bss           0x0001df64        0x0 ../testdma_bsp/\libucosii_bsp.a(alt_load.o)
 .bss           0x0001df64        0x0 ../testdma_bsp/\libucosii_bsp.a(alt_lseek.o)
 .bss           0x0001df64        0x0 ../testdma_bsp/\libucosii_bsp.a(alt_main.o)
 .bss           0x0001df64        0x0 ../testdma_bsp/\libucosii_bsp.a(alt_read.o)
 .bss           0x0001df64        0x0 ../testdma_bsp/\libucosii_bsp.a(alt_release_fd.o)
 .bss           0x0001df64        0x0 ../testdma_bsp/\libucosii_bsp.a(alt_sbrk.o)
 .bss           0x0001df64        0x0 ../testdma_bsp/\libucosii_bsp.a(alt_write.o)
 .bss           0x0001df64        0x0 ../testdma_bsp/\libucosii_bsp.a(alt_env_lock.o)
 .bss           0x0001df64        0x0 ../testdma_bsp/\libucosii_bsp.a(alt_malloc_lock.o)
 .bss           0x0001df64        0x0 ../testdma_bsp/\libucosii_bsp.a(os_core.o)
 .bss           0x0001df64        0x0 ../testdma_bsp/\libucosii_bsp.a(os_dbg.o)
 .bss           0x0001df64        0x0 ../testdma_bsp/\libucosii_bsp.a(os_flag.o)
 .bss           0x0001df64        0x0 ../testdma_bsp/\libucosii_bsp.a(os_mem.o)
 .bss           0x0001df64        0x0 ../testdma_bsp/\libucosii_bsp.a(os_q.o)
 .bss           0x0001df64        0x0 ../testdma_bsp/\libucosii_bsp.a(os_sem.o)
 .bss           0x0001df64        0x0 ../testdma_bsp/\libucosii_bsp.a(os_task.o)
 .bss           0x0001df64        0x0 ../testdma_bsp/\libucosii_bsp.a(os_time.o)
 .bss           0x0001df64        0x0 ../testdma_bsp/\libucosii_bsp.a(alt_sys_init.o)
 .bss           0x0001df64        0x0 ../testdma_bsp/\libucosii_bsp.a(altera_avalon_cfi_flash.o)
 .bss           0x0001df64        0x0 ../testdma_bsp/\libucosii_bsp.a(altera_avalon_cfi_flash_table.o)
 .bss           0x0001df64        0x0 ../testdma_bsp/\libucosii_bsp.a(altera_avalon_jtag_uart_fd.o)
 .bss           0x0001df64        0x0 ../testdma_bsp/\libucosii_bsp.a(altera_avalon_jtag_uart_init.o)
 .bss           0x0001df64        0x0 ../testdma_bsp/\libucosii_bsp.a(altera_avalon_jtag_uart_ioctl.o)
 .bss           0x0001df64        0x0 ../testdma_bsp/\libucosii_bsp.a(altera_avalon_jtag_uart_read.o)
 .bss           0x0001df64        0x0 ../testdma_bsp/\libucosii_bsp.a(altera_avalon_jtag_uart_write.o)
 .bss           0x0001df64        0x0 ../testdma_bsp/\libucosii_bsp.a(altera_avalon_lcd_16207.o)
 .bss           0x0001df64        0x0 ../testdma_bsp/\libucosii_bsp.a(altera_avalon_lcd_16207_fd.o)
 .bss           0x0001df64        0x0 ../testdma_bsp/\libucosii_bsp.a(altera_avalon_sgdma.o)
 .bss           0x0001df64        0x0 ../testdma_bsp/\libucosii_bsp.a(altera_avalon_timer_sc.o)
 .bss           0x0001df64        0x0 ../testdma_bsp/\libucosii_bsp.a(alt_alarm_start.o)
 .bss           0x0001df64        0x0 ../testdma_bsp/\libucosii_bsp.a(alt_dcache_flush_all.o)
 .bss           0x0001df64        0x0 ../testdma_bsp/\libucosii_bsp.a(alt_dev_llist_insert.o)
 .bss           0x0001df64        0x0 ../testdma_bsp/\libucosii_bsp.a(alt_do_ctors.o)
 .bss           0x0001df64        0x0 ../testdma_bsp/\libucosii_bsp.a(alt_do_dtors.o)
 .bss           0x0001df64        0x0 ../testdma_bsp/\libucosii_bsp.a(alt_find_dev.o)
 .bss           0x0001df64        0x0 ../testdma_bsp/\libucosii_bsp.a(alt_flash_dev.o)
 .bss           0x0001df64        0x0 ../testdma_bsp/\libucosii_bsp.a(alt_icache_flush_all.o)
 .bss           0x0001df64        0x0 ../testdma_bsp/\libucosii_bsp.a(alt_iic.o)
 .bss           0x0001df64        0x0 ../testdma_bsp/\libucosii_bsp.a(alt_iic_isr_register.o)
 .bss           0x0001df64        0x0 ../testdma_bsp/\libucosii_bsp.a(alt_io_redirect.o)
 .bss           0x0001df64        0x0 ../testdma_bsp/\libucosii_bsp.a(alt_irq_entry.o)
 .bss           0x0001df64        0x0 ../testdma_bsp/\libucosii_bsp.a(alt_irq_handler.o)
 .bss           0x0001df64        0x0 ../testdma_bsp/\libucosii_bsp.a(alt_irq_vars.o)
 .bss           0x0001df64        0x0 ../testdma_bsp/\libucosii_bsp.a(alt_open.o)
 .bss           0x0001df64        0x0 ../testdma_bsp/\libucosii_bsp.a(alt_remap_uncached.o)
 .bss           0x0001df64        0x0 ../testdma_bsp/\libucosii_bsp.a(alt_tick.o)
 .bss           0x0001df64        0x0 ../testdma_bsp/\libucosii_bsp.a(alt_usleep.o)
 .bss           0x0001df64        0x0 ../testdma_bsp/\libucosii_bsp.a(altera_nios2_irq.o)
 .bss           0x0001df64        0x0 ../testdma_bsp/\libucosii_bsp.a(os_cpu_a.o)
 .bss           0x0001df64        0x0 ../testdma_bsp/\libucosii_bsp.a(os_cpu_c.o)
 .bss           0x0001df64        0x0 ../testdma_bsp/\libucosii_bsp.a(altera_avalon_cfi_flash_amd.o)
 .bss           0x0001df64        0x0 ../testdma_bsp/\libucosii_bsp.a(altera_avalon_cfi_flash_intel.o)
 .bss           0x0001df64        0x0 ../testdma_bsp/\libucosii_bsp.a(alt_busy_sleep.o)
 .bss           0x0001df64        0x0 ../testdma_bsp/\libucosii_bsp.a(alt_exception_entry.o)
 .bss           0x0001df64        0x0 ../testdma_bsp/\libucosii_bsp.a(alt_find_file.o)
 .bss           0x0001df64        0x0 ../testdma_bsp/\libucosii_bsp.a(alt_get_fd.o)
 .bss           0x0001df64        0x0 ../testdma_bsp/\libucosii_bsp.a(alt_icache_flush.o)
 .bss           0x0001df64        0x0 c:/altera/11.0sp1/nios2eds/bin/gnu/h-i686-mingw32/bin/../lib/gcc/nios2-elf/4.1.2/../../../../nios2-elf/lib\libc.a(lib_a-atexit.o)
 .bss           0x0001df64        0x0 c:/altera/11.0sp1/nios2eds/bin/gnu/h-i686-mingw32/bin/../lib/gcc/nios2-elf/4.1.2/../../../../nios2-elf/lib\libc.a(lib_a-ctype_.o)
 .bss           0x0001df64        0x0 c:/altera/11.0sp1/nios2eds/bin/gnu/h-i686-mingw32/bin/../lib/gcc/nios2-elf/4.1.2/../../../../nios2-elf/lib\libc.a(lib_a-exit.o)
 .bss           0x0001df64        0x0 c:/altera/11.0sp1/nios2eds/bin/gnu/h-i686-mingw32/bin/../lib/gcc/nios2-elf/4.1.2/../../../../nios2-elf/lib\libc.a(lib_a-memcmp.o)
 .bss           0x0001df64        0x0 c:/altera/11.0sp1/nios2eds/bin/gnu/h-i686-mingw32/bin/../lib/gcc/nios2-elf/4.1.2/../../../../nios2-elf/lib\libc.a(lib_a-__atexit.o)
 .bss           0x0001df64        0x0 c:/altera/11.0sp1/nios2eds/bin/gnu/h-i686-mingw32/bin/../lib/gcc/nios2-elf/4.1.2/../../../../nios2-elf/lib\libc.a(lib_a-__call_atexit.o)
 .bss           0x0001df64        0x0 ../testdma_bsp/\libucosii_bsp.a(alt_exit.o)
 *(COMMON)
 COMMON         0x0001df64  0x2804800 obj/hello_ucosii.o
                0x0001df64                task1_stk
                0x0001ff64                AdcBuf1
                0x00020364                buffer
                0x02820364                task2_stk
                0x02822364                AdcBuf0
 COMMON         0x02822764     0x3224 ../testdma_bsp/\libucosii_bsp.a(os_core.o)
                0x02822764                OSFlagTbl
                0x02822ad4                OSMemTbl
                0x02823704                OSTaskStatStk
                0x02823f04                OSQTbl
                0x028240e4                OSTaskIdleStk
                0x028248e4                OSEventTbl
                0x02825424                OSTCBTbl
                0x02825934                OSTCBPrioTbl
 COMMON         0x02825988      0x100 ../testdma_bsp/\libucosii_bsp.a(alt_irq_handler.o)
                0x02825988                alt_irq
 COMMON         0x02825a88      0x190 c:/altera/11.0sp1/nios2eds/bin/gnu/h-i686-mingw32/bin/../lib/gcc/nios2-elf/4.1.2/../../../../nios2-elf/lib\libc.a(lib_a-atexit.o)
                0x02825a88                _atexit0
                0x02825c18                . = ALIGN (0x4)
                0x02825c18                __bss_end = ABSOLUTE (.)

.sdram          0x02825c18        0x0
                0x02825c18                PROVIDE (_alt_partition_sdram_start, ABSOLUTE (.))
 *(.sdram. sdram.*)
                0x02825c18                . = ALIGN (0x4)
                0x02825c18                PROVIDE (_alt_partition_sdram_end, ABSOLUTE (.))
                0x02825c18                _end = ABSOLUTE (.)
                0x02825c18                end = ABSOLUTE (.)
                0x02825c18                __alt_stack_base = ABSOLUTE (.)
                0x02825c18                PROVIDE (_alt_partition_sdram_load_addr, LOADADDR (.sdram))

.cfi_flash      0x0a800000        0x0 load address 0x02825c18
                0x0a800000                PROVIDE (_alt_partition_cfi_flash_start, ABSOLUTE (.))
 *(.cfi_flash. cfi_flash.*)
                0x0a800000                . = ALIGN (0x4)
                0x0a800000                PROVIDE (_alt_partition_cfi_flash_end, ABSOLUTE (.))
                0x02825c18                PROVIDE (_alt_partition_cfi_flash_load_addr, LOADADDR (.cfi_flash))

.sram           0x0b200000        0x0 load address 0x02825c18
                0x0b200000                PROVIDE (_alt_partition_sram_start, ABSOLUTE (.))
 *(.sram. sram.*)
                0x0b200000                . = ALIGN (0x4)
                0x0b200000                PROVIDE (_alt_partition_sram_end, ABSOLUTE (.))
                0x02825c18                PROVIDE (_alt_partition_sram_load_addr, LOADADDR (.sram))

.onchip_memory2
                0x0b404000        0x0 load address 0x02825c18
                0x0b404000                PROVIDE (_alt_partition_onchip_memory2_start, ABSOLUTE (.))
 *(.onchip_memory2. onchip_memory2.*)
                0x0b404000                . = ALIGN (0x4)
                0x0b404000                PROVIDE (_alt_partition_onchip_memory2_end, ABSOLUTE (.))
                0x02825c18                PROVIDE (_alt_partition_onchip_memory2_load_addr, LOADADDR (.onchip_memory2))

.descriptor_memory
                0x0b408080        0x0 load address 0x02825c18
                0x0b408080                PROVIDE (_alt_partition_descriptor_memory_start, ABSOLUTE (.))
 *(.descriptor_memory. descriptor_memory.*)
                0x0b408080                . = ALIGN (0x4)
                0x0b408080                PROVIDE (_alt_partition_descriptor_memory_end, ABSOLUTE (.))
                0x02825c18                PROVIDE (_alt_partition_descriptor_memory_load_addr, LOADADDR (.descriptor_memory))

.stab
 *(.stab)

.stabstr
 *(.stabstr)

.stab.excl
 *(.stab.excl)

.stab.exclstr
 *(.stab.exclstr)

.stab.index
 *(.stab.index)

.stab.indexstr
 *(.stab.indexstr)

.comment        0x00000000       0x26
 *(.comment)
 .comment       0x00000000       0x26 obj/hello_ucosii.o
                                 0x27 (size before relaxing)
 .comment       0x00000000       0x27 c:/altera/11.0sp1/nios2eds/bin/gnu/h-i686-mingw32/bin/../lib/gcc/nios2-elf/4.1.2\libgcc.a(lib2-divmod.o)
 .comment       0x00000000       0x27 c:/altera/11.0sp1/nios2eds/bin/gnu/h-i686-mingw32/bin/../lib/gcc/nios2-elf/4.1.2/../../../../nios2-elf/lib\libc.a(lib_a-printf.o)
 .comment       0x00000000       0x27 c:/altera/11.0sp1/nios2eds/bin/gnu/h-i686-mingw32/bin/../lib/gcc/nios2-elf/4.1.2/../../../../nios2-elf/lib\libc.a(lib_a-puts.o)
 .comment       0x00000000       0x27 c:/altera/11.0sp1/nios2eds/bin/gnu/h-i686-mingw32/bin/../lib/gcc/nios2-elf/4.1.2/../../../../nios2-elf/lib\libc.a(lib_a-strlen.o)
 .comment       0x00000000       0x27 c:/altera/11.0sp1/nios2eds/bin/gnu/h-i686-mingw32/bin/../lib/gcc/nios2-elf/4.1.2/../../../../nios2-elf/lib\libc.a(lib_a-vfprintf.o)
 .comment       0x00000000       0x27 c:/altera/11.0sp1/nios2eds/bin/gnu/h-i686-mingw32/bin/../lib/gcc/nios2-elf/4.1.2/../../../../nios2-elf/lib\libc.a(lib_a-wsetup.o)
 .comment       0x00000000       0x27 c:/altera/11.0sp1/nios2eds/bin/gnu/h-i686-mingw32/bin/../lib/gcc/nios2-elf/4.1.2/../../../../nios2-elf/lib\libc.a(lib_a-dtoa.o)
 .comment       0x00000000       0x27 c:/altera/11.0sp1/nios2eds/bin/gnu/h-i686-mingw32/bin/../lib/gcc/nios2-elf/4.1.2/../../../../nios2-elf/lib\libc.a(lib_a-fflush.o)
 .comment       0x00000000       0x27 c:/altera/11.0sp1/nios2eds/bin/gnu/h-i686-mingw32/bin/../lib/gcc/nios2-elf/4.1.2/../../../../nios2-elf/lib\libc.a(lib_a-findfp.o)
 .comment       0x00000000       0x27 c:/altera/11.0sp1/nios2eds/bin/gnu/h-i686-mingw32/bin/../lib/gcc/nios2-elf/4.1.2/../../../../nios2-elf/lib\libc.a(lib_a-freer.o)
 .comment       0x00000000       0x27 c:/altera/11.0sp1/nios2eds/bin/gnu/h-i686-mingw32/bin/../lib/gcc/nios2-elf/4.1.2/../../../../nios2-elf/lib\libc.a(lib_a-fvwrite.o)
 .comment       0x00000000       0x27 c:/altera/11.0sp1/nios2eds/bin/gnu/h-i686-mingw32/bin/../lib/gcc/nios2-elf/4.1.2/../../../../nios2-elf/lib\libc.a(lib_a-fwalk.o)
 .comment       0x00000000       0x27 c:/altera/11.0sp1/nios2eds/bin/gnu/h-i686-mingw32/bin/../lib/gcc/nios2-elf/4.1.2/../../../../nios2-elf/lib\libc.a(lib_a-impure.o)
 .comment       0x00000000       0x27 c:/altera/11.0sp1/nios2eds/bin/gnu/h-i686-mingw32/bin/../lib/gcc/nios2-elf/4.1.2/../../../../nios2-elf/lib\libc.a(lib_a-locale.o)
 .comment       0x00000000       0x27 c:/altera/11.0sp1/nios2eds/bin/gnu/h-i686-mingw32/bin/../lib/gcc/nios2-elf/4.1.2/../../../../nios2-elf/lib\libc.a(lib_a-makebuf.o)
 .comment       0x00000000       0x27 c:/altera/11.0sp1/nios2eds/bin/gnu/h-i686-mingw32/bin/../lib/gcc/nios2-elf/4.1.2/../../../../nios2-elf/lib\libc.a(lib_a-mallocr.o)
 .comment       0x00000000       0x27 c:/altera/11.0sp1/nios2eds/bin/gnu/h-i686-mingw32/bin/../lib/gcc/nios2-elf/4.1.2/../../../../nios2-elf/lib\libc.a(lib_a-memchr.o)
 .comment       0x00000000       0x27 c:/altera/11.0sp1/nios2eds/bin/gnu/h-i686-mingw32/bin/../lib/gcc/nios2-elf/4.1.2/../../../../nios2-elf/lib\libc.a(lib_a-memcpy.o)
 .comment       0x00000000       0x27 c:/altera/11.0sp1/nios2eds/bin/gnu/h-i686-mingw32/bin/../lib/gcc/nios2-elf/4.1.2/../../../../nios2-elf/lib\libc.a(lib_a-memmove.o)
 .comment       0x00000000       0x27 c:/altera/11.0sp1/nios2eds/bin/gnu/h-i686-mingw32/bin/../lib/gcc/nios2-elf/4.1.2/../../../../nios2-elf/lib\libc.a(lib_a-memset.o)
 .comment       0x00000000       0x27 c:/altera/11.0sp1/nios2eds/bin/gnu/h-i686-mingw32/bin/../lib/gcc/nios2-elf/4.1.2/../../../../nios2-elf/lib\libc.a(lib_a-mprec.o)
 .comment       0x00000000       0x27 c:/altera/11.0sp1/nios2eds/bin/gnu/h-i686-mingw32/bin/../lib/gcc/nios2-elf/4.1.2/../../../../nios2-elf/lib\libc.a(lib_a-reallocr.o)
 .comment       0x00000000       0x27 c:/altera/11.0sp1/nios2eds/bin/gnu/h-i686-mingw32/bin/../lib/gcc/nios2-elf/4.1.2/../../../../nios2-elf/lib\libc.a(lib_a-s_isinfd.o)