Archive member included because of file (symbol)

c:/altera/11.0sp1/nios2eds/bin/gnu/h-i686-mingw32/bin/../lib/gcc/nios2-elf/4.1.2\libgcc.a(_mul_df.o)
                              obj/simple_socket_server.o (__muldf3)
c:/altera/11.0sp1/nios2eds/bin/gnu/h-i686-mingw32/bin/../lib/gcc/nios2-elf/4.1.2\libgcc.a(_div_df.o)
                              obj/simple_socket_server.o (__divdf3)
c:/altera/11.0sp1/nios2eds/bin/gnu/h-i686-mingw32/bin/../lib/gcc/nios2-elf/4.1.2\libgcc.a(_si_to_df.o)
                              obj/simple_socket_server.o (__floatsidf)
c:/altera/11.0sp1/nios2eds/bin/gnu/h-i686-mingw32/bin/../lib/gcc/nios2-elf/4.1.2\libgcc.a(_thenan_df.o)
                              c:/altera/11.0sp1/nios2eds/bin/gnu/h-i686-mingw32/bin/../lib/gcc/nios2-elf/4.1.2\libgcc.a(_mul_df.o) (__thenan_df)
c:/altera/11.0sp1/nios2eds/bin/gnu/h-i686-mingw32/bin/../lib/gcc/nios2-elf/4.1.2\libgcc.a(_usi_to_df.o)
                              obj/simple_socket_server.o (__floatunsidf)
c:/altera/11.0sp1/nios2eds/bin/gnu/h-i686-mingw32/bin/../lib/gcc/nios2-elf/4.1.2\libgcc.a(lib2-divmod.o)
                              obj/adc.o (__udivsi3)
c:/altera/11.0sp1/nios2eds/bin/gnu/h-i686-mingw32/bin/../lib/gcc/nios2-elf/4.1.2\libgcc.a(_muldi3.o)
                              c:/altera/11.0sp1/nios2eds/bin/gnu/h-i686-mingw32/bin/../lib/gcc/nios2-elf/4.1.2\libgcc.a(_mul_df.o) (__muldi3)
c:/altera/11.0sp1/nios2eds/bin/gnu/h-i686-mingw32/bin/../lib/gcc/nios2-elf/4.1.2\libgcc.a(_clzsi2.o)
                              c:/altera/11.0sp1/nios2eds/bin/gnu/h-i686-mingw32/bin/../lib/gcc/nios2-elf/4.1.2\libgcc.a(_si_to_df.o) (__clzsi2)
c:/altera/11.0sp1/nios2eds/bin/gnu/h-i686-mingw32/bin/../lib/gcc/nios2-elf/4.1.2\libgcc.a(_pack_df.o)
                              c:/altera/11.0sp1/nios2eds/bin/gnu/h-i686-mingw32/bin/../lib/gcc/nios2-elf/4.1.2\libgcc.a(_mul_df.o) (__pack_d)
c:/altera/11.0sp1/nios2eds/bin/gnu/h-i686-mingw32/bin/../lib/gcc/nios2-elf/4.1.2\libgcc.a(_unpack_df.o)
                              c:/altera/11.0sp1/nios2eds/bin/gnu/h-i686-mingw32/bin/../lib/gcc/nios2-elf/4.1.2\libgcc.a(_mul_df.o) (__unpack_d)
c:/altera/11.0sp1/nios2eds/bin/gnu/h-i686-mingw32/bin/../lib/gcc/nios2-elf/4.1.2\libgcc.a(_clz.o)
                              c:/altera/11.0sp1/nios2eds/bin/gnu/h-i686-mingw32/bin/../lib/gcc/nios2-elf/4.1.2\libgcc.a(_clzsi2.o) (__clz_tab)
c:/altera/11.0sp1/nios2eds/bin/gnu/h-i686-mingw32/bin/../lib/gcc/nios2-elf/4.1.2/../../../../nios2-elf/lib\libc.a(lib_a-fprintf.o)
                              obj/alt_error_handler.o (fprintf)
c:/altera/11.0sp1/nios2eds/bin/gnu/h-i686-mingw32/bin/../lib/gcc/nios2-elf/4.1.2/../../../../nios2-elf/lib\libc.a(lib_a-fwrite.o)
                              obj/alt_error_handler.o (fwrite)
c:/altera/11.0sp1/nios2eds/bin/gnu/h-i686-mingw32/bin/../lib/gcc/nios2-elf/4.1.2/../../../../nios2-elf/lib\libc.a(lib_a-impure.o)
                              obj/alt_error_handler.o (_impure_ptr)
c:/altera/11.0sp1/nios2eds/bin/gnu/h-i686-mingw32/bin/../lib/gcc/nios2-elf/4.1.2/../../../../nios2-elf/lib\libc.a(lib_a-memset.o)
                              obj/simple_socket_server.o (memset)
c:/altera/11.0sp1/nios2eds/bin/gnu/h-i686-mingw32/bin/../lib/gcc/nios2-elf/4.1.2/../../../../nios2-elf/lib\libc.a(lib_a-perror.o)
                              obj/alt_error_handler.o (perror)
c:/altera/11.0sp1/nios2eds/bin/gnu/h-i686-mingw32/bin/../lib/gcc/nios2-elf/4.1.2/../../../../nios2-elf/lib\libc.a(lib_a-printf.o)
                              obj/alt_error_handler.o (printf)
c:/altera/11.0sp1/nios2eds/bin/gnu/h-i686-mingw32/bin/../lib/gcc/nios2-elf/4.1.2/../../../../nios2-elf/lib\libc.a(lib_a-puts.o)
                              obj/alt_error_handler.o (puts)
c:/altera/11.0sp1/nios2eds/bin/gnu/h-i686-mingw32/bin/../lib/gcc/nios2-elf/4.1.2/../../../../nios2-elf/lib\libc.a(lib_a-strerror.o)
                              c:/altera/11.0sp1/nios2eds/bin/gnu/h-i686-mingw32/bin/../lib/gcc/nios2-elf/4.1.2/../../../../nios2-elf/lib\libc.a(lib_a-perror.o) (strerror)
c:/altera/11.0sp1/nios2eds/bin/gnu/h-i686-mingw32/bin/../lib/gcc/nios2-elf/4.1.2/../../../../nios2-elf/lib\libc.a(lib_a-strlen.o)
                              c:/altera/11.0sp1/nios2eds/bin/gnu/h-i686-mingw32/bin/../lib/gcc/nios2-elf/4.1.2/../../../../nios2-elf/lib\libc.a(lib_a-puts.o) (strlen)
c:/altera/11.0sp1/nios2eds/bin/gnu/h-i686-mingw32/bin/../lib/gcc/nios2-elf/4.1.2/../../../../nios2-elf/lib\libc.a(lib_a-u_strerr.o)
                              c:/altera/11.0sp1/nios2eds/bin/gnu/h-i686-mingw32/bin/../lib/gcc/nios2-elf/4.1.2/../../../../nios2-elf/lib\libc.a(lib_a-strerror.o) (_user_strerror)
c:/altera/11.0sp1/nios2eds/bin/gnu/h-i686-mingw32/bin/../lib/gcc/nios2-elf/4.1.2/../../../../nios2-elf/lib\libc.a(lib_a-vfprintf.o)
                              c:/altera/11.0sp1/nios2eds/bin/gnu/h-i686-mingw32/bin/../lib/gcc/nios2-elf/4.1.2/../../../../nios2-elf/lib\libc.a(lib_a-printf.o) (___vfprintf_internal_r)
[...]
Memory Configuration

Name             Origin             Length             Attributes
reset            0x00000000         0x00000020
sdram            0x00000020         0x07ffffe0
cfi_flash        0x0a800000         0x00800000
sram             0x0b200000         0x00200000
onchip_memory2   0x0b404000         0x00004000
descriptor_memory 0x0b408000         0x00002000
descf            0x0b40b800         0x00000400
*default*        0x00000000         0xffffffff

Linker script and memory map

LOAD ../asvm14150_bsp//obj/HAL/src/crt0.o
LOAD obj/adc.o
LOAD obj/alt_error_handler.o
LOAD obj/hack_tcp.o
LOAD obj/iniche_init.o
LOAD obj/led.o
LOAD obj/network_utilities.o
LOAD obj/simple_socket_server.o
LOAD obj/tse_my_system.o
LOAD c:/altera/11.0sp1/nios2eds/bin/gnu/h-i686-mingw32/bin/../lib/gcc/nios2-elf/4.1.2/../../../../nios2-elf/lib\libstdc++.a
LOAD c:/altera/11.0sp1/nios2eds/bin/gnu/h-i686-mingw32/bin/../lib/gcc/nios2-elf/4.1.2/../../../../nios2-elf/lib\libm.a
LOAD c:/altera/11.0sp1/nios2eds/bin/gnu/h-i686-mingw32/bin/../lib/gcc/nios2-elf/4.1.2\libgcc.a
START GROUP
LOAD c:/altera/11.0sp1/nios2eds/bin/gnu/h-i686-mingw32/bin/../lib/gcc/nios2-elf/4.1.2/../../../../nios2-elf/lib\libc.a
LOAD c:/altera/11.0sp1/nios2eds/bin/gnu/h-i686-mingw32/bin/../lib/gcc/nios2-elf/4.1.2\libgcc.a
LOAD ../asvm14150_bsp/\libucosii_bsp.a
END GROUP
LOAD c:/altera/11.0sp1/nios2eds/bin/gnu/h-i686-mingw32/bin/../lib/gcc/nios2-elf/4.1.2\libgcc.a
                0x00000000                __alt_mem_sdram = 0x0
                0x0a800000                __alt_mem_cfi_flash = 0xa800000
                0x0b200000                __alt_mem_sram = 0xb200000
                0x0b404000                __alt_mem_onchip_memory2 = 0xb404000
                0x0b408000                __alt_mem_descriptor_memory = 0xb408000
                0x0b40b800                __alt_mem_descf = 0xb40b800

.entry          0x00000000       0x20
 *(.entry)
 .entry         0x00000000       0x20 ../asvm14150_bsp//obj/HAL/src/crt0.o
                0x00000000                __reset

.exceptions     0x00000020      0x19c
                0x00000020                PROVIDE (__ram_exceptions_start, ABSOLUTE (.))
                0x00000020                . = ALIGN (0x20)
 *(.irq)
 *(.exceptions.entry.label)
 .exceptions.entry.label
                0x00000020        0x0 ../asvm14150_bsp/\libucosii_bsp.a(alt_irq_entry.o)
                0x00000020                alt_irq_entry
 .exceptions.entry.label
                0x00000020        0x0 ../asvm14150_bsp/\libucosii_bsp.a(alt_exception_entry.o)
                0x00000020                alt_exception
 *(.exceptions.entry.user)
 *(.exceptions.entry)
 .exceptions.entry
                0x00000020       0x54 ../asvm14150_bsp/\libucosii_bsp.a(alt_exception_entry.o)
 *(.exceptions.irqtest.user)
 *(.exceptions.irqtest)
 .exceptions.irqtest
                0x00000074       0x10 ../asvm14150_bsp/\libucosii_bsp.a(alt_irq_entry.o)
 *(.exceptions.irqhandler.user)
 *(.exceptions.irqhandler)
 .exceptions.irqhandler
                0x00000084        0x4 ../asvm14150_bsp/\libucosii_bsp.a(alt_irq_entry.o)
 *(.exceptions.irqreturn.user)
 *(.exceptions.irqreturn)
 .exceptions.irqreturn
                0x00000088        0x4 ../asvm14150_bsp/\libucosii_bsp.a(alt_irq_entry.o)
 *(.exceptions.notirq.label)
 .exceptions.notirq.label
                0x0000008c        0x0 ../asvm14150_bsp/\libucosii_bsp.a(alt_irq_entry.o)
 *(.exceptions.notirq.user)
 *(.exceptions.notirq)
 .exceptions.notirq
                0x0000008c        0x8 ../asvm14150_bsp/\libucosii_bsp.a(alt_exception_entry.o)
 *(.exceptions.soft.user)
 *(.exceptions.soft)
 *(.exceptions.unknown.user)
 *(.exceptions.unknown)
 .exceptions.unknown
                0x00000094        0x4 ../asvm14150_bsp/\libucosii_bsp.a(alt_exception_entry.o)
 *(.exceptions.exit.label)
 .exceptions.exit.label
                0x00000098        0x0 ../asvm14150_bsp/\libucosii_bsp.a(alt_irq_entry.o)
 .exceptions.exit.label
                0x00000098        0x0 ../asvm14150_bsp/\libucosii_bsp.a(alt_exception_entry.o)
 *(.exceptions.exit.user)
 *(.exceptions.exit)
 .exceptions.exit
                0x00000098       0x54 ../asvm14150_bsp/\libucosii_bsp.a(alt_exception_entry.o)
 *(.exceptions)
 .exceptions    0x000000ec       0xd0 ../asvm14150_bsp/\libucosii_bsp.a(alt_irq_handler.o)
                0x000000ec                alt_irq_handler
                0x000001bc                PROVIDE (__ram_exceptions_end, ABSOLUTE (.))
                0x00000020                PROVIDE (__flash_exceptions_start, LOADADDR (.exceptions))

desc            0x0b40b800       0xe0
                0x0b40b800                PROVIDE (_alt_partition_desc_start, ABSOLUTE (.))
 *(desc desc.*)
 desc           0x0b40b800       0x80 obj/adc.o
                0x0b40b800                Desc0
                0x0b40b820                Desc1
                0x0b40b840                NextDesc0
                0x0b40b860                NextDesc1
 desc           0x0b40b880       0x60 obj/hack_tcp.o
                0x0b40b880                DescHeader
                0x0b40b8a0                DescData
                0x0b40b8c0                DescEnd
                0x0b40b8e0                . = ALIGN (0x4)
                0x0b40b8e0                PROVIDE (_alt_partition_desc_end, ABSOLUTE (.))

sram            0x0b200000        0x0
                0x0b200000                PROVIDE (_alt_partition_sram_start, ABSOLUTE (.))
 *(sram sram.*)
                0x0b200000                . = ALIGN (0x4)
                0x0b200000                PROVIDE (_alt_partition_sram_end, ABSOLUTE (.))

.text           0x000001bc    0x4ad18
                0x000001bc                PROVIDE (stext, ABSOLUTE (.))
 *(.interp)
 *(.hash)
 *(.dynsym)
 *(.dynstr)
 *(.gnu.version)
 *(.gnu.version_d)
 *(.gnu.version_r)
 *(.rel.init)
 *(.rela.init)
 *(.rel.text .rel.text.* .rel.gnu.linkonce.t.*)
 *(.rela.text .rela.text.* .rela.gnu.linkonce.t.*)
 *(.rel.fini)
 *(.rela.fini)
 *(.rel.rodata .rel.rodata.* .rel.gnu.linkonce.r.*)
 *(.rela.rodata .rela.rodata.* .rela.gnu.linkonce.r.*)
 *(.rel.data .rel.data.* .rel.gnu.linkonce.d.*)
 *(.rela.data .rela.data.* .rela.gnu.linkonce.d.*)
 *(.rel.tdata .rel.tdata.* .rel.gnu.linkonce.td.*)
 *(.rela.tdata .rela.tdata.* .rela.gnu.linkonce.td.*)
 *(.rel.tbss .rel.tbss.* .rel.gnu.linkonce.tb.*)
 *(.rela.tbss .rela.tbss.* .rela.gnu.linkonce.tb.*)
 *(.rel.ctors)
 *(.rela.ctors)
 *(.rel.dtors)
 *(.rela.dtors)
 *(.rel.got)
 *(.rela.got)
 *(.rel.sdata .rel.sdata.* .rel.gnu.linkonce.s.*)
 *(.rela.sdata .rela.sdata.* .rela.gnu.linkonce.s.*)
 *(.rel.sbss .rel.sbss.* .rel.gnu.linkonce.sb.*)
 *(.rela.sbss .rela.sbss.* .rela.gnu.linkonce.sb.*)
 *(.rel.sdata2 .rel.sdata2.* .rel.gnu.linkonce.s2.*)
 *(.rela.sdata2 .rela.sdata2.* .rela.gnu.linkonce.s2.*)
 *(.rel.sbss2 .rel.sbss2.* .rel.gnu.linkonce.sb2.*)
 *(.rela.sbss2 .rela.sbss2.* .rela.gnu.linkonce.sb2.*)
 *(.rel.bss .rel.bss.* .rel.gnu.linkonce.b.*)
 *(.rela.bss .rela.bss.* .rela.gnu.linkonce.b.*)
 *(.rel.plt)
 *(.rela.plt)
 *(.rel.dyn)
 *(.init)
 *(.plt)
 *(.text .stub .text.* .gnu.linkonce.t.*)
 .text          0x000001bc       0x4c ../asvm14150_bsp//obj/HAL/src/crt0.o
                0x000001bc                _start
 .text          0x00000208      0x394 obj/adc.o
                0x00000208                InitADC
                0x00000278                SGDMAFDone
                0x00000318                ADCToUDPM
                0x000004ac                ADCToMem
 .text          0x0000059c      0xba8 obj/alt_error_handler.o
                0x0000059c                alt_uCOSIIErrorHandler
                0x00000bc0                alt_NetworkErrorHandler
                0x00000e58                alt_SSSErrorHandler
 .text          0x00001144      0x8b8 obj/hack_tcp.o
                0x00001144                swap2
                0x00001188                checksum
                0x00001250                InitUDP
                0x000014b0                hack_tse_mac_sTxWrite
                0x000015a0                hack_tse_mac_raw_send
                0x00001784                hack_send
                0x00001974                SendUDP
 .text          0x000019fc       0xf4 obj/iniche_init.o
                0x000019fc                SSSInitialTask
                0x00001a74                main
 .text          0x00001af0      0x2d8 obj/led.o
                0x00001af0                led_bit_toggle
                0x00001bbc                UserTask
                0x00001be4                LEDManagementTask
 .text          0x00001dc8       0xf8 obj/network_utilities.o
                0x00001dc8                get_mac_addr
                0x00001e60                get_ip_addr
 .text          0x00001ec0      0x3e8 obj/simple_socket_server.o
                0x00001ec0                SSSCreateOSDataStructs
                0x00001f68                SSSCreateTasks
                0x00001f84                sss_reset_connection
                0x00001ff4                GetNextData
                0x0000206c                SSSSimpleSocketServerTask
 .text          0x000022a8        0x0 obj/tse_my_system.o
 .text          0x000022a8      0x3c4 c:/altera/11.0sp1/nios2eds/bin/gnu/h-i686-mingw32/bin/../lib/gcc/nios2-elf/4.1.2\libgcc.a(_mul_df.o)
                0x000022a8                __muldf3
 .text          0x0000266c      0x258 c:/altera/11.0sp1/nios2eds/bin/gnu/h-i686-mingw32/bin/../lib/gcc/nios2-elf/4.1.2\libgcc.a(_div_df.o)
                0x0000266c                __divdf3
 .text          0x000028c4       0xf8 c:/altera/11.0sp1/nios2eds/bin/gnu/h-i686-mingw32/bin/../lib/gcc/nios2-elf/4.1.2\libgcc.a(_si_to_df.o)
                0x000028c4                __floatsidf
 .text          0x000029bc        0x0 c:/altera/11.0sp1/nios2eds/bin/gnu/h-i686-mingw32/bin/../lib/gcc/nios2-elf/4.1.2\libgcc.a(_thenan_df.o)
 .text          0x000029bc      0x194 c:/altera/11.0sp1/nios2eds/bin/gnu/h-i686-mingw32/bin/../lib/gcc/nios2-elf/4.1.2\libgcc.a(_usi_to_df.o)
                0x000029bc                __floatunsidf
 .text          0x00002b50      0x14c c:/altera/11.0sp1/nios2eds/bin/gnu/h-i686-mingw32/bin/../lib/gcc/nios2-elf/4.1.2\libgcc.a(lib2-divmod.o)
                0x00002bcc                __divsi3
                0x00002c2c                __modsi3
                0x00002c8c                __udivsi3
                0x00002c94                __umodsi3
 .text          0x00002c9c       0x98 c:/altera/11.0sp1/nios2eds/bin/gnu/h-i686-mingw32/bin/../lib/gcc/nios2-elf/4.1.2\libgcc.a(_muldi3.o)
                0x00002c9c                __muldi3
 .text          0x00002d34       0x80 c:/altera/11.0sp1/nios2eds/bin/gnu/h-i686-mingw32/bin/../lib/gcc/nios2-elf/4.1.2\libgcc.a(_clzsi2.o)
                0x00002d34                __clzsi2
 .text          0x00002db4      0x314 c:/altera/11.0sp1/nios2eds/bin/gnu/h-i686-mingw32/bin/../lib/gcc/nios2-elf/4.1.2\libgcc.a(_pack_df.o)
                0x00002db4                __pack_d
 .text          0x000030c8      0x138 c:/altera/11.0sp1/nios2eds/bin/gnu/h-i686-mingw32/bin/../lib/gcc/nios2-elf/4.1.2\libgcc.a(_unpack_df.o)
                0x000030c8                __unpack_d
 .text          0x00003200        0x0 c:/altera/11.0sp1/nios2eds/bin/gnu/h-i686-mingw32/bin/../lib/gcc/nios2-elf/4.1.2\libgcc.a(_clz.o)
 .text          0x00003200       0x60 c:/altera/11.0sp1/nios2eds/bin/gnu/h-i686-mingw32/bin/../lib/gcc/nios2-elf/4.1.2/../../../../nios2-elf/lib\libc.a(lib_a-fprintf.o)
                0x00003200                fprintf
                0x0000322c                _fprintf_r
 .text          0x00003260       0xdc c:/altera/11.0sp1/nios2eds/bin/gnu/h-i686-mingw32/bin/../lib/gcc/nios2-elf/4.1.2/../../../../nios2-elf/lib\libc.a(lib_a-fwrite.o)
                0x00003260                _fwrite_r
                0x000032fc                fwrite
 .text          0x0000333c        0x0 c:/altera/11.0sp1/nios2eds/bin/gnu/h-i686-mingw32/bin/../lib/gcc/nios2-elf/4.1.2/../../../../nios2-elf/lib\libc.a(lib_a-impure.o)
 .text          0x0000333c       0x98 c:/altera/11.0sp1/nios2eds/bin/gnu/h-i686-mingw32/bin/../lib/gcc/nios2-elf/4.1.2/../../../../nios2-elf/lib\libc.a(lib_a-memset.o)
                0x0000333c                memset
 .text          0x000033d4       0x80 c:/altera/11.0sp1/nios2eds/bin/gnu/h-i686-mingw32/bin/../lib/gcc/nios2-elf/4.1.2/../../../../nios2-elf/lib\libc.a(lib_a-perror.o)
                0x000033d4                _perror_r
                0x00003440                perror
 .text          0x00003454       0x78 c:/altera/11.0sp1/nios2eds/bin/gnu/h-i686-mingw32/bin/../lib/gcc/nios2-elf/4.1.2/../../../../nios2-elf/lib\libc.a(lib_a-printf.o)
                0x00003454                printf
                0x00003498                _printf_r
 .text          0x000034cc       0xb4 c:/altera/11.0sp1/nios2eds/bin/gnu/h-i686-mingw32/bin/../lib/gcc/nios2-elf/4.1.2/../../../../nios2-elf/lib\libc.a(lib_a-puts.o)
                0x000034cc                _puts_r
                0x0000356c                puts
 .text          0x00003580      0x674 c:/altera/11.0sp1/nios2eds/bin/gnu/h-i686-mingw32/bin/../lib/gcc/nios2-elf/4.1.2/../../../../nios2-elf/lib\libc.a(lib_a-strerror.o)
                0x00003580                strerror
 .text          0x00003bf4       0x74 c:/altera/11.0sp1/nios2eds/bin/gnu/h-i686-mingw32/bin/../lib/gcc/nios2-elf/4.1.2/../../../../nios2-elf/lib\libc.a(lib_a-strlen.o)
                0x00003bf4                strlen
 .text          0x00003c68        0x8 c:/altera/11.0sp1/nios2eds/bin/gnu/h-i686-mingw32/bin/../lib/gcc/nios2-elf/4.1.2/../../../../nios2-elf/lib\libc.a(lib_a-u_strerr.o)
                0x00003c68                _user_strerror
 .text          0x00003c70     0x1f28 c:/altera/11.0sp1/nios2eds/bin/gnu/h-i686-mingw32/bin/../lib/gcc/nios2-elf/4.1.2/../../../../nios2-elf/lib\libc.a(lib_a-vfprintf.o)
                0x00003cc8                ___vfprintf_internal_r
                0x00005b74                __vfprintf_internal
 .text          0x00005b98      0x13c c:/altera/11.0sp1/nios2eds/bin/gnu/h-i686-mingw32/bin/../lib/gcc/nios2-elf/4.1.2/../../../../nios2-elf/lib\libc.a(lib_a-wsetup.o)
                0x00005b98                __swsetup_r
 .text          0x00005cd4     0x17cc c:/altera/11.0sp1/nios2eds/bin/gnu/h-i686-mingw32/bin/../lib/gcc/nios2-elf/4.1.2/../../../../nios2-elf/lib\libc.a(lib_a-dtoa.o)
                0x00005eec                _dtoa_r
 .text          0x000074a0      0x230 c:/altera/11.0sp1/nios2eds/bin/gnu/h-i686-mingw32/bin/../lib/gcc/nios2-elf/4.1.2/../../../../nios2-elf/lib\libc.a(lib_a-fflush.o)
                0x000074a0                _fflush_r
                0x0000769c                fflush
 .text          0x000076d0      0x2c0 c:/altera/11.0sp1/nios2eds/bin/gnu/h-i686-mingw32/bin/../lib/gcc/nios2-elf/4.1.2/../../../../nios2-elf/lib\libc.a(lib_a-findfp.o)
                0x00007728                __sfp_lock_acquire
                0x0000772c                __sfp_lock_release
                0x00007730                __sinit_lock_acquire
                0x00007734                __sinit_lock_release
                0x00007738                __sinit
                0x000077ec                __fp_unlock_all
                0x00007804                __fp_lock_all
                0x0000781c                _cleanup_r
                0x00007828                _cleanup
                0x00007838                __sfmoreglue
                0x000078a0                __sfp
 .text          0x00007990       0xbc c:/altera/11.0sp1/nios2eds/bin/gnu/h-i686-mingw32/bin/../lib/gcc/nios2-elf/4.1.2/../../../../nios2-elf/lib\libc.a(lib_a-fputc.o)
                0x00007990                fputc
                0x000079f4                _fputc_r
 .text          0x00007a4c       0x90 c:/altera/11.0sp1/nios2eds/bin/gnu/h-i686-mingw32/bin/../lib/gcc/nios2-elf/4.1.2/../../../../nios2-elf/lib\libc.a(lib_a-fputs.o)
                0x00007a4c                _fputs_r
                0x00007ac0                fputs
 .text          0x00007adc      0x440 c:/altera/11.0sp1/nios2eds/bin/gnu/h-i686-mingw32/bin/../lib/gcc/nios2-elf/4.1.2/../../../../nios2-elf/lib\libc.a(lib_a-freer.o)
                0x00007adc                _malloc_trim_r
                0x00007c08                _free_r
 .text          0x00007f1c      0x49c c:/altera/11.0sp1/nios2eds/bin/gnu/h-i686-mingw32/bin/../lib/gcc/nios2-elf/4.1.2/../../../../nios2-elf/lib\libc.a(lib_a-fvwrite.o)
                0x00007f1c                __sfvwrite_r
 .text          0x000083b8      0x180 c:/altera/11.0sp1/nios2eds/bin/gnu/h-i686-mingw32/bin/../lib/gcc/nios2-elf/4.1.2/../../../../nios2-elf/lib\libc.a(lib_a-fwalk.o)
                0x000083b8                _fwalk_reent
                0x00008480                _fwalk
 .text          0x00008538       0xc4 c:/altera/11.0sp1/nios2eds/bin/gnu/h-i686-mingw32/bin/../lib/gcc/nios2-elf/4.1.2/../../../../nios2-elf/lib\libc.a(lib_a-locale.o)
                0x00008538                __locale_charset
                0x00008540                _localeconv_r
                0x0000854c                localeconv
                0x0000855c                _setlocale_r
                0x000085e0                setlocale
 .text          0x000085fc      0x194 c:/altera/11.0sp1/nios2eds/bin/gnu/h-i686-mingw32/bin/../lib/gcc/nios2-elf/4.1.2/../../../../nios2-elf/lib\libc.a(lib_a-makebuf.o)
                0x000085fc                __smakebuf_r
 .text          0x00008790      0x740 c:/altera/11.0sp1/nios2eds/bin/gnu/h-i686-mingw32/bin/../lib/gcc/nios2-elf/4.1.2/../../../../nios2-elf/lib\libc.a(lib_a-mallocr.o)
                0x00008790                _malloc_r
 .text          0x00008ed0       0xe4 c:/altera/11.0sp1/nios2eds/bin/gnu/h-i686-mingw32/bin/../lib/gcc/nios2-elf/4.1.2/../../../../nios2-elf/lib\libc.a(lib_a-memchr.o)
                0x00008ed0                memchr
 .text          0x00008fb4       0xa0 c:/altera/11.0sp1/nios2eds/bin/gnu/h-i686-mingw32/bin/../lib/gcc/nios2-elf/4.1.2/../../../../nios2-elf/lib\libc.a(lib_a-memcpy.o)
                0x00008fb4                memcpy
 .text          0x00009054       0xe0 c:/altera/11.0sp1/nios2eds/bin/gnu/h-i686-mingw32/bin/../lib/gcc/nios2-elf/4.1.2/../../../../nios2-elf/lib\libc.a(lib_a-memmove.o)
                0x00009054                memmove
 .text          0x00009134      0xff4 c:/altera/11.0sp1/nios2eds/bin/gnu/h-i686-mingw32/bin/../lib/gcc/nios2-elf/4.1.2/../../../../nios2-elf/lib\libc.a(lib_a-mprec.o)
                0x00009134                _Bfree
                0x0000915c                __hi0bits
                0x000091cc                __lo0bits
                0x00009290                __mcmp
                0x000092f0                __ulp
                0x00009370                __b2d
                0x00009490                __ratio
                0x00009540                _mprec_log10
                0x000095d4                __copybits
                0x0000962c                __any_on
                0x000096b4                _Balloc
                0x00009770                __d2b
                0x000098ec                __mdiff
                0x00009a78                __lshift
                0x00009bc4                __multiply
                0x00009dac                __i2b
                0x00009de8                __multadd
                0x00009ee8                __pow5mult
                0x0000a008                __s2b
 .text          0x0000a128      0x1ec c:/altera/11.0sp1/nios2eds/bin/gnu/h-i686-mingw32/bin/../lib/gcc/nios2-elf/4.1.2/../../../../nios2-elf/lib\libc.a(lib_a-putc.o)
                0x0000a128                putc
                0x0000a22c                _putc_r
 .text          0x0000a314      0x5f4 c:/altera/11.0sp1/nios2eds/bin/gnu/h-i686-mingw32/bin/../lib/gcc/nios2-elf/4.1.2/../../../../nios2-elf/lib\libc.a(lib_a-reallocr.o)
                0x0000a314                _realloc_r
 .text          0x0000a908       0x40 c:/altera/11.0sp1/nios2eds/bin/gnu/h-i686-mingw32/bin/../lib/gcc/nios2-elf/4.1.2/../../../../nios2-elf/lib\libc.a(lib_a-s_isinfd.o)
                0x0000a908                __isinfd
 .text          0x0000a948       0x30 c:/altera/11.0sp1/nios2eds/bin/gnu/h-i686-mingw32/bin/../lib/gcc/nios2-elf/4.1.2/../../../../nios2-elf/lib\libc.a(lib_a-s_isnand.o)
                0x0000a948                __isnand
 .text          0x0000a978       0x70 c:/altera/11.0sp1/nios2eds/bin/gnu/h-i686-mingw32/bin/../lib/gcc/nios2-elf/4.1.2/../../../../nios2-elf/lib\libc.a(lib_a-sbrkr.o)
                0x0000a978                _sbrk_r
 .text          0x0000a9e8      0x14c c:/altera/11.0sp1/nios2eds/bin/gnu/h-i686-mingw32/bin/../lib/gcc/nios2-elf/4.1.2/../../../../nios2-elf/lib\libc.a(lib_a-stdio.o)
                0x0000a9e8                __sclose
                0x0000a9f0                __sseek
                0x0000aa58                __swrite
                0x0000aad4                __sread
 .text          0x0000ab34       0xbc c:/altera/11.0sp1/nios2eds/bin/gnu/h-i686-mingw32/bin/../lib/gcc/nios2-elf/4.1.2/../../../../nios2-elf/lib\libc.a(lib_a-strcmp.o)
                0x0000ab34                strcmp
 .text          0x0000abf0      0x14c c:/altera/11.0sp1/nios2eds/bin/gnu/h-i686-mingw32/bin/../lib/gcc/nios2-elf/4.1.2/../../../../nios2-elf/lib\libc.a(lib_a-wbuf.o)
                0x0000abf0                __swbuf_r
                0x0000ad20                __swbuf
 .text          0x0000ad3c       0x78 c:/altera/11.0sp1/nios2eds/bin/gnu/h-i686-mingw32/bin/../lib/gcc/nios2-elf/4.1.2/../../../../nios2-elf/lib\libc.a(lib_a-writer.o)
                0x0000ad3c                _write_r
 .text          0x0000adb4       0xb4 c:/altera/11.0sp1/nios2eds/bin/gnu/h-i686-mingw32/bin/../lib/gcc/nios2-elf/4.1.2/../../../../nios2-elf/lib\libc.a(lib_a-callocr.o)
                0x0000adb4                _calloc_r
 .text          0x0000ae68       0x70 c:/altera/11.0sp1/nios2eds/bin/gnu/h-i686-mingw32/bin/../lib/gcc/nios2-elf/4.1.2/../../../../nios2-elf/lib\libc.a(lib_a-closer.o)
                0x0000ae68                _close_r
 .text          0x0000aed8      0x124 c:/altera/11.0sp1/nios2eds/bin/gnu/h-i686-mingw32/bin/../lib/gcc/nios2-elf/4.1.2/../../../../nios2-elf/lib\libc.a(lib_a-fclose.o)
                0x0000aed8                _fclose_r
                0x0000afe8                fclose
 .text          0x0000affc       0x74 c:/altera/11.0sp1/nios2eds/bin/gnu/h-i686-mingw32/bin/../lib/gcc/nios2-elf/4.1.2/../../../../nios2-elf/lib\libc.a(lib_a-fstatr.o)
                0x0000affc                _fstat_r
 .text          0x0000b070        0x0 c:/altera/11.0sp1/nios2eds/bin/gnu/h-i686-mingw32/bin/../lib/gcc/nios2-elf/4.1.2/../../../../nios2-elf/lib\libc.a(lib_a-int_errno.o)
 .text          0x0000b070       0x70 c:/altera/11.0sp1/nios2eds/bin/gnu/h-i686-mingw32/bin/../lib/gcc/nios2-elf/4.1.2/../../../../nios2-elf/lib\libc.a(lib_a-isattyr.o)
                0x0000b070                _isatty_r
 .text          0x0000b0e0       0x78 c:/altera/11.0sp1/nios2eds/bin/gnu/h-i686-mingw32/bin/../lib/gcc/nios2-elf/4.1.2/../../../../nios2-elf/lib\libc.a(lib_a-lseekr.o)
                0x0000b0e0                _lseek_r
 .text          0x0000b158       0x78 c:/altera/11.0sp1/nios2eds/bin/gnu/h-i686-mingw32/bin/../lib/gcc/nios2-elf/4.1.2/../../../../nios2-elf/lib\libc.a(lib_a-readr.o)
                0x0000b158                _read_r
 .text          0x0000b1d0      0x5dc c:/altera/11.0sp1/nios2eds/bin/gnu/h-i686-mingw32/bin/../lib/gcc/nios2-elf/4.1.2\libgcc.a(_udivdi3.o)
                0x0000b1d0                __udivdi3
 .text          0x0000b7ac      0x5b0 c:/altera/11.0sp1/nios2eds/bin/gnu/h-i686-mingw32/bin/../lib/gcc/nios2-elf/4.1.2\libgcc.a(_umoddi3.o)
                0x0000b7ac                __umoddi3
 .text          0x0000bd5c      0x504 c:/altera/11.0sp1/nios2eds/bin/gnu/h-i686-mingw32/bin/../lib/gcc/nios2-elf/4.1.2\libgcc.a(_addsub_df.o)
                0x0000c16c                __subdf3
                0x0000c1ec                __adddf3
 .text          0x0000c260       0x88 c:/altera/11.0sp1/nios2eds/bin/gnu/h-i686-mingw32/bin/../lib/gcc/nios2-elf/4.1.2\libgcc.a(_eq_df.o)
                0x0000c260                __eqdf2
 .text          0x0000c2e8       0x88 c:/altera/11.0sp1/nios2eds/bin/gnu/h-i686-mingw32/bin/../lib/gcc/nios2-elf/4.1.2\libgcc.a(_ne_df.o)
                0x0000c2e8                __nedf2
 .text          0x0000c370       0x88 c:/altera/11.0sp1/nios2eds/bin/gnu/h-i686-mingw32/bin/../lib/gcc/nios2-elf/4.1.2\libgcc.a(_gt_df.o)
                0x0000c370                __gtdf2
 .text          0x0000c3f8       0x88 c:/altera/11.0sp1/nios2eds/bin/gnu/h-i686-mingw32/bin/../lib/gcc/nios2-elf/4.1.2\libgcc.a(_ge_df.o)
                0x0000c3f8                __gedf2
 .text          0x0000c480       0x88 c:/altera/11.0sp1/nios2eds/bin/gnu/h-i686-mingw32/bin/../lib/gcc/nios2-elf/4.1.2\libgcc.a(_lt_df.o)
                0x0000c480                __ltdf2
 .text          0x0000c508       0xd8 c:/altera/11.0sp1/nios2eds/bin/gnu/h-i686-mingw32/bin/../lib/gcc/nios2-elf/4.1.2\libgcc.a(_df_to_si.o)
                0x0000c508                __fixdfsi
 .text          0x0000c5e0       0xc8 c:/altera/11.0sp1/nios2eds/bin/gnu/h-i686-mingw32/bin/../lib/gcc/nios2-elf/4.1.2\libgcc.a(_fpcmp_parts_df.o)
                0x0000c5e0                __fpcmp_parts_d
 .text          0x0000c6a8      0x134 ../asvm14150_bsp/\libucosii_bsp.a(alt_fstat.o)
                0x0000c6a8                fstat
 .text          0x0000c7dc      0x120 ../asvm14150_bsp/\libucosii_bsp.a(alt_isatty.o)
                0x0000c7dc                isatty
 .text          0x0000c8fc       0xec ../asvm14150_bsp/\libucosii_bsp.a(alt_load.o)
                0x0000c8fc                alt_load
 .text          0x0000c9e8      0x150 ../asvm14150_bsp/\libucosii_bsp.a(alt_lseek.o)
                0x0000c9e8                lseek
 .text          0x0000cb38       0xc8 ../asvm14150_bsp/\libucosii_bsp.a(alt_main.o)
                0x0000cb38                alt_main
 .text          0x0000cc00       0x38 ../asvm14150_bsp/\libucosii_bsp.a(alt_remap_cached.o)
                0x0000cc00                alt_remap_cached
 .text          0x0000cc38       0xbc ../asvm14150_bsp/\libucosii_bsp.a(alt_sbrk.o)
                0x0000cc38                sbrk
 .text          0x0000ccf4      0x108 ../asvm14150_bsp/\libucosii_bsp.a(alt_env_lock.o)
                0x0000ccf4                __env_lock
                0x0000cda0                __env_unlock
 .text          0x0000cdfc      0x1d8 ../asvm14150_bsp/\libucosii_bsp.a(alt_malloc_lock.o)
                0x0000cdfc                __malloc_lock
                0x0000cf04                __malloc_unlock
 .text          0x0000cfd4     0x2128 ../asvm14150_bsp/\libucosii_bsp.a(os_core.o)
                0x0000cfd4                OSEventNameGet
                0x0000d104                OSEventNameSet
                0x0000d248                OSEventPendMulti
                0x0000d8fc                OSInit
                0x0000d950                OSIntEnter
                0x0000d9cc                OSIntExit
                0x0000dacc                OSSchedLock
                0x0000db58                OSSchedUnlock
                0x0000dc3c                OSStart
                0x0000dcac                OSStatInit
                0x0000dd58                OSTimeTick
                0x0000df98                OSVersion
                0x0000dfb8                OS_Dummy
                0x0000dfd4                OS_EventTaskRdy
                0x0000e168                OS_EventTaskWait
                0x0000e278                OS_EventTaskWaitMulti
                0x0000e3cc                OS_EventTaskRemove
                0x0000e484                OS_EventTaskRemoveMulti
                0x0000e588                OS_EventWaitListInit
                0x0000e954                OS_MemClr
                0x0000e9a8                OS_MemCopy
                0x0000ea14                OS_Sched
                0x0000eb58                OS_StrCopy
                0x0000ebd8                OS_StrLen
                0x0000ec30                OS_TaskIdle
                0x0000ec8c                OS_TaskStat
                0x0000ed54                OS_TaskStatStkChk
                0x0000ee1c                OS_TCBInit
 .text          0x0000f0fc      0x18c ../asvm14150_bsp/\libucosii_bsp.a(os_dbg.o)
                0x0000f0fc                OSDebugInit
 .text          0x0000f288     0x193c ../asvm14150_bsp/\libucosii_bsp.a(os_flag.o)
                0x0000f288                OSFlagAccept
                0x0000f5bc                OSFlagCreate
                0x0000f6f8                OSFlagDel
                0x0000f9a0                OSFlagNameGet
                0x0000fae4                OSFlagNameSet
                0x0000fc38                OSFlagPend
                0x0001027c                OSFlagPendGetFlagsRdy
                0x000102e4                OSFlagPost
                0x0001068c                OSFlagQuery
                0x00010924                OS_FlagInit
                0x00010b18                OS_FlagUnlink
 .text          0x00010bc4      0x808 ../asvm14150_bsp/\libucosii_bsp.a(os_mem.o)
                0x00010bc4                OSMemCreate
                0x00010de0                OSMemGet
                0x00010ee4                OSMemNameGet
                0x00010ff0                OSMemNameSet
                0x00011110                OSMemPut
                0x00011200                OSMemQuery
                0x000112fc                OS_MemInit
 .text          0x000113cc     0x1334 ../asvm14150_bsp/\libucosii_bsp.a(os_q.o)
                0x000113cc                OSQAccept
                0x00011520                OSQCreate
                0x00011734                OSQDel
                0x00011a34                OSQFlush
                0x00011afc                OSQPend
                0x00011e1c                OSQPendAbort
                0x00011f98                OSQPost
                0x00012118                OSQPostFront
                0x000122a0                OSQPostOpt
                0x000124d4                OSQQuery
                0x00012654                OS_QInit
 .text          0x00012700      0xbc8 ../asvm14150_bsp/\libucosii_bsp.a(os_sem.o)
                0x00012700                OSSemAccept
                0x000127c0                OSSemCreate
                0x000128d4                OSSemDel
                0x00012b74                OSSemPend
                0x00012df0                OSSemPendAbort
                0x00012f6c                OSSemPost
                0x00013094                OSSemQuery
                0x000131c4                OSSemSet
 .text          0x000132c8     0x1a40 ../asvm14150_bsp/\libucosii_bsp.a(os_task.o)
                0x000132c8                OSTaskChangePrio
                0x0001383c                OSTaskCreate
                0x00013a10                OSTaskCreateExt
                0x00013c10                OSTaskDel
                0x0001401c                OSTaskDelReq
                0x0001418c                OSTaskNameGet
                0x00014344                OSTaskNameSet
                0x00014508                OSTaskResume
                0x00014720                OSTaskStkChk
                0x0001491c                OSTaskSuspend
                0x00014b48                OSTaskQuery
                0x00014c8c                OS_TaskStkClr
 .text          0x00014d08      0x598 ../asvm14150_bsp/\libucosii_bsp.a(os_time.o)
                0x00014d08                OSTimeDly
                0x00014e54                OSTimeDlyHMSM
                0x00014fc8                OSTimeDlyResume
                0x000151d8                OSTimeGet
                0x0001523c                OSTimeSet
 .text          0x000152a0      0x2f0 ../asvm14150_bsp/\libucosii_bsp.a(alt_sys_init.o)
                0x000152a0                alt_irq_init
                0x000152d4                alt_sys_init
 .text          0x00015590      0x8c8 ../asvm14150_bsp/\libucosii_bsp.a(altera_avalon_cfi_flash.o)
                0x00015590                alt_flash_cfi_init
                0x00015664                alt_flash_cfi_write
                0x00015924                alt_flash_cfi_get_info
                0x000159b4                alt_flash_cfi_read
                0x00015a1c                alt_write_value_to_flash
                0x00015b80                alt_flash_program_block
 .text          0x00015e58     0x1448 ../asvm14150_bsp/\libucosii_bsp.a(altera_avalon_cfi_flash_table.o)
                0x00015e58                alt_read_query_entry_8bit
                0x00015e98                alt_read_query_entry_16bit
                0x00015edc                alt_read_query_entry_32bit
                0x00015f24                alt_write_flash_command_8bit_device_8bit_mode
                0x00015f60                alt_write_flash_command_16bit_device_8bit_mode
                0x00015fdc                alt_write_flash_command_32bit_device_8bit_mode
                0x00016024                alt_write_flash_command_16bit_device_16bit_mode
                0x00016068                alt_write_flash_command_32bit_device_16bit_mode
                0x000160b0                alt_write_flash_command_32bit_device_32bit_mode
                0x000160f8                alt_write_native_8bit
                0x0001612c                alt_write_native_16bit
                0x00016160                alt_write_native_32bit
                0x00016190                alt_set_flash_width_func
                0x00016370                alt_set_flash_algorithm_func
                0x00016498                alt_read_cfi_table
                0x00016a18                alt_read_cfi_width
                0x000171c4                alt_check_primary_table
 .text          0x000172a0      0x148 ../asvm14150_bsp/\libucosii_bsp.a(altera_avalon_jtag_uart_fd.o)
                0x000172a0                altera_avalon_jtag_uart_read_fd
                0x000172f8                altera_avalon_jtag_uart_write_fd
                0x00017350                altera_avalon_jtag_uart_close_fd
                0x00017398                altera_avalon_jtag_uart_ioctl_fd
 .text          0x000173e8      0x584 ../asvm14150_bsp/\libucosii_bsp.a(altera_avalon_jtag_uart_init.o)
                0x000173e8                altera_avalon_jtag_uart_init
                0x000178f8                altera_avalon_jtag_uart_close
 .text          0x0001796c       0xf4 ../asvm14150_bsp/\libucosii_bsp.a(altera_avalon_jtag_uart_ioctl.o)
                0x0001796c                altera_avalon_jtag_uart_ioctl
 .text          0x00017a60      0x2c0 ../asvm14150_bsp/\libucosii_bsp.a(altera_avalon_jtag_uart_read.o)
                0x00017a60                altera_avalon_jtag_uart_read
 .text          0x00017d20      0x2dc ../asvm14150_bsp/\libucosii_bsp.a(altera_avalon_jtag_uart_write.o)
                0x00017d20                altera_avalon_jtag_uart_write
 .text          0x00017ffc      0xf3c ../asvm14150_bsp/\libucosii_bsp.a(altera_avalon_lcd_16207.o)
                0x000187d0                altera_avalon_lcd_16207_write
                0x00018dd4                altera_avalon_lcd_16207_init
 .text          0x00018f38       0x58 ../asvm14150_bsp/\libucosii_bsp.a(altera_avalon_lcd_16207_fd.o)
                0x00018f38                altera_avalon_lcd_16207_write_fd
 .text          0x00018f90      0xde4 ../asvm14150_bsp/\libucosii_bsp.a(altera_avalon_sgdma.o)
                0x00018f90                alt_avalon_sgdma_do_async_transfer
                0x000190cc                alt_avalon_sgdma_do_sync_transfer
                0x000191f0                alt_avalon_sgdma_construct_mem_to_mem_desc
                0x00019260                alt_avalon_sgdma_construct_mem_to_mem_desc_burst
                0x000192e0                alt_avalon_sgdma_construct_stream_to_mem_desc
                0x00019334                alt_avalon_sgdma_construct_stream_to_mem_desc_burst
                0x000193a4                alt_avalon_sgdma_construct_mem_to_stream_desc
                0x00019418                alt_avalon_sgdma_construct_mem_to_stream_desc_burst
                0x0001949c                alt_avalon_sgdma_register_callback
                0x000194ec                alt_avalon_sgdma_start
                0x00019540                alt_avalon_sgdma_stop
                0x00019598                alt_avalon_sgdma_check_descriptor_status
                0x00019608                alt_avalon_sgdma_open
                0x000196c0                alt_avalon_sgdma_construct_descriptor
                0x00019748                alt_avalon_sgdma_enable_desc_poll
                0x000197c4                alt_avalon_sgdma_disable_desc_poll
                0x00019820                alt_avalon_sgdma_construct_descriptor_burst
                0x00019cc8                alt_avalon_sgdma_init
 .text          0x00019d74      0x100 ../asvm14150_bsp/\libucosii_bsp.a(altera_avalon_timer_sc.o)
                0x00019de4                alt_avalon_timer_sc_init
 .text          0x00019e74     0x5350 ../asvm14150_bsp/\libucosii_bsp.a(altera_avalon_tse.o)
                0x00019e74                no_printf
                0x00019ea0                tse_mac_initTransInfo2
                0x00019f00                tse_mac_sTxWrite
                0x00019ff0                tse_mac_aRxRead
                0x0001a094                tse_mac_SwReset
                0x0001a128                tse_mac_setMIImode
                0x0001a180                tse_mac_setGMIImode
                0x0001a1d4                alt_tse_phy_add_profile
                0x0001a3ac                alt_tse_system_add_sys
                0x0001adc0                alt_tse_sys_enable_mdio_sharing
                0x0001af38                alt_tse_mac_get_common_speed
                0x0001af78                alt_tse_mac_set_common_speed
                0x0001afc0                alt_tse_get_system_index
                0x0001b03c                alt_tse_get_mac_group_index
                0x0001b0bc                alt_tse_get_mac_info_index
                0x0001b148                alt_tse_get_mac_info
                0x0001b228                alt_tse_mac_set_speed
                0x0001b314                alt_tse_mac_set_duplex
                0x0001b3ac                getPHYSpeed
                0x0001c1c4                alt_tse_phy_rd_mdio_addr
                0x0001c20c                alt_tse_phy_wr_mdio_addr
                0x0001c260                alt_tse_phy_wr_mdio_reg
                0x0001c388                alt_tse_phy_rd_mdio_reg
                0x0001c44c                alt_tse_phy_add_profile_default
                0x0001c6c4                alt_tse_phy_print_profile
                0x0001c8b4                alt_tse_mac_group_init
                0x0001cfc0                alt_tse_mac_get_phy
                0x0001d3d8                alt_tse_mac_associate_phy
                0x0001d610                alt_tse_phy_cfg_pcs
                0x0001d730                alt_tse_phy_init
                0x0001d844                alt_tse_phy_restart_an
                0x0001d9f4                alt_tse_phy_check_link
                0x0001db38                alt_tse_phy_get_cap
                0x0001e078                alt_tse_phy_set_adv_1000
                0x0001e20c                alt_tse_phy_set_adv_100
                0x0001e41c                alt_tse_phy_set_adv_10
                0x0001e5b4                alt_tse_phy_get_common_speed
                0x0001e8d0                alt_tse_phy_set_common_speed
                0x0001edb4                marvell_phy_cfg
                0x0001ee5c                marvell_cfg_gmii
                0x0001ef50                marvell_cfg_sgmii
                0x0001f044                marvell_cfg_rgmii
                0x0001f144                DP83848C_link_status_read
 .text          0x0001f1c4     0x1778 ../asvm14150_bsp/\libucosii_bsp.a(ins_tse_mac.o)
                0x0001f1c4                triple_speed_ethernet_init
                0x0001f320                prep_tse_mac
                0x0001f578                tse_mac_init
                0x00020060                tse_mac_raw_send
                0x00020358                tse_sgdmaRx_isr
                0x00020400                tse_sgdma_read_init
                0x000205a8                tse_mac_rcv
                0x000207f8                tse_mac_stats
                0x00020838                tse_mac_close
 .text          0x0002093c       0x54 ../asvm14150_bsp/\libucosii_bsp.a(alt_iniche_close.o)
                0x0002093c                close
 .text          0x00020990      0x144 ../asvm14150_bsp/\libucosii_bsp.a(alt_iniche_dev.o)
                0x00020990                iniche_devices_init
 .text          0x00020ad4       0x78 ../asvm14150_bsp/\libucosii_bsp.a(alt_iniche_read.o)
                0x00020ad4                read
 .text          0x00020b4c       0x70 ../asvm14150_bsp/\libucosii_bsp.a(alt_iniche_write.o)
                0x00020b4c                write
 .text          0x00020bbc      0xedc ../asvm14150_bsp/\libucosii_bsp.a(ipnet.o)
                0x00020bbc                Netinit
                0x00021208                fixup_subnet_mask
                0x00021368                netclose
                0x00021450                pktdemux
                0x00021824                c_older
                0x000218f4                ip2mac
 .text          0x00021a98      0x4b0 ../asvm14150_bsp/\libucosii_bsp.a(ipstart.o)
                0x00021a98                ip_startup
                0x00021d7c                exit_hook
                0x00021de8                ip_exit
                0x00021eb8                if_netnumber
 .text          0x00021f48     0x1010 ../asvm14150_bsp/\libucosii_bsp.a(igmp_cmn.o)
                0x00021f48                igmp_init
                0x00021ff8                igmp_input
                0x000220f0                igmp_fasttimo
                0x0002228c                igmp_send
                0x00022534                igmp_joingroup
                0x000227a0                igmp_leavegroup
                0x0002281c                igmp_validate
                0x00022b78                igmp_print_stats
 .text          0x00022f58      0xb68 ../asvm14150_bsp/\libucosii_bsp.a(bsdsock.o)
                0x00022f58                bsd_accept
                0x00023090                bsd_getpeername
                0x000231bc                bsd_getsockname
                0x000232e8                bsd_i_sockoptlen
                0x000234b8                bsd_getsockopt
                0x000235d8                bsd_ioctl
                0x000236dc                bsd_inet_ntoa
                0x0002370c                bsd_recvfrom
                0x0002386c                bsd_select
                0x000239d4                bsd_setsockopt
 .text          0x00023ac0      0x118 ../asvm14150_bsp/\libucosii_bsp.a(cksum.o)
                0x00023ac0                ccksum
                0x00023b70                cksum
 .text          0x00023bd8      0xa9c ../asvm14150_bsp/\libucosii_bsp.a(in_utils.o)
                0x00023bd8                do_trap
                0x00023c04                nextarg
                0x00023c80                hexdump
                0x00023dc8                print_ipad
                0x00023e3c                print_uptime
                0x00023f68                panic
                0x00023fac                print_eth
                0x00024110                uslash
                0x00024190                ns_printf
                0x00024314                std_out
                0x00024358                con_page
                0x00024448                parse_args
 .text          0x00024674      0x1c8 ../asvm14150_bsp/\libucosii_bsp.a(netmain.o)
                0x00024674                netmain
                0x00024768                tk_netmain
                0x000247f0                tk_nettick
 .text          0x0002483c      0x5e8 ../asvm14150_bsp/\libucosii_bsp.a(tk_crnos.o)
                0x0002483c                TK_OSTimeDly
                0x00024868                TK_OSTaskResume
                0x000248d8                tcp_sleep
                0x00024a78                tcp_wakeup
                0x00024b7c                TK_OSTaskQuery
                0x00024bf0                tk_yield
                0x00024c1c                tk_stats
 .text          0x00024e24     0x2f40 ../asvm14150_bsp/\libucosii_bsp.a(dhcpclnt.o)
                0x00024e24                dhc_get_srv_ipaddr
                0x00024eb4                dhc_init
                0x00024f70                dhc_set_callback
                0x00024fb4                dhc_upcall
                0x000257e4                dhc_buildheader
                0x00025a00                dhc_discover
                0x00025f18                dhc_rx_offer
                0x0002601c                dhc_request
                0x00026b58                dhc_setip
                0x00026dd8                dhc_resetip
                0x00026ebc                dhc_decline
                0x000270a0                dhc_extract_opts
                0x0002735c                dhc_second
                0x000278f8                dhc_halt
                0x00027980                dhc_reclaim
                0x00027b50                dhc_state_init
                0x00027bb0                dhc_alldone
                0x00027c40                dhc_ifacedone
                0x00027cb4                dhc_set_state
 .text          0x00027d64       0xcc ../asvm14150_bsp/\libucosii_bsp.a(dhcputil.o)
                0x00027d64                find_opt
 .text          0x00027e30      0x79c ../asvm14150_bsp/\libucosii_bsp.a(pktalloc.o)
                0x00027e30                pk_init
                0x000280c0                pk_alloc
                0x0002819c                pk_validate
                0x00028454                pk_free
                0x00028500                pk_get_max_intrsafe_buf_len
                0x00028520                dump_buf_estats
 .text          0x000285cc      0x288 ../asvm14150_bsp/\libucosii_bsp.a(q.o)
                0x000285cc                getq
                0x00028694                putq
                0x00028744                qdel
 .text          0x00028854      0x31c ../asvm14150_bsp/\libucosii_bsp.a(udp_open.o)
                0x00028854                udp_open
                0x00028a8c                udp_close
 .text          0x00028b70      0x194 ../asvm14150_bsp/\libucosii_bsp.a(asm_cksum.o)
                0x00028b70                asm_cksum
 .text          0x00028d04      0x2a0 ../asvm14150_bsp/\libucosii_bsp.a(brdutils.o)
                0x00028d04                dtrap
                0x00028d34                kbhit
                0x00028de0                getch
                0x00028e40                clock_init
                0x00028e7c                clock_c
                0x00028e98                cticks_hook
                0x00028f04                irq_Mask
                0x00028f60                irq_Unmask
 .text          0x00028fa4      0x488 ../asvm14150_bsp/\libucosii_bsp.a(osportco.o)
                0x00028fa4                LOCK_NET_RESOURCE
                0x00029064                UNLOCK_NET_RESOURCE
                0x000290ec                TK_NEWTASK
                0x00029300                wait_app_sem
                0x000293b4                post_app_sem
 .text          0x0002942c      0x568 ../asvm14150_bsp/\libucosii_bsp.a(targnios.o)
                0x0002942c                alt_iniche_init
                0x00029648                pre_task_setup
                0x000296bc                post_task_setup
                0x000296dc                prep_armintcp
                0x00029714                calloc2
                0x00029748                npalloc
                0x0002983c                npfree
                0x000298f4                ncpalloc
                0x00029948                ncpfree
 .text          0x00029994     0x197c ../asvm14150_bsp/\libucosii_bsp.a(nptcp.o)
                0x00029994                pffindtype
                0x00029a34                pffindproto
                0x00029b04                m_getnbuf
                0x00029cac                m_free
                0x00029de0                m_freem
                0x00029e24                m_copy
                0x0002a148                m_adj
                0x0002a318                mbuf_len
                0x0002a370                dtom
                0x0002a418                remque
                0x0002a488                insque
                0x0002a504                nptcp_init
                0x0002a628                tcp_rcv
                0x0002a814                ip_output
                0x0002ae0c                in_broadcast
                0x0002ae4c                np_stripoptions
                0x0002af34                so_icmpdu
                0x0002b28c                tcp_tick
 .text          0x0002b310      0xa2c ../asvm14150_bsp/\libucosii_bsp.a(rawsock.o)
                0x0002b310                rawip_lookup
                0x0002b380                rawip_soinput
                0x0002b554                rawip_usrreq
 .text          0x0002bd3c     0x17fc ../asvm14150_bsp/\libucosii_bsp.a(sockcall.o)
                0x0002bd3c                DOMAIN_CHECK
                0x0002bd88                t_socket
                0x0002be18                t_bind
                0x0002bf94                t_listen
                0x0002c078                t_accept
                0x0002c310                t_connect
                0x0002c5b8                t_getpeername
                0x0002c5fc                t_getsockname
                0x0002c83c                t_setsockopt
                0x0002ca18                t_getsockopt
                0x0002cbbc                t_recv
                0x0002ccac                t_recvfrom
                0x0002cdfc                t_sendto
                0x0002d028                t_send
                0x0002d250                t_shutdown
                0x0002d334                t_socketclose
                0x0002d49c                t_errno
 .text          0x0002d538     0x238c ../asvm14150_bsp/\libucosii_bsp.a(socket.o)
                0x0002d538                socreate
                0x0002d704                sobind
                0x0002d760                solisten
                0x0002d850                sofree
                0x0002d980                soclose
                0x0002dc74                soabort
                0x0002dcc4                soaccept
                0x0002dd60                soconnect
                0x0002de34                sodisconnect
                0x0002ded4                sosend
                0x0002e4dc                soreceive
                0x0002ecc0                soshutdown
                0x0002ed68                sorflush
                0x0002ee68                sosetopt
                0x0002f340                sogetopt
                0x0002f880                sohasoutofband
 .text          0x0002f8c4     0x1318 ../asvm14150_bsp/\libucosii_bsp.a(socket2.o)
                0x0002f8c4                soisconnecting
                0x0002f930                soisconnected
                0x0002fa2c                soisdisconnecting
                0x0002fab8                soisdisconnected
                0x0002fb74                sonewconn
                0x0002fd90                soqinsque
                0x0002fe3c                soqremque
                0x0002ff5c                socantsendmore
                0x0002ffac                socantrcvmore
                0x0002fffc                sbselqueue
                0x00030034                sbwait
                0x0003009c                sbwakeup
                0x00030138                soreserve
                0x000301b8                sbreserve
                0x00030218                sbrelease
                0x00030260                sbappend
                0x00030308                sbappendrecord
                0x000303e8                sbappendaddr
                0x000305f0                sbcompress
                0x000307d8                sbflush
                0x00030868                sbdrop
                0x00030a38                sbdropend
                0x00030b48                sbdroprecord
 .text          0x00030bdc      0x964 ../asvm14150_bsp/\libucosii_bsp.a(soselect.o)
                0x00030bdc                t_select
                0x00030dfc                sock_selscan
                0x00030f54                sock_select
                0x000311b8                in_pcbnotify
                0x00031284                tcp_notify
                0x000312ec                ifd_clr
                0x000313dc                ifd_set
                0x00031450                ifd_isset
                0x000314d0                ifd_get
 .text          0x00031540     0x30cc ../asvm14150_bsp/\libucosii_bsp.a(tcp_in.o)
                0x00031540                tcp_reass
                0x00031948                tcp_input
                0x00033f80                tcp_dooptions
                0x00034110                tcp_pulloutofband
                0x0003423c                tcp_xmit_timer
                0x000344a8                ip4_tcpmss
                0x000344f0                tcp_mss
 .text          0x0003460c     0x1360 ../asvm14150_bsp/\libucosii_bsp.a(tcp_out.o)
                0x0003460c                tcp_output
                0x00035788                tcp_setpersist
 .text          0x0003596c      0xa10 ../asvm14150_bsp/\libucosii_bsp.a(tcp_subr.o)
                0x0003596c                tcp_init
                0x000359c4                tcp_template
                0x00035adc                tcp_respond
                0x00035f64                tcp_newtcpcb
                0x0003607c                tcp_drop
                0x00036150                tcp_close
                0x00036238                tcp_quench
                0x00036284                tcp_putseq
                0x00036304                tcp_getseq
 .text          0x0003637c      0x83c ../asvm14150_bsp/\libucosii_bsp.a(tcp_timr.o)
                0x0003637c                tcp_slowtimo
                0x000366c0                tcp_canceltimers
                0x0003671c                tcp_timers
 .text          0x00036bb8      0x9ec ../asvm14150_bsp/\libucosii_bsp.a(tcp_usr.o)
                0x00036bb8                tcp_usrreq
                0x000372bc                tcp_attach
                0x000373f0                tcp_disconnect
                0x000374c4                tcp_usrclosed
 .text          0x000375a4      0x45c ../asvm14150_bsp/\libucosii_bsp.a(tcp_zio.o)
                0x000375a4                tcp_xout
                0x000377f4                tcp_pktalloc
                0x00037884                tcp_pktfree
                0x000378c4                tcp_data_upcall
 .text          0x00037a00       0x4c ../asvm14150_bsp/\libucosii_bsp.a(tcpport.o)
                0x00037a00                tcpinit
 .text          0x00037a4c      0xd20 ../asvm14150_bsp/\libucosii_bsp.a(udpsock.o)
                0x00037a4c                udp_lookup
                0x00037abc                udp_soinput
                0x00037c74                udp_usrreq
                0x00037ef8                udp4_sockbind
                0x00038234                udp4_socksend
                0x00038610                udp4_sockaddr
 .text          0x0003876c      0x154 ../asvm14150_bsp/\libucosii_bsp.a(alt_alarm_start.o)
                0x0003876c                alt_alarm_start
 .text          0x000388c0      0x15c ../asvm14150_bsp/\libucosii_bsp.a(alt_close.o)
                0x000388c0                alt_close
 .text          0x00038a1c       0x78 ../asvm14150_bsp/\libucosii_bsp.a(alt_dcache_flush.o)
                0x00038a1c                alt_dcache_flush
 .text          0x00038a94       0x44 ../asvm14150_bsp/\libucosii_bsp.a(alt_dcache_flush_all.o)
                0x00038a94                alt_dcache_flush_all
 .text          0x00038ad8       0x2c ../asvm14150_bsp/\libucosii_bsp.a(alt_dev.o)
 .text          0x00038b04      0x114 ../asvm14150_bsp/\libucosii_bsp.a(alt_dev_llist_insert.o)
                0x00038b04                alt_dev_llist_insert
 .text          0x00038c18       0x64 ../asvm14150_bsp/\libucosii_bsp.a(alt_do_ctors.o)
                0x00038c18                _do_ctors
 .text          0x00038c7c       0x64 ../asvm14150_bsp/\libucosii_bsp.a(alt_do_dtors.o)
                0x00038c7c                _do_dtors
 .text          0x00038ce0        0x0 ../asvm14150_bsp/\libucosii_bsp.a(alt_errno.o)
 .text          0x00038ce0       0x94 ../asvm14150_bsp/\libucosii_bsp.a(alt_find_dev.o)
                0x00038ce0                alt_find_dev
 .text          0x00038d74       0xd0 ../asvm14150_bsp/\libucosii_bsp.a(alt_flash_dev.o)
                0x00038d74                alt_flash_open_dev
                0x00038df0                alt_flash_close_dev
 .text          0x00038e44       0x30 ../asvm14150_bsp/\libucosii_bsp.a(alt_icache_flush_all.o)
                0x00038e44                alt_icache_flush_all
 .text          0x00038e74      0x1d4 ../asvm14150_bsp/\libucosii_bsp.a(alt_iic.o)
                0x00038e74                alt_ic_isr_register
                0x00038ec4                alt_ic_irq_enable
                0x00038f60                alt_ic_irq_disable
                0x00039000                alt_ic_irq_enabled
 .text          0x00039048       0xf8 ../asvm14150_bsp/\libucosii_bsp.a(alt_iic_isr_register.o)
                0x00039048                alt_iic_isr_register
 .text          0x00039140      0x13c ../asvm14150_bsp/\libucosii_bsp.a(alt_io_redirect.o)
                0x00039204                alt_io_redirect
 .text          0x0003927c        0x0 ../asvm14150_bsp/\libucosii_bsp.a(alt_irq_entry.o)
 .text          0x0003927c        0x0 ../asvm14150_bsp/\libucosii_bsp.a(alt_irq_handler.o)
 .text          0x0003927c        0x0 ../asvm14150_bsp/\libucosii_bsp.a(alt_irq_vars.o)
 .text          0x0003927c      0x2c4 ../asvm14150_bsp/\libucosii_bsp.a(alt_open.o)
                0x00039358                open
 .text          0x00039540      0x180 ../asvm14150_bsp/\libucosii_bsp.a(alt_read.o)
                0x00039540                alt_read
 .text          0x000396c0       0x60 ../asvm14150_bsp/\libucosii_bsp.a(alt_release_fd.o)
                0x000396c0                alt_release_fd
 .text          0x00039720       0x40 ../asvm14150_bsp/\libucosii_bsp.a(alt_remap_uncached.o)
                0x00039720                alt_remap_uncached
 .text          0x00039760      0x1a8 ../asvm14150_bsp/\libucosii_bsp.a(alt_tick.o)
                0x00039760                alt_alarm_stop
                0x000397f8                alt_tick
 .text          0x00039908       0x64 ../asvm14150_bsp/\libucosii_bsp.a(alt_uncached_malloc.o)
                0x00039908                alt_uncached_malloc
 .text          0x0003996c      0x118 ../asvm14150_bsp/\libucosii_bsp.a(alt_usleep.o)
                0x0003996c                usleep
 .text          0x00039a84      0x180 ../asvm14150_bsp/\libucosii_bsp.a(alt_write.o)
                0x00039a84                alt_write
 .text          0x00039c04       0x20 ../asvm14150_bsp/\libucosii_bsp.a(altera_nios2_irq.o)
                0x00039c04                altera_nios2_irq_init
 .text          0x00039c24       0xd0 ../asvm14150_bsp/\libucosii_bsp.a(os_cpu_a.o)
                0x00039c24                OSCtxSw
                0x00039c24                OSIntCtxSw
                0x00039cb0                OSStartHighRdy
                0x00039cd0                OSStartTsk
 .text          0x00039cf4      0x424 ../asvm14150_bsp/\libucosii_bsp.a(os_cpu_c.o)
                0x00039cf4                OSTaskStkInit
                0x0003a004                OSTaskCreateHook
                0x0003a024                OSTaskDelHook
                0x0003a044                OSTaskSwHook
                0x0003a060                OSTaskStatHook
                0x0003a07c                OSTimeTickHook
                0x0003a0a4                OSInitHookBegin
                0x0003a0c0                OSInitHookEnd
                0x0003a0dc                OSTaskIdleHook
                0x0003a0f8                OSTCBInitHook
 .text          0x0003a118      0x460 ../asvm14150_bsp/\libucosii_bsp.a(altera_avalon_cfi_flash_amd.o)
                0x0003a118                alt_program_amd
                0x0003a180                alt_erase_block_amd
 .text          0x0003a578      0x460 ../asvm14150_bsp/\libucosii_bsp.a(altera_avalon_cfi_flash_intel.o)
                0x0003a578                alt_program_intel
                0x0003a5fc                alt_erase_block_intel
 .text          0x0003a9d8      0x3d4 ../asvm14150_bsp/\libucosii_bsp.a(allports.o)
                0x0003a9d8                netmain_init
                0x0003aad4                icmp_port_du
                0x0003ab5c                station_state
                0x0003aca8                sysuptime
                0x0003ace4                packet_check
                0x0003ad30                mcastlist
                0x0003ad54                prep_modules
 .text          0x0003adac      0x480 ../asvm14150_bsp/\libucosii_bsp.a(timeouts.o)
                0x0003adac                inet_timer
                0x0003b008                in_timerset
                0x0003b184                in_timerkill
 .text          0x0003b22c       0xa4 ../asvm14150_bsp/\libucosii_bsp.a(tk_misc.o)
                0x0003b22c                create_apptasks
                0x0003b250                task_stats
 .text          0x0003b2d0       0xb0 ../asvm14150_bsp/\libucosii_bsp.a(alt_iniche_fcntl.o)
                0x0003b2d0                fcntl
 .text          0x0003b380     0x14a0 ../asvm14150_bsp/\libucosii_bsp.a(et_arp.o)
                0x0003b380                etainit
                0x0003b3d4                et_send
                0x0003b550                arp_free_pending
                0x0003b5d8                arp_send_pending
                0x0003b64c                send_arp
                0x0003bae4                find_oldest_arp
                0x0003bc8c                make_arp_entry
                0x0003bda0                arpReply
                0x0003c034                arprcv
                0x0003c294                send_via_arp
                0x0003c43c                cb_arpent_tmo
                0x0003c554                grat_arp
 .text          0x0003c820      0x298 ../asvm14150_bsp/\libucosii_bsp.a(iface.o)
                0x0003c820                if_getbynum
                0x0003c8a4                isbcast
                0x0003c984                reg_type
                0x0003ca20                if_killsocks
 .text          0x0003cab8     0x22a4 ../asvm14150_bsp/\libucosii_bsp.a(ip.o)
                0x0003cab8                ip_init
                0x0003cbb4                ip_bldhead
                0x0003cd58                ip_write_internal
                0x0003d4d8                ip_write
                0x0003d720                ip_write2
                0x0003dad0                ip_raw_write
                0x0003dba8                ip_fragment_lc
                0x0003e030                ip_fragment
                0x0003e654                ip_mymach
                0x0003e700                ip_dump
                0x0003e9b8                iproute
                0x0003ec24                ip_copypkt
 .text          0x0003ed5c     0x1d9c ../asvm14150_bsp/\libucosii_bsp.a(ip_reasm.o)
                0x0003ed5c                ip_reasm_match_frag_with_ire
                0x0003ee2c                ip_reasm_determine_type_of_frag
                0x0003ef18                ip_reasm_check_mem_useage
                0x0003efb0                ip_reasm_incr_mem_useage
                0x0003f058                ip_reasm_decr_mem_useage
                0x0003f0f8                ip_reasm_process_first_fragment
                0x0003f3d8                ip_reassm
                0x0003f478                ip_reasm_compute_overlap
                0x0003fa08                ip_reasm_process_subsequent_fragments
                0x0003ff9c                ip_reasm_find_ire
                0x00040000                ip_reasm_copy_queued_fragments_into_reassy_buffer
                0x0004035c                ip_reasm_process_timer_tick
                0x00040440                ip_reasm_delete_ire
                0x00040608                ip_reasm_mark_compact_rfq
                0x00040750                ipr_stats
                0x00040aa4                ip_reasm_send_icmp_timex
 .text          0x00040af8      0xe3c ../asvm14150_bsp/\libucosii_bsp.a(ipdemux.o)
                0x00040af8                ip_rcv
                0x00040ef8                ip_rcv_phase2
                0x00041504                ip_demux
 .text          0x00041934      0x2f0 ../asvm14150_bsp/\libucosii_bsp.a(ipmc.o)
                0x00041934                in_addmulti
                0x00041a9c                in_delmulti
                0x00041bb4                lookup_mcast
 .text          0x00041c24       0xe4 ../asvm14150_bsp/\libucosii_bsp.a(ipport.o)
                0x00041c24                prep_ifaces
                0x00041cb8                netexit
                0x00041ce0                evtmap_setup
 .text          0x00041d08      0x550 ../asvm14150_bsp/\libucosii_bsp.a(ipraw.o)
                0x00041d08                ip_raw_open
                0x00041df8                ip_raw_close
                0x00041eb8                ip_raw_input
                0x000420f0                ip_raw_alloc
                0x000421bc                ip_raw_free
                0x000421fc                ip_raw_maxalloc
 .text          0x00042258      0x6f0 ../asvm14150_bsp/\libucosii_bsp.a(iproute.o)
                0x00042258                rt_lookup
                0x000423dc                add_route
                0x00042804                del_route
 .text          0x00042948      0xe3c ../asvm14150_bsp/\libucosii_bsp.a(udp.o)
                0x00042948                udpdemux
                0x000431a0                udp_send
                0x00043458                udpswap
                0x00043588                udp_socket
                0x00043658                udp_alloc
                0x00043718                udp_maxalloc
                0x00043744                udp_free
 .text          0x00043784      0x2e8 ../asvm14150_bsp/\libucosii_bsp.a(igmp.o)
                0x00043784                igmpv1_input
 .text          0x00043a6c      0x7c0 ../asvm14150_bsp/\libucosii_bsp.a(igmp2.o)
                0x00043a6c                igmpv2_input
                0x00043bcc                igmpv2_process_report
                0x00043d18                igmpv2_process_query
                0x00043f64                igmpv2_chk_set_timer
                0x000440bc                igmpv2_chk4_rtr_alert_opt
 .text          0x0004422c      0x8fc ../asvm14150_bsp/\libucosii_bsp.a(ipopt.o)
                0x0004422c                IPADDR_TO_NETP
                0x00044374                ip_setmoptions
                0x00044964                ip_getmoptions
                0x00044aa4                ip_freemoptions
 .text          0x00044b28      0x6ac ../asvm14150_bsp/\libucosii_bsp.a(u_mctest.o)
                0x00044b28                u_mctest_init
                0x00044b58                u_mctest_run
 .text          0x000451d4      0x38c ../asvm14150_bsp/\libucosii_bsp.a(dhcsetup.o)
                0x000451d4                dhc_setup
                0x0004545c                dhc_main_ipset
 .text          0x00045560      0x40c ../asvm14150_bsp/\libucosii_bsp.a(memdev.o)
                0x00045560                init_memdev
                0x000455d8                md_fopen
                0x00045600                md_fclose
                0x00045620                md_fread
                0x000457a0                md_fwrite
                0x00045820                md_fseek
                0x0004584c                md_ftell
                0x00045870                md_fgetc
                0x00045948                md_unlink
 .text          0x0004596c      0x810 ../asvm14150_bsp/\libucosii_bsp.a(parseip.o)
                0x0004596c                parse_ipad
                0x00045c88                inet_addr
                0x00045cf0                hextoa
                0x00045d60                inet_pton
                0x00045e0c                inet_ntop
                0x00045e98                print46_addr
                0x00045ef8                inet46_addr
                0x00045fbc                inet_setport
                0x00046030                convert_ip
 .text          0x0004617c      0x1cc ../asvm14150_bsp/\libucosii_bsp.a(tcpcksum.o)
                0x0004617c                tcp_cksum
 .text          0x00046348      0x900 ../asvm14150_bsp/\libucosii_bsp.a(in_pcb.o)
                0x00046348                in_pcballoc
                0x000463dc                in_pcbdetach
                0x00046430                in_pcbbind
                0x00046684                in_pcbconnect
                0x00046894                in_pcbdisconnect
                0x000468f4                in_setsockaddr
                0x00046970                in_setpeeraddr
                0x000469ec                in_pcblookup
 .text          0x00046c48     0x1a74 ../asvm14150_bsp/\libucosii_bsp.a(vfsfiles.o)
                0x00046c48                set_vfopen_error
                0x00046c70                get_vfopen_error
                0x00046c90                vf_alloc_and_link_vop
                0x00046d0c                vf_alloc_buffer
                0x00046de4                vf_free_buffer
                0x00046e34                vfopen_locked
                0x0004719c                vfopen
                0x000471ec                vfclose_locked
                0x00047394                vfclose
                0x000473d4                vfflush
                0x0004741c                vfgets
                0x00047500                vfeof
                0x00047558                vunlink_flag_open_files
                0x000475b4                vunlink
                0x000477d4                vfread
                0x00047980                vfwrite_locked
                0x00047d68                vfwrite
                0x00047dc8                vfseek
                0x00047f44                vftell
                0x00048078                vgetc_locked
                0x00048198                vgetc
                0x000481e0                vfslookup_locked
                0x00048318                vfslookup
                0x00048360                strippath
                0x00048548                isvfile_locked
                0x000485ac                isvfile
                0x000485f4                vferror
                0x00048660                vclearerr
 .text          0x000486bc       0x24 ../asvm14150_bsp/\libucosii_bsp.a(vfsport.o)
                0x000486bc                prep_vfs
 .text          0x000486e0      0x14c ../asvm14150_bsp/\libucosii_bsp.a(alt_busy_sleep.o)
                0x000486e0                alt_busy_sleep
 .text          0x0004882c        0x0 ../asvm14150_bsp/\libucosii_bsp.a(alt_exception_entry.o)
 .text          0x0004882c      0x1b4 ../asvm14150_bsp/\libucosii_bsp.a(alt_fcntl.o)
                0x0004882c                alt_fcntl
 .text          0x000489e0      0x120 ../asvm14150_bsp/\libucosii_bsp.a(alt_find_file.o)
                0x000489e0                alt_find_file
 .text          0x00048b00       0xf4 ../asvm14150_bsp/\libucosii_bsp.a(alt_get_fd.o)
                0x00048b00                alt_get_fd
 .text          0x00048bf4       0x90 ../asvm14150_bsp/\libucosii_bsp.a(alt_icache_flush.o)
                0x00048bf4                alt_icache_flush
 .text          0x00048c84     0x130c ../asvm14150_bsp/\libucosii_bsp.a(icmp.o)
                0x00048c84                icmprcv
                0x000498b8                icmp_destun
                0x00049c08                icmp_timex
                0x00049f3c                icmp_du
 .text          0x00049f90       0x14 c:/altera/11.0sp1/nios2eds/bin/gnu/h-i686-mingw32/bin/../lib/gcc/nios2-elf/4.1.2/../../../../nios2-elf/lib\libc.a(lib_a-atexit.o)
                0x00049f90                atexit
 .text          0x00049fa4       0x18 c:/altera/11.0sp1/nios2eds/bin/gnu/h-i686-mingw32/bin/../lib/gcc/nios2-elf/4.1.2/../../../../nios2-elf/lib\libc.a(lib_a-atoi.o)
                0x00049fa4                _atoi_r
                0x00049fb0                atoi
 .text          0x00049fbc       0x1c c:/altera/11.0sp1/nios2eds/bin/gnu/h-i686-mingw32/bin/../lib/gcc/nios2-elf/4.1.2/../../../../nios2-elf/lib\libc.a(lib_a-calloc.o)
                0x00049fbc                calloc
 .text          0x00049fd8        0x0 c:/altera/11.0sp1/nios2eds/bin/gnu/h-i686-mingw32/bin/../lib/gcc/nios2-elf/4.1.2/../../../../nios2-elf/lib\libc.a(lib_a-ctype_.o)
 .text          0x00049fd8       0x38 c:/altera/11.0sp1/nios2eds/bin/gnu/h-i686-mingw32/bin/../lib/gcc/nios2-elf/4.1.2/../../../../nios2-elf/lib\libc.a(lib_a-exit.o)
                0x00049fd8                exit
 .text          0x0004a010      0x128 c:/altera/11.0sp1/nios2eds/bin/gnu/h-i686-mingw32/bin/../lib/gcc/nios2-elf/4.1.2/../../../../nios2-elf/lib\libc.a(lib_a-getc.o)
                0x0004a010                getc
                0x0004a0a8                _getc_r
 .text          0x0004a138       0x28 c:/altera/11.0sp1/nios2eds/bin/gnu/h-i686-mingw32/bin/../lib/gcc/nios2-elf/4.1.2/../../../../nios2-elf/lib\libc.a(lib_a-malloc.o)
                0x0004a138                free
                0x0004a14c                malloc
 .text          0x0004a160       0x74 c:/altera/11.0sp1/nios2eds/bin/gnu/h-i686-mingw32/bin/../lib/gcc/nios2-elf/4.1.2/../../../../nios2-elf/lib\libc.a(lib_a-memcmp.o)
                0x0004a160                memcmp
 .text          0x0004a1d4       0x60 c:/altera/11.0sp1/nios2eds/bin/gnu/h-i686-mingw32/bin/../lib/gcc/nios2-elf/4.1.2/../../../../nios2-elf/lib\libc.a(lib_a-rget.o)
                0x0004a1d4                __srget_r
                0x0004a220                __srget
 .text          0x0004a234       0xd4 c:/altera/11.0sp1/nios2eds/bin/gnu/h-i686-mingw32/bin/../lib/gcc/nios2-elf/4.1.2/../../../../nios2-elf/lib\libc.a(lib_a-sprintf.o)
                0x0004a234                sprintf
                0x0004a2a8                _sprintf_r
 .text          0x0004a308       0xe0 c:/altera/11.0sp1/nios2eds/bin/gnu/h-i686-mingw32/bin/../lib/gcc/nios2-elf/4.1.2/../../../../nios2-elf/lib\libc.a(lib_a-strchr.o)
                0x0004a308                strchr
 .text          0x0004a3e8       0x8c c:/altera/11.0sp1/nios2eds/bin/gnu/h-i686-mingw32/bin/../lib/gcc/nios2-elf/4.1.2/../../../../nios2-elf/lib\libc.a(lib_a-strcpy.o)
                0x0004a3e8                strcpy
 .text          0x0004a474       0xf0 c:/altera/11.0sp1/nios2eds/bin/gnu/h-i686-mingw32/bin/../lib/gcc/nios2-elf/4.1.2/../../../../nios2-elf/lib\libc.a(lib_a-strncmp.o)
                0x0004a474                strncmp
 .text          0x0004a564       0xbc c:/altera/11.0sp1/nios2eds/bin/gnu/h-i686-mingw32/bin/../lib/gcc/nios2-elf/4.1.2/../../../../nios2-elf/lib\libc.a(lib_a-strncpy.o)
                0x0004a564                strncpy
 .text          0x0004a620      0x268 c:/altera/11.0sp1/nios2eds/bin/gnu/h-i686-mingw32/bin/../lib/gcc/nios2-elf/4.1.2/../../../../nios2-elf/lib\libc.a(lib_a-strtol.o)
                0x0004a620                _strtol_r
                0x0004a864                strtol
 .text          0x0004a888       0x34 c:/altera/11.0sp1/nios2eds/bin/gnu/h-i686-mingw32/bin/../lib/gcc/nios2-elf/4.1.2/../../../../nios2-elf/lib\libc.a(lib_a-vprintf.o)
                0x0004a888                _vprintf_r
                0x0004a89c                vprintf
 .text          0x0004a8bc       0x74 c:/altera/11.0sp1/nios2eds/bin/gnu/h-i686-mingw32/bin/../lib/gcc/nios2-elf/4.1.2/../../../../nios2-elf/lib\libc.a(lib_a-vsprintf.o)
                0x0004a8bc                _vsprintf_r
                0x0004a90c                vsprintf
 .text          0x0004a930      0x134 c:/altera/11.0sp1/nios2eds/bin/gnu/h-i686-mingw32/bin/../lib/gcc/nios2-elf/4.1.2/../../../../nios2-elf/lib\libc.a(lib_a-__atexit.o)
                0x0004a930                __register_exitproc
 .text          0x0004aa64      0x1b4 c:/altera/11.0sp1/nios2eds/bin/gnu/h-i686-mingw32/bin/../lib/gcc/nios2-elf/4.1.2/../../../../nios2-elf/lib\libc.a(lib_a-__call_atexit.o)
                0x0004aa68                __call_exitprocs
 .text          0x0004ac18      0x1e0 c:/altera/11.0sp1/nios2eds/bin/gnu/h-i686-mingw32/bin/../lib/gcc/nios2-elf/4.1.2/../../../../nios2-elf/lib\libc.a(lib_a-refill.o)
                0x0004ac18                __srefill_r
 .text          0x0004adf8       0x6c ../asvm14150_bsp/\libucosii_bsp.a(alt_exit.o)
                0x0004ae38                _exit
 *(.gnu.warning.*)
 *(.fini)
                0x0004ae64                PROVIDE (__etext, ABSOLUTE (.))
                0x0004ae64                PROVIDE (_etext, ABSOLUTE (.))
                0x0004ae64                PROVIDE (etext, ABSOLUTE (.))
 *(.eh_frame_hdr)
                0x0004ae64                . = ALIGN (0x4)
                0x0004ae64                PROVIDE (__preinit_array_start, ABSOLUTE (.))
 *(.preinit_array)
                0x0004ae64                PROVIDE (__preinit_array_end, ABSOLUTE (.))
                0x0004ae64                PROVIDE (__init_array_start, ABSOLUTE (.))
 *(.init_array)
                0x0004ae64                PROVIDE (__init_array_end, ABSOLUTE (.))
                0x0004ae64                PROVIDE (__fini_array_start, ABSOLUTE (.))
 *(.fini_array)
                0x0004ae64                PROVIDE (__fini_array_end, ABSOLUTE (.))
 *(.eh_frame)
 .eh_frame      0x0004ae64       0x40 c:/altera/11.0sp1/nios2eds/bin/gnu/h-i686-mingw32/bin/../lib/gcc/nios2-elf/4.1.2\libgcc.a(_udivdi3.o)
 .eh_frame      0x0004aea4       0x2c c:/altera/11.0sp1/nios2eds/bin/gnu/h-i686-mingw32/bin/../lib/gcc/nios2-elf/4.1.2\libgcc.a(_umoddi3.o)
                                 0x40 (size before relaxing)
 *(.gcc_except_table)
 *(.dynamic)
                0x0004aed0                PROVIDE (__CTOR_LIST__, ABSOLUTE (.))
 *(.ctors)
 *(SORT(.ctors.*))
 .ctors.65535   0x0004aed0        0x4 c:/altera/11.0sp1/nios2eds/bin/gnu/h-i686-mingw32/bin/../lib/gcc/nios2-elf/4.1.2/../../../../nios2-elf/lib\libc.a(lib_a-__call_atexit.o)
                0x0004aed4                PROVIDE (__CTOR_END__, ABSOLUTE (.))
                0x0004aed4                PROVIDE (__DTOR_LIST__, ABSOLUTE (.))
 *(.dtors)
 *(SORT(.dtors.*))
                0x0004aed4                PROVIDE (__DTOR_END__, ABSOLUTE (.))
 *(.jcr)
                0x0004aed4                . = ALIGN (0x4)

.rodata         0x0004aed4     0x5c5c
                0x0004aed4                PROVIDE (__ram_rodata_start, ABSOLUTE (.))
                0x0004aed4                . = ALIGN (0x4)
 *(.rodata .rodata.* .gnu.linkonce.r.*)
 .rodata        0x0004aed4       0x10 obj/adc.o
 .rodata        0x0004aee4      0xba4 obj/alt_error_handler.o
 .rodata        0x0004ba88       0x88 obj/hack_tcp.o
 .rodata        0x0004bb10       0x3c obj/iniche_init.o
 .rodata        0x0004bb4c        0x8 obj/led.o
 .rodata        0x0004bb54       0x88 obj/simple_socket_server.o
 .rodata        0x0004bbdc       0x20 obj/tse_my_system.o
 .rodata        0x0004bbfc       0x14 c:/altera/11.0sp1/nios2eds/bin/gnu/h-i686-mingw32/bin/../lib/gcc/nios2-elf/4.1.2\libgcc.a(_thenan_df.o)
                0x0004bbfc                __thenan_df
 .rodata        0x0004bc10      0x100 c:/altera/11.0sp1/nios2eds/bin/gnu/h-i686-mingw32/bin/../lib/gcc/nios2-elf/4.1.2\libgcc.a(_clz.o)
                0x0004bc10                __clz_tab
 .rodata.str1.4
                0x0004bd10        0x2 c:/altera/11.0sp1/nios2eds/bin/gnu/h-i686-mingw32/bin/../lib/gcc/nios2-elf/4.1.2/../../../../nios2-elf/lib\libc.a(lib_a-impure.o)
                                  0x4 (size before relaxing)
 *fill*         0x0004bd12        0x2 00
 .rodata.str1.4
                0x0004bd14        0x3 c:/altera/11.0sp1/nios2eds/bin/gnu/h-i686-mingw32/bin/../lib/gcc/nios2-elf/4.1.2/../../../../nios2-elf/lib\libc.a(lib_a-perror.o)
                                  0x4 (size before relaxing)
 *fill*         0x0004bd17        0x1 00
 .rodata.str1.4
                0x0004bd18        0x2 c:/altera/11.0sp1/nios2eds/bin/gnu/h-i686-mingw32/bin/../lib/gcc/nios2-elf/4.1.2/../../../../nios2-elf/lib\libc.a(lib_a-puts.o)
                                  0x4 (size before relaxing)
 *fill*         0x0004bd1a        0x2 00
 .rodata.str1.4
                0x0004bd1c      0x7a2 c:/altera/11.0sp1/nios2eds/bin/gnu/h-i686-mingw32/bin/../lib/gcc/nios2-elf/4.1.2/../../../../nios2-elf/lib\libc.a(lib_a-strerror.o)
                                0x7a8 (size before relaxing)
 *fill*         0x0004c4be        0x2 00
 .rodata.str1.4
                0x0004c4c0       0x5e c:/altera/11.0sp1/nios2eds/bin/gnu/h-i686-mingw32/bin/../lib/gcc/nios2-elf/4.1.2/../../../../nios2-elf/lib\libc.a(lib_a-vfprintf.o)
                                 0x60 (size before relaxing)
 .rodata        0x0004c51e       0x20 c:/altera/11.0sp1/nios2eds/bin/gnu/h-i686-mingw32/bin/../lib/gcc/nios2-elf/4.1.2/../../../../nios2-elf/lib\libc.a(lib_a-vfprintf.o)
 *fill*         0x0004c53e        0x2 00
 .rodata.str1.4
                0x0004c540       0x10 c:/altera/11.0sp1/nios2eds/bin/gnu/h-i686-mingw32/bin/../lib/gcc/nios2-elf/4.1.2/../../../../nios2-elf/lib\libc.a(lib_a-dtoa.o)
                                 0x14 (size before relaxing)
 .rodata.str1.4
                0x0004c550       0x10 c:/altera/11.0sp1/nios2eds/bin/gnu/h-i686-mingw32/bin/../lib/gcc/nios2-elf/4.1.2/../../../../nios2-elf/lib\libc.a(lib_a-locale.o)
                                 0x18 (size before relaxing)
 .rodata        0x0004c560       0x30 c:/altera/11.0sp1/nios2eds/bin/gnu/h-i686-mingw32/bin/../lib/gcc/nios2-elf/4.1.2/../../../../nios2-elf/lib\libc.a(lib_a-locale.o)
 .rodata        0x0004c590      0x124 c:/altera/11.0sp1/nios2eds/bin/gnu/h-i686-mingw32/bin/../lib/gcc/nios2-elf/4.1.2/../../../../nios2-elf/lib\libc.a(lib_a-mprec.o)
                0x0004c590                __mprec_tens
                0x0004c658                __mprec_bigtens
                0x0004c680                __mprec_tinytens
 .rodata        0x0004c6b4       0x10 ../asvm14150_bsp/\libucosii_bsp.a(alt_main.o)
 .rodata        0x0004c6c4      0x120 ../asvm14150_bsp/\libucosii_bsp.a(os_core.o)
                0x0004c6c4                OSUnMapTbl
 .rodata        0x0004c7e4       0x6c ../asvm14150_bsp/\libucosii_bsp.a(alt_sys_init.o)
 .rodata        0x0004c850     0x1cc0 ../asvm14150_bsp/\libucosii_bsp.a(altera_avalon_tse.o)
 .rodata        0x0004e510      0x374 ../asvm14150_bsp/\libucosii_bsp.a(ins_tse_mac.o)
 .rodata        0x0004e884       0xd8 ../asvm14150_bsp/\libucosii_bsp.a(ipnet.o)
 .rodata        0x0004e95c       0xec ../asvm14150_bsp/\libucosii_bsp.a(ipstart.o)
 .rodata        0x0004ea48      0x54c ../asvm14150_bsp/\libucosii_bsp.a(igmp_cmn.o)
 .rodata        0x0004ef94       0xb8 ../asvm14150_bsp/\libucosii_bsp.a(in_utils.o)
 .rodata        0x0004f04c       0x34 ../asvm14150_bsp/\libucosii_bsp.a(netmain.o)
 .rodata        0x0004f080      0x1a8 ../asvm14150_bsp/\libucosii_bsp.a(tk_crnos.o)
 .rodata        0x0004f228        0x8 ../asvm14150_bsp/\libucosii_bsp.a(dhcpclnt.o)
 .rodata        0x0004f230      0x118 ../asvm14150_bsp/\libucosii_bsp.a(pktalloc.o)
 .rodata        0x0004f348       0x84 ../asvm14150_bsp/\libucosii_bsp.a(udp_open.o)
 .rodata        0x0004f3cc       0x2c ../asvm14150_bsp/\libucosii_bsp.a(brdutils.o)
 .rodata        0x0004f3f8      0x26c ../asvm14150_bsp/\libucosii_bsp.a(osportco.o)
 .rodata        0x0004f664       0xa0 ../asvm14150_bsp/\libucosii_bsp.a(targnios.o)
 .rodata        0x0004f704       0x90 ../asvm14150_bsp/\libucosii_bsp.a(nptcp.o)
 .rodata        0x0004f794        0x8 ../asvm14150_bsp/\libucosii_bsp.a(sockcall.o)
 .rodata        0x0004f79c       0x50 ../asvm14150_bsp/\libucosii_bsp.a(socket.o)
 .rodata        0x0004f7ec       0x40 ../asvm14150_bsp/\libucosii_bsp.a(socket2.o)
 .rodata        0x0004f82c       0x20 ../asvm14150_bsp/\libucosii_bsp.a(tcp_in.o)
 .rodata        0x0004f84c       0x40 ../asvm14150_bsp/\libucosii_bsp.a(tcp_out.o)
 .rodata        0x0004f88c       0x24 ../asvm14150_bsp/\libucosii_bsp.a(tcp_subr.o)
 .rodata        0x0004f8b0       0x2c ../asvm14150_bsp/\libucosii_bsp.a(tcp_usr.o)
 .rodata        0x0004f8dc        0xc ../asvm14150_bsp/\libucosii_bsp.a(alt_dev.o)
 .rodata        0x0004f8e8        0x4 ../asvm14150_bsp/\libucosii_bsp.a(os_cpu_c.o)
 .rodata        0x0004f8ec      0x1d4 ../asvm14150_bsp/\libucosii_bsp.a(allports.o)
 .rodata        0x0004fac0       0x34 ../asvm14150_bsp/\libucosii_bsp.a(tk_misc.o)
 .rodata        0x0004faf4       0x44 ../asvm14150_bsp/\libucosii_bsp.a(et_arp.o)
 .rodata        0x0004fb38      0x1dc ../asvm14150_bsp/\libucosii_bsp.a(ip.o)
 .rodata        0x0004fd14      0x158 ../asvm14150_bsp/\libucosii_bsp.a(ip_reasm.o)
 .rodata        0x0004fe6c      0x120 ../asvm14150_bsp/\libucosii_bsp.a(ipdemux.o)
 .rodata        0x0004ff8c       0x34 ../asvm14150_bsp/\libucosii_bsp.a(ipport.o)
 .rodata        0x0004ffc0       0x24 ../asvm14150_bsp/\libucosii_bsp.a(ipraw.o)
 .rodata        0x0004ffe4       0x38 ../asvm14150_bsp/\libucosii_bsp.a(iproute.o)
 .rodata        0x0005001c       0xe8 ../asvm14150_bsp/\libucosii_bsp.a(udp.o)
 .rodata        0x00050104      0x2d0 ../asvm14150_bsp/\libucosii_bsp.a(u_mctest.o)
 .rodata        0x000503d4       0xf8 ../asvm14150_bsp/\libucosii_bsp.a(dhcsetup.o)
 .rodata        0x000504cc       0x94 ../asvm14150_bsp/\libucosii_bsp.a(parseip.o)
 .rodata        0x00050560       0x34 ../asvm14150_bsp/\libucosii_bsp.a(vfsfiles.o)
 .rodata        0x00050594      0x318 ../asvm14150_bsp/\libucosii_bsp.a(icmp.o)
 .rodata        0x000508ac      0x281 c:/altera/11.0sp1/nios2eds/bin/gnu/h-i686-mingw32/bin/../lib/gcc/nios2-elf/4.1.2/../../../../nios2-elf/lib\libc.a(lib_a-ctype_.o)
                0x000508ac                _ctype_
 *(.rodata1)
                0x00050b30                . = ALIGN (0x4)
 *fill*         0x00050b2d        0x3 00
                0x00050b30                PROVIDE (__ram_rodata_end, ABSOLUTE (.))
                0x0004aed4                PROVIDE (__flash_rodata_start, LOADADDR (.rodata))

.rwdata         0x00050b30     0x2168 load address 0x00052c98
                0x00050b30                PROVIDE (__ram_rwdata_start, ABSOLUTE (.))
                0x00050b30                . = ALIGN (0x4)
 *(.got.plt)
 *(.got)
 *(.data1)
 *(.data .data.* .gnu.linkonce.d.*)
 .data          0x00050b30        0x0 ../asvm14150_bsp//obj/HAL/src/crt0.o
 .data          0x00050b30        0x0 obj/adc.o
 .data          0x00050b30        0x0 obj/alt_error_handler.o
 .data          0x00050b30        0x0 obj/hack_tcp.o
 .data          0x00050b30       0x18 obj/iniche_init.o
                0x00050b30                ssstask
 .data          0x00050b48        0x0 obj/led.o
 .data          0x00050b48        0x0 obj/network_utilities.o
 .data          0x00050b48        0x0 obj/simple_socket_server.o
 .data          0x00050b48      0x120 obj/tse_my_system.o
                0x00050b48                tse_mac_device
 .data          0x00050c68        0x0 c:/altera/11.0sp1/nios2eds/bin/gnu/h-i686-mingw32/bin/../lib/gcc/nios2-elf/4.1.2\libgcc.a(_mul_df.o)
 .data          0x00050c68        0x0 c:/altera/11.0sp1/nios2eds/bin/gnu/h-i686-mingw32/bin/../lib/gcc/nios2-elf/4.1.2\libgcc.a(_div_df.o)
 .data          0x00050c68        0x0 c:/altera/11.0sp1/nios2eds/bin/gnu/h-i686-mingw32/bin/../lib/gcc/nios2-elf/4.1.2\libgcc.a(_si_to_df.o)
 .data          0x00050c68        0x0 c:/altera/11.0sp1/nios2eds/bin/gnu/h-i686-mingw32/bin/../lib/gcc/nios2-elf/4.1.2\libgcc.a(_thenan_df.o)
 .data          0x00050c68        0x0 c:/altera/11.0sp1/nios2eds/bin/gnu/h-i686-mingw32/bin/../lib/gcc/nios2-elf/4.1.2\libgcc.a(_usi_to_df.o)
 .data          0x00050c68        0x0 c:/altera/11.0sp1/nios2eds/bin/gnu/h-i686-mingw32/bin/../lib/gcc/nios2-elf/4.1.2\libgcc.a(lib2-divmod.o)
 .data          0x00050c68        0x0 c:/altera/11.0sp1/nios2eds/bin/gnu/h-i686-mingw32/bin/../lib/gcc/nios2-elf/4.1.2\libgcc.a(_muldi3.o)
 .data          0x00050c68        0x0 c:/altera/11.0sp1/nios2eds/bin/gnu/h-i686-mingw32/bin/../lib/gcc/nios2-elf/4.1.2\libgcc.a(_clzsi2.o)
 .data          0x00050c68        0x0 c:/altera/11.0sp1/nios2eds/bin/gnu/h-i686-mingw32/bin/../lib/gcc/nios2-elf/4.1.2\libgcc.a(_pack_df.o)
 .data          0x00050c68        0x0 c:/altera/11.0sp1/nios2eds/bin/gnu/h-i686-mingw32/bin/../lib/gcc/nios2-elf/4.1.2\libgcc.a(_unpack_df.o)
 .data          0x00050c68        0x0 c:/altera/11.0sp1/nios2eds/bin/gnu/h-i686-mingw32/bin/../lib/gcc/nios2-elf/4.1.2\libgcc.a(_clz.o)
 .data          0x00050c68        0x0 c:/altera/11.0sp1/nios2eds/bin/gnu/h-i686-mingw32/bin/../lib/gcc/nios2-elf/4.1.2/../../../../nios2-elf/lib\libc.a(lib_a-fprintf.o)
 .data          0x00050c68        0x0 c:/altera/11.0sp1/nios2eds/bin/gnu/h-i686-mingw32/bin/../lib/gcc/nios2-elf/4.1.2/../../../../nios2-elf/lib\libc.a(lib_a-fwrite.o)
 .data          0x00050c68      0x400 c:/altera/11.0sp1/nios2eds/bin/gnu/h-i686-mingw32/bin/../lib/gcc/nios2-elf/4.1.2/../../../../nios2-elf/lib\libc.a(lib_a-impure.o)
 .data          0x00051068        0x0 c:/altera/11.0sp1/nios2eds/bin/gnu/h-i686-mingw32/bin/../lib/gcc/nios2-elf/4.1.2/../../../../nios2-elf/lib\libc.a(lib_a-memset.o)
 .data          0x00051068        0x0 c:/altera/11.0sp1/nios2eds/bin/gnu/h-i686-mingw32/bin/../lib/gcc/nios2-elf/4.1.2/../../../../nios2-elf/lib\libc.a(lib_a-perror.o)
 .data          0x00051068        0x0 c:/altera/11.0sp1/nios2eds/bin/gnu/h-i686-mingw32/bin/../lib/gcc/nios2-elf/4.1.2/../../../../nios2-elf/lib\libc.a(lib_a-printf.o)
 .data          0x00051068        0x0 c:/altera/11.0sp1/nios2eds/bin/gnu/h-i686-mingw32/bin/../lib/gcc/nios2-elf/4.1.2/../../../../nios2-elf/lib\libc.a(lib_a-puts.o)
 .data          0x00051068        0x0 c:/altera/11.0sp1/nios2eds/bin/gnu/h-i686-mingw32/bin/../lib/gcc/nios2-elf/4.1.2/../../../../nios2-elf/lib\libc.a(lib_a-strerror.o)
 .data          0x00051068        0x0 c:/altera/11.0sp1/nios2eds/bin/gnu/h-i686-mingw32/bin/../lib/gcc/nios2-elf/4.1.2/../../../../nios2-elf/lib\libc.a(lib_a-strlen.o)
 .data          0x00051068        0x0 c:/altera/11.0sp1/nios2eds/bin/gnu/h-i686-mingw32/bin/../lib/gcc/nios2-elf/4.1.2/../../../../nios2-elf/lib\libc.a(lib_a-u_strerr.o)
 .data          0x00051068        0x0 c:/altera/11.0sp1/nios2eds/bin/gnu/h-i686-mingw32/bin/../lib/gcc/nios2-elf/4.1.2/../../../../nios2-elf/lib\libc.a(lib_a-vfprintf.o)
 .data          0x00051068        0x0 c:/altera/11.0sp1/nios2eds/bin/gnu/h-i686-mingw32/bin/../lib/gcc/nios2-elf/4.1.2/../../../../nios2-elf/lib\libc.a(lib_a-wsetup.o)
 .data          0x00051068        0x0 c:/altera/11.0sp1/nios2eds/bin/gnu/h-i686-mingw32/bin/../lib/gcc/nios2-elf/4.1.2/../../../../nios2-elf/lib\libc.a(lib_a-dtoa.o)
 .data          0x00051068        0x0 c:/altera/11.0sp1/nios2eds/bin/gnu/h-i686-mingw32/bin/../lib/gcc/nios2-elf/4.1.2/../../../../nios2-elf/lib\libc.a(lib_a-fflush.o)
 .data          0x00051068        0x0 c:/altera/11.0sp1/nios2eds/bin/gnu/h-i686-mingw32/bin/../lib/gcc/nios2-elf/4.1.2/../../../../nios2-elf/lib\libc.a(lib_a-findfp.o)
 .data          0x00051068        0x0 c:/altera/11.0sp1/nios2eds/bin/gnu/h-i686-mingw32/bin/../lib/gcc/nios2-elf/4.1.2/../../../../nios2-elf/lib\libc.a(lib_a-fputc.o)
 .data          0x00051068        0x0 c:/altera/11.0sp1/nios2eds/bin/gnu/h-i686-mingw32/bin/../lib/gcc/nios2-elf/4.1.2/../../../../nios2-elf/lib\libc.a(lib_a-fputs.o)
 .data          0x00051068        0x0 c:/altera/11.0sp1/nios2eds/bin/gnu/h-i686-mingw32/bin/../lib/gcc/nios2-elf/4.1.2/../../../../nios2-elf/lib\libc.a(lib_a-freer.o)
 .data          0x00051068        0x0 c:/altera/11.0sp1/nios2eds/bin/gnu/h-i686-mingw32/bin/../lib/gcc/nios2-elf/4.1.2/../../../../nios2-elf/lib\libc.a(lib_a-fvwrite.o)
 .data          0x00051068        0x0 c:/altera/11.0sp1/nios2eds/bin/gnu/h-i686-mingw32/bin/../lib/gcc/nios2-elf/4.1.2/../../../../nios2-elf/lib\libc.a(lib_a-fwalk.o)
 .data          0x00051068        0xc c:/altera/11.0sp1/nios2eds/bin/gnu/h-i686-mingw32/bin/../lib/gcc/nios2-elf/4.1.2/../../../../nios2-elf/lib\libc.a(lib_a-locale.o)
                0x00051068                __lc_ctype
 .data          0x00051074        0x0 c:/altera/11.0sp1/nios2eds/bin/gnu/h-i686-mingw32/bin/../lib/gcc/nios2-elf/4.1.2/../../../../nios2-elf/lib\libc.a(lib_a-makebuf.o)
 .data          0x00051074      0x408 c:/altera/11.0sp1/nios2eds/bin/gnu/h-i686-mingw32/bin/../lib/gcc/nios2-elf/4.1.2/../../../../nios2-elf/lib\libc.a(lib_a-mallocr.o)
                0x00051074                __malloc_av_
 .data          0x0005147c        0x0 c:/altera/11.0sp1/nios2eds/bin/gnu/h-i686-mingw32/bin/../lib/gcc/nios2-elf/4.1.2/../../../../nios2-elf/lib\libc.a(lib_a-memchr.o)
 .data          0x0005147c        0x0 c:/altera/11.0sp1/nios2eds/bin/gnu/h-i686-mingw32/bin/../lib/gcc/nios2-elf/4.1.2/../../../../nios2-elf/lib\libc.a(lib_a-memcpy.o)
 .data          0x0005147c        0x0 c:/altera/11.0sp1/nios2eds/bin/gnu/h-i686-mingw32/bin/../lib/gcc/nios2-elf/4.1.2/../../../../nios2-elf/lib\libc.a(lib_a-memmove.o)
 .data          0x0005147c        0x0 c:/altera/11.0sp1/nios2eds/bin/gnu/h-i686-mingw32/bin/../lib/gcc/nios2-elf/4.1.2/../../../../nios2-elf/lib\libc.a(lib_a-mprec.o)
 .data          0x0005147c        0x0 c:/altera/11.0sp1/nios2eds/bin/gnu/h-i686-mingw32/bin/../lib/gcc/nios2-elf/4.1.2/../../../../nios2-elf/lib\libc.a(lib_a-putc.o)
 .data          0x0005147c        0x0 c:/altera/11.0sp1/nios2eds/bin/gnu/h-i686-mingw32/bin/../lib/gcc/nios2-elf/4.1.2/../../../../nios2-elf/lib\libc.a(lib_a-reallocr.o)
 .data          0x0005147c        0x0 c:/altera/11.0sp1/nios2eds/bin/gnu/h-i686-mingw32/bin/../lib/gcc/nios2-elf/4.1.2/../../../../nios2-elf/lib\libc.a(lib_a-s_isinfd.o)