Archive member included because of file (symbol)

c:/altera/11.0sp1/nios2eds/bin/gnu/h-i686-mingw32/bin/../lib/gcc/nios2-elf/4.1.2/../../../../nios2-elf/lib\libc.a(lib_a-ctype_.o)
                              obj/network_utilities.o (__ctype_ptr)
c:/altera/11.0sp1/nios2eds/bin/gnu/h-i686-mingw32/bin/../lib/gcc/nios2-elf/4.1.2/../../../../nios2-elf/lib\libc.a(lib_a-fprintf.o)
                              obj/alt_error_handler.o (fprintf)
c:/altera/11.0sp1/nios2eds/bin/gnu/h-i686-mingw32/bin/../lib/gcc/nios2-elf/4.1.2/../../../../nios2-elf/lib\libc.a(lib_a-fwrite.o)
                              obj/alt_error_handler.o (fwrite)
c:/altera/11.0sp1/nios2eds/bin/gnu/h-i686-mingw32/bin/../lib/gcc/nios2-elf/4.1.2/../../../../nios2-elf/lib\libc.a(lib_a-getc.o)
                              obj/network_utilities.o (getc)
c:/altera/11.0sp1/nios2eds/bin/gnu/h-i686-mingw32/bin/../lib/gcc/nios2-elf/4.1.2/../../../../nios2-elf/lib\libc.a(lib_a-impure.o)
                              obj/alt_error_handler.o (_impure_ptr)
c:/altera/11.0sp1/nios2eds/bin/gnu/h-i686-mingw32/bin/../lib/gcc/nios2-elf/4.1.2/../../../../nios2-elf/lib\libc.a(lib_a-memcpy.o)
                              obj/simple_socket_server.o (memcpy)
c:/altera/11.0sp1/nios2eds/bin/gnu/h-i686-mingw32/bin/../lib/gcc/nios2-elf/4.1.2/../../../../nios2-elf/lib\libc.a(lib_a-memmove.o)
                              obj/simple_socket_server.o (memmove)
c:/altera/11.0sp1/nios2eds/bin/gnu/h-i686-mingw32/bin/../lib/gcc/nios2-elf/4.1.2/../../../../nios2-elf/lib\libc.a(lib_a-memset.o)
                              obj/simple_socket_server.o (memset)
c:/altera/11.0sp1/nios2eds/bin/gnu/h-i686-mingw32/bin/../lib/gcc/nios2-elf/4.1.2/../../../../nios2-elf/lib\libc.a(lib_a-perror.o)
                              obj/alt_error_handler.o (perror)
c:/altera/11.0sp1/nios2eds/bin/gnu/h-i686-mingw32/bin/../lib/gcc/nios2-elf/4.1.2/../../../../nios2-elf/lib\libc.a(lib_a-printf.o)
                              obj/alt_error_handler.o (printf)
c:/altera/11.0sp1/nios2eds/bin/gnu/h-i686-mingw32/bin/../lib/gcc/nios2-elf/4.1.2/../../../../nios2-elf/lib\libc.a(lib_a-putc.o)
                              obj/network_utilities.o (putc)
c:/altera/11.0sp1/nios2eds/bin/gnu/h-i686-mingw32/bin/../lib/gcc/nios2-elf/4.1.2/../../../../nios2-elf/lib\libc.a(lib_a-putchar.o)
                              obj/network_utilities.o (putchar)
c:/altera/11.0sp1/nios2eds/bin/gnu/h-i686-mingw32/bin/../lib/gcc/nios2-elf/4.1.2/../../../../nios2-elf/lib\libc.a(lib_a-puts.o)
                              obj/alt_error_handler.o (puts)
c:/altera/11.0sp1/nios2eds/bin/gnu/h-i686-mingw32/bin/../lib/gcc/nios2-elf/4.1.2/../../../../nios2-elf/lib\libc.a(lib_a-rget.o)
                              c:/altera/11.0sp1/nios2eds/bin/gnu/h-i686-mingw32/bin/../lib/gcc/nios2-elf/4.1.2/../../../../nios2-elf/lib\libc.a(lib_a-getc.o) (__srget_r)
c:/altera/11.0sp1/nios2eds/bin/gnu/h-i686-mingw32/bin/../lib/gcc/nios2-elf/4.1.2/../../../../nios2-elf/lib\libc.a(lib_a-sprintf.o)
                              obj/simple_socket_server.o (sprintf)
c:/altera/11.0sp1/nios2eds/bin/gnu/h-i686-mingw32/bin/../lib/gcc/nios2-elf/4.1.2/../../../../nios2-elf/lib\libc.a(lib_a-strchr.o)
                              obj/simple_socket_server.o (strchr)
c:/altera/11.0sp1/nios2eds/bin/gnu/h-i686-mingw32/bin/../lib/gcc/nios2-elf/4.1.2/../../../../nios2-elf/lib\libc.a(lib_a-strerror.o)
                              c:/altera/11.0sp1/nios2eds/bin/gnu/h-i686-mingw32/bin/../lib/gcc/nios2-elf/4.1.2/../../../../nios2-elf/lib\libc.a(lib_a-perror.o) (strerror)
c:/altera/11.0sp1/nios2eds/bin/gnu/h-i686-mingw32/bin/../lib/gcc/nios2-elf/4.1.2/../../../../nios2-elf/lib\libc.a(lib_a-strlen.o)
                              c:/altera/11.0sp1/nios2eds/bin/gnu/h-i686-mingw32/bin/../lib/gcc/nios2-elf/4.1.2/../../../../nios2-elf/lib\libc.a(lib_a-puts.o) (strlen)
c:/altera/11.0sp1/nios2eds/bin/gnu/h-i686-mingw32/bin/../lib/gcc/nios2-elf/4.1.2/../../../../nios2-elf/lib\libc.a(lib_a-u_strerr.o)
                              c:/altera/11.0sp1/nios2eds/bin/gnu/h-i686-mingw32/bin/../lib/gcc/nios2-elf/4.1.2/../../../../nios2-elf/lib\libc.a(lib_a-strerror.o) (_user_strerror)
c:/altera/11.0sp1/nios2eds/bin/gnu/h-i686-mingw32/bin/../lib/gcc/nios2-elf/4.1.2/../../../../nios2-elf/lib\libc.a(lib_a-vfprintf.o)
                              c:/altera/11.0sp1/nios2eds/bin/gnu/h-i686-mingw32/bin/../lib/gcc/nios2-elf/4.1.2/../../../../nios2-elf/lib\libc.a(lib_a-printf.o) (___vfprintf_internal_r)
c:/altera/11.0sp1/nios2eds/bin/gnu/h-i686-mingw32/bin/../lib/gcc/nios2-elf/4.1.2/../../../../nios2-elf/lib\libc.a(lib_a-wbuf.o)
                              c:/altera/11.0sp1/nios2eds/bin/gnu/h-i686-mingw32/bin/../lib/gcc/nios2-elf/4.1.2/../../../../nios2-elf/lib\libc.a(lib_a-putc.o) (__swbuf_r)
c:/altera/11.0sp1/nios2eds/bin/gnu/h-i686-mingw32/bin/../lib/gcc/nios2-elf/4.1.2/../../../../nios2-elf/lib\libc.a(lib_a-wsetup.o)
[...]
Memory Configuration

Name             Origin             Length             Attributes
reset            0x00000000         0x00000020
sdram            0x00000020         0x07ffffe0
cfi_flash        0x0a800000         0x00800000
sram             0x0b200000         0x00200000
onchip_memory2   0x0b420000         0x00020000
descriptor_memory 0x0b440000         0x00001000
*default*        0x00000000         0xffffffff

Linker script and memory map

LOAD ../asvm14150_bsp//obj/HAL/src/crt0.o
LOAD obj/alt_error_handler.o
LOAD obj/iniche_init.o
LOAD obj/led.o
LOAD obj/network_utilities.o
LOAD obj/simple_socket_server.o
LOAD obj/tse_my_system.o
LOAD c:/altera/11.0sp1/nios2eds/bin/gnu/h-i686-mingw32/bin/../lib/gcc/nios2-elf/4.1.2/../../../../nios2-elf/lib\libstdc++.a
LOAD c:/altera/11.0sp1/nios2eds/bin/gnu/h-i686-mingw32/bin/../lib/gcc/nios2-elf/4.1.2/../../../../nios2-elf/lib\libm.a
LOAD c:/altera/11.0sp1/nios2eds/bin/gnu/h-i686-mingw32/bin/../lib/gcc/nios2-elf/4.1.2\libgcc.a
START GROUP
LOAD c:/altera/11.0sp1/nios2eds/bin/gnu/h-i686-mingw32/bin/../lib/gcc/nios2-elf/4.1.2/../../../../nios2-elf/lib\libc.a
LOAD c:/altera/11.0sp1/nios2eds/bin/gnu/h-i686-mingw32/bin/../lib/gcc/nios2-elf/4.1.2\libgcc.a
LOAD ../asvm14150_bsp/\libucosii_bsp.a
END GROUP
LOAD c:/altera/11.0sp1/nios2eds/bin/gnu/h-i686-mingw32/bin/../lib/gcc/nios2-elf/4.1.2\libgcc.a
                0x00000000                __alt_mem_sdram = 0x0
                0x0a800000                __alt_mem_cfi_flash = 0xa800000
                0x0b200000                __alt_mem_sram = 0xb200000
                0x0b420000                __alt_mem_onchip_memory2 = 0xb420000
                0x0b440000                __alt_mem_descriptor_memory = 0xb440000

.entry          0x00000000       0x20
 *(.entry)
 .entry         0x00000000       0x20 ../asvm14150_bsp//obj/HAL/src/crt0.o
                0x00000000                __reset

.exceptions     0x00000020      0x19c
                0x00000020                PROVIDE (__ram_exceptions_start, ABSOLUTE (.))
                0x00000020                . = ALIGN (0x20)
 *(.irq)
 *(.exceptions.entry.label)
 .exceptions.entry.label
                0x00000020        0x0 ../asvm14150_bsp/\libucosii_bsp.a(alt_irq_entry.o)
                0x00000020                alt_irq_entry
 .exceptions.entry.label
                0x00000020        0x0 ../asvm14150_bsp/\libucosii_bsp.a(alt_exception_entry.o)
                0x00000020                alt_exception
 *(.exceptions.entry.user)
 *(.exceptions.entry)
 .exceptions.entry
                0x00000020       0x54 ../asvm14150_bsp/\libucosii_bsp.a(alt_exception_entry.o)
 *(.exceptions.irqtest.user)
 *(.exceptions.irqtest)
 .exceptions.irqtest
                0x00000074       0x10 ../asvm14150_bsp/\libucosii_bsp.a(alt_irq_entry.o)
 *(.exceptions.irqhandler.user)
 *(.exceptions.irqhandler)
 .exceptions.irqhandler
                0x00000084        0x4 ../asvm14150_bsp/\libucosii_bsp.a(alt_irq_entry.o)
 *(.exceptions.irqreturn.user)
 *(.exceptions.irqreturn)
 .exceptions.irqreturn
                0x00000088        0x4 ../asvm14150_bsp/\libucosii_bsp.a(alt_irq_entry.o)
 *(.exceptions.notirq.label)
 .exceptions.notirq.label
                0x0000008c        0x0 ../asvm14150_bsp/\libucosii_bsp.a(alt_irq_entry.o)
 *(.exceptions.notirq.user)
 *(.exceptions.notirq)
 .exceptions.notirq
                0x0000008c        0x8 ../asvm14150_bsp/\libucosii_bsp.a(alt_exception_entry.o)
 *(.exceptions.soft.user)
 *(.exceptions.soft)
 *(.exceptions.unknown.user)
 *(.exceptions.unknown)
 .exceptions.unknown
                0x00000094        0x4 ../asvm14150_bsp/\libucosii_bsp.a(alt_exception_entry.o)
 *(.exceptions.exit.label)
 .exceptions.exit.label
                0x00000098        0x0 ../asvm14150_bsp/\libucosii_bsp.a(alt_irq_entry.o)
 .exceptions.exit.label
                0x00000098        0x0 ../asvm14150_bsp/\libucosii_bsp.a(alt_exception_entry.o)
 *(.exceptions.exit.user)
 *(.exceptions.exit)
 .exceptions.exit
                0x00000098       0x54 ../asvm14150_bsp/\libucosii_bsp.a(alt_exception_entry.o)
 *(.exceptions)
 .exceptions    0x000000ec       0xd0 ../asvm14150_bsp/\libucosii_bsp.a(alt_irq_handler.o)
                0x000000ec                alt_irq_handler
                0x000001bc                PROVIDE (__ram_exceptions_end, ABSOLUTE (.))
                0x00000020                PROVIDE (__flash_exceptions_start, LOADADDR (.exceptions))

.text           0x000001bc    0x4b3c0
                0x000001bc                PROVIDE (stext, ABSOLUTE (.))
 *(.interp)
 *(.hash)
 *(.dynsym)
 *(.dynstr)
 *(.gnu.version)
 *(.gnu.version_d)
 *(.gnu.version_r)
 *(.rel.init)
 *(.rela.init)
 *(.rel.text .rel.text.* .rel.gnu.linkonce.t.*)
 *(.rela.text .rela.text.* .rela.gnu.linkonce.t.*)
 *(.rel.fini)
 *(.rela.fini)
 *(.rel.rodata .rel.rodata.* .rel.gnu.linkonce.r.*)
 *(.rela.rodata .rela.rodata.* .rela.gnu.linkonce.r.*)
 *(.rel.data .rel.data.* .rel.gnu.linkonce.d.*)
 *(.rela.data .rela.data.* .rela.gnu.linkonce.d.*)
 *(.rel.tdata .rel.tdata.* .rel.gnu.linkonce.td.*)
 *(.rela.tdata .rela.tdata.* .rela.gnu.linkonce.td.*)
 *(.rel.tbss .rel.tbss.* .rel.gnu.linkonce.tb.*)
 *(.rela.tbss .rela.tbss.* .rela.gnu.linkonce.tb.*)
 *(.rel.ctors)
 *(.rela.ctors)
 *(.rel.dtors)
 *(.rela.dtors)
 *(.rel.got)
 *(.rela.got)
 *(.rel.sdata .rel.sdata.* .rel.gnu.linkonce.s.*)
 *(.rela.sdata .rela.sdata.* .rela.gnu.linkonce.s.*)
 *(.rel.sbss .rel.sbss.* .rel.gnu.linkonce.sb.*)
 *(.rela.sbss .rela.sbss.* .rela.gnu.linkonce.sb.*)
 *(.rel.sdata2 .rel.sdata2.* .rel.gnu.linkonce.s2.*)
 *(.rela.sdata2 .rela.sdata2.* .rela.gnu.linkonce.s2.*)
 *(.rel.sbss2 .rel.sbss2.* .rel.gnu.linkonce.sb2.*)
 *(.rela.sbss2 .rela.sbss2.* .rela.gnu.linkonce.sb2.*)
 *(.rel.bss .rel.bss.* .rel.gnu.linkonce.b.*)
 *(.rela.bss .rela.bss.* .rela.gnu.linkonce.b.*)
 *(.rel.plt)
 *(.rela.plt)
 *(.rel.dyn)
 *(.init)
 *(.plt)
 *(.text .stub .text.* .gnu.linkonce.t.*)
 .text          0x000001bc       0x4c ../asvm14150_bsp//obj/HAL/src/crt0.o
                0x000001bc                _start
 .text          0x00000208      0xba8 obj/alt_error_handler.o
                0x00000208                alt_uCOSIIErrorHandler
                0x0000082c                alt_NetworkErrorHandler
                0x00000ac4                alt_SSSErrorHandler
 .text          0x00000db0       0xf4 obj/iniche_init.o
                0x00000db0                SSSInitialTask
                0x00000e28                main
 .text          0x00000ea4      0x324 obj/led.o
                0x00000ea4                led_bit_toggle
                0x00000f70                LED7SegLightshowTask
                0x00000fe4                LEDManagementTask
 .text          0x000011c8      0x850 obj/network_utilities.o
                0x000011c8                get_mac_addr
                0x00001220                get_ip_addr
                0x0000127c                get_serial_number
                0x00001458                generate_and_store_mac_addr
                0x00001604                generate_mac_addr
                0x00001740                get_board_mac_addr
                0x000018d4                FindLastFlashSectorOffset
 .text          0x00001a18      0x968 obj/simple_socket_server.o
                0x00001a18                SSSCreateOSDataStructs
                0x00001ac0                SSSCreateTasks
                0x00001b84                sss_reset_connection
                0x00001bf4                sss_send_menu
                0x00001d84                sss_handle_accept
                0x00001e44                sss_exec_command
                0x00001fe8                sss_handle_receive
                0x000021d4                SSSSimpleSocketServerTask
 .text          0x00002380        0x0 obj/tse_my_system.o
 .text          0x00002380        0x0 c:/altera/11.0sp1/nios2eds/bin/gnu/h-i686-mingw32/bin/../lib/gcc/nios2-elf/4.1.2/../../../../nios2-elf/lib\libc.a(lib_a-ctype_.o)
 .text          0x00002380       0x60 c:/altera/11.0sp1/nios2eds/bin/gnu/h-i686-mingw32/bin/../lib/gcc/nios2-elf/4.1.2/../../../../nios2-elf/lib\libc.a(lib_a-fprintf.o)
                0x00002380                fprintf
                0x000023ac                _fprintf_r
 .text          0x000023e0       0xdc c:/altera/11.0sp1/nios2eds/bin/gnu/h-i686-mingw32/bin/../lib/gcc/nios2-elf/4.1.2/../../../../nios2-elf/lib\libc.a(lib_a-fwrite.o)
                0x000023e0                _fwrite_r
                0x0000247c                fwrite
 .text          0x000024bc      0x128 c:/altera/11.0sp1/nios2eds/bin/gnu/h-i686-mingw32/bin/../lib/gcc/nios2-elf/4.1.2/../../../../nios2-elf/lib\libc.a(lib_a-getc.o)
                0x000024bc                getc
                0x00002554                _getc_r
 .text          0x000025e4        0x0 c:/altera/11.0sp1/nios2eds/bin/gnu/h-i686-mingw32/bin/../lib/gcc/nios2-elf/4.1.2/../../../../nios2-elf/lib\libc.a(lib_a-impure.o)
 .text          0x000025e4       0xa0 c:/altera/11.0sp1/nios2eds/bin/gnu/h-i686-mingw32/bin/../lib/gcc/nios2-elf/4.1.2/../../../../nios2-elf/lib\libc.a(lib_a-memcpy.o)
                0x000025e4                memcpy
 .text          0x00002684       0xe0 c:/altera/11.0sp1/nios2eds/bin/gnu/h-i686-mingw32/bin/../lib/gcc/nios2-elf/4.1.2/../../../../nios2-elf/lib\libc.a(lib_a-memmove.o)
                0x00002684                memmove
 .text          0x00002764       0x98 c:/altera/11.0sp1/nios2eds/bin/gnu/h-i686-mingw32/bin/../lib/gcc/nios2-elf/4.1.2/../../../../nios2-elf/lib\libc.a(lib_a-memset.o)
                0x00002764                memset
 .text          0x000027fc       0x80 c:/altera/11.0sp1/nios2eds/bin/gnu/h-i686-mingw32/bin/../lib/gcc/nios2-elf/4.1.2/../../../../nios2-elf/lib\libc.a(lib_a-perror.o)
                0x000027fc                _perror_r
                0x00002868                perror
 .text          0x0000287c       0x78 c:/altera/11.0sp1/nios2eds/bin/gnu/h-i686-mingw32/bin/../lib/gcc/nios2-elf/4.1.2/../../../../nios2-elf/lib\libc.a(lib_a-printf.o)
                0x0000287c                printf
                0x000028c0                _printf_r
 .text          0x000028f4      0x1ec c:/altera/11.0sp1/nios2eds/bin/gnu/h-i686-mingw32/bin/../lib/gcc/nios2-elf/4.1.2/../../../../nios2-elf/lib\libc.a(lib_a-putc.o)
                0x000028f4                putc
                0x000029f8                _putc_r
 .text          0x00002ae0       0x24 c:/altera/11.0sp1/nios2eds/bin/gnu/h-i686-mingw32/bin/../lib/gcc/nios2-elf/4.1.2/../../../../nios2-elf/lib\libc.a(lib_a-putchar.o)
                0x00002ae0                putchar
                0x00002afc                _putchar_r
 .text          0x00002b04       0xb4 c:/altera/11.0sp1/nios2eds/bin/gnu/h-i686-mingw32/bin/../lib/gcc/nios2-elf/4.1.2/../../../../nios2-elf/lib\libc.a(lib_a-puts.o)
                0x00002b04                _puts_r
                0x00002ba4                puts
 .text          0x00002bb8       0x60 c:/altera/11.0sp1/nios2eds/bin/gnu/h-i686-mingw32/bin/../lib/gcc/nios2-elf/4.1.2/../../../../nios2-elf/lib\libc.a(lib_a-rget.o)
                0x00002bb8                __srget_r
                0x00002c04                __srget
 .text          0x00002c18       0xd4 c:/altera/11.0sp1/nios2eds/bin/gnu/h-i686-mingw32/bin/../lib/gcc/nios2-elf/4.1.2/../../../../nios2-elf/lib\libc.a(lib_a-sprintf.o)
                0x00002c18                sprintf
                0x00002c8c                _sprintf_r
 .text          0x00002cec       0xe0 c:/altera/11.0sp1/nios2eds/bin/gnu/h-i686-mingw32/bin/../lib/gcc/nios2-elf/4.1.2/../../../../nios2-elf/lib\libc.a(lib_a-strchr.o)
                0x00002cec                strchr
 .text          0x00002dcc      0x674 c:/altera/11.0sp1/nios2eds/bin/gnu/h-i686-mingw32/bin/../lib/gcc/nios2-elf/4.1.2/../../../../nios2-elf/lib\libc.a(lib_a-strerror.o)
                0x00002dcc                strerror
 .text          0x00003440       0x74 c:/altera/11.0sp1/nios2eds/bin/gnu/h-i686-mingw32/bin/../lib/gcc/nios2-elf/4.1.2/../../../../nios2-elf/lib\libc.a(lib_a-strlen.o)
                0x00003440                strlen
 .text          0x000034b4        0x8 c:/altera/11.0sp1/nios2eds/bin/gnu/h-i686-mingw32/bin/../lib/gcc/nios2-elf/4.1.2/../../../../nios2-elf/lib\libc.a(lib_a-u_strerr.o)
                0x000034b4                _user_strerror
 .text          0x000034bc     0x1f28 c:/altera/11.0sp1/nios2eds/bin/gnu/h-i686-mingw32/bin/../lib/gcc/nios2-elf/4.1.2/../../../../nios2-elf/lib\libc.a(lib_a-vfprintf.o)
                0x00003514                ___vfprintf_internal_r
                0x000053c0                __vfprintf_internal
 .text          0x000053e4      0x14c c:/altera/11.0sp1/nios2eds/bin/gnu/h-i686-mingw32/bin/../lib/gcc/nios2-elf/4.1.2/../../../../nios2-elf/lib\libc.a(lib_a-wbuf.o)
                0x000053e4                __swbuf_r
                0x00005514                __swbuf
 .text          0x00005530      0x13c c:/altera/11.0sp1/nios2eds/bin/gnu/h-i686-mingw32/bin/../lib/gcc/nios2-elf/4.1.2/../../../../nios2-elf/lib\libc.a(lib_a-wsetup.o)
                0x00005530                __swsetup_r
 .text          0x0000566c     0x17cc c:/altera/11.0sp1/nios2eds/bin/gnu/h-i686-mingw32/bin/../lib/gcc/nios2-elf/4.1.2/../../../../nios2-elf/lib\libc.a(lib_a-dtoa.o)
                0x00005884                _dtoa_r
 .text          0x00006e38      0x230 c:/altera/11.0sp1/nios2eds/bin/gnu/h-i686-mingw32/bin/../lib/gcc/nios2-elf/4.1.2/../../../../nios2-elf/lib\libc.a(lib_a-fflush.o)
                0x00006e38                _fflush_r
                0x00007034                fflush
 .text          0x00007068      0x2c0 c:/altera/11.0sp1/nios2eds/bin/gnu/h-i686-mingw32/bin/../lib/gcc/nios2-elf/4.1.2/../../../../nios2-elf/lib\libc.a(lib_a-findfp.o)
                0x000070c0                __sfp_lock_acquire
                0x000070c4                __sfp_lock_release
                0x000070c8                __sinit_lock_acquire
                0x000070cc                __sinit_lock_release
                0x000070d0                __sinit
                0x00007184                __fp_unlock_all
                0x0000719c                __fp_lock_all
                0x000071b4                _cleanup_r
                0x000071c0                _cleanup
                0x000071d0                __sfmoreglue
                0x00007238                __sfp
 .text          0x00007328       0xbc c:/altera/11.0sp1/nios2eds/bin/gnu/h-i686-mingw32/bin/../lib/gcc/nios2-elf/4.1.2/../../../../nios2-elf/lib\libc.a(lib_a-fputc.o)
                0x00007328                fputc
                0x0000738c                _fputc_r
 .text          0x000073e4       0x90 c:/altera/11.0sp1/nios2eds/bin/gnu/h-i686-mingw32/bin/../lib/gcc/nios2-elf/4.1.2/../../../../nios2-elf/lib\libc.a(lib_a-fputs.o)
                0x000073e4                _fputs_r
                0x00007458                fputs
 .text          0x00007474      0x440 c:/altera/11.0sp1/nios2eds/bin/gnu/h-i686-mingw32/bin/../lib/gcc/nios2-elf/4.1.2/../../../../nios2-elf/lib\libc.a(lib_a-freer.o)
                0x00007474                _malloc_trim_r
                0x000075a0                _free_r
 .text          0x000078b4      0x49c c:/altera/11.0sp1/nios2eds/bin/gnu/h-i686-mingw32/bin/../lib/gcc/nios2-elf/4.1.2/../../../../nios2-elf/lib\libc.a(lib_a-fvwrite.o)
                0x000078b4                __sfvwrite_r
 .text          0x00007d50      0x180 c:/altera/11.0sp1/nios2eds/bin/gnu/h-i686-mingw32/bin/../lib/gcc/nios2-elf/4.1.2/../../../../nios2-elf/lib\libc.a(lib_a-fwalk.o)
                0x00007d50                _fwalk_reent
                0x00007e18                _fwalk
 .text          0x00007ed0       0xc4 c:/altera/11.0sp1/nios2eds/bin/gnu/h-i686-mingw32/bin/../lib/gcc/nios2-elf/4.1.2/../../../../nios2-elf/lib\libc.a(lib_a-locale.o)
                0x00007ed0                __locale_charset
                0x00007ed8                _localeconv_r
                0x00007ee4                localeconv
                0x00007ef4                _setlocale_r
                0x00007f78                setlocale
 .text          0x00007f94      0x194 c:/altera/11.0sp1/nios2eds/bin/gnu/h-i686-mingw32/bin/../lib/gcc/nios2-elf/4.1.2/../../../../nios2-elf/lib\libc.a(lib_a-makebuf.o)
                0x00007f94                __smakebuf_r
 .text          0x00008128      0x740 c:/altera/11.0sp1/nios2eds/bin/gnu/h-i686-mingw32/bin/../lib/gcc/nios2-elf/4.1.2/../../../../nios2-elf/lib\libc.a(lib_a-mallocr.o)
                0x00008128                _malloc_r
 .text          0x00008868       0xe4 c:/altera/11.0sp1/nios2eds/bin/gnu/h-i686-mingw32/bin/../lib/gcc/nios2-elf/4.1.2/../../../../nios2-elf/lib\libc.a(lib_a-memchr.o)
                0x00008868                memchr
 .text          0x0000894c      0xff4 c:/altera/11.0sp1/nios2eds/bin/gnu/h-i686-mingw32/bin/../lib/gcc/nios2-elf/4.1.2/../../../../nios2-elf/lib\libc.a(lib_a-mprec.o)
                0x0000894c                _Bfree
                0x00008974                __hi0bits
                0x000089e4                __lo0bits
                0x00008aa8                __mcmp
                0x00008b08                __ulp
                0x00008b88                __b2d
                0x00008ca8                __ratio
                0x00008d58                _mprec_log10
                0x00008dec                __copybits
                0x00008e44                __any_on
                0x00008ecc                _Balloc
                0x00008f88                __d2b
                0x00009104                __mdiff
                0x00009290                __lshift
                0x000093dc                __multiply
                0x000095c4                __i2b
                0x00009600                __multadd
                0x00009700                __pow5mult
                0x00009820                __s2b
 .text          0x00009940      0x5f4 c:/altera/11.0sp1/nios2eds/bin/gnu/h-i686-mingw32/bin/../lib/gcc/nios2-elf/4.1.2/../../../../nios2-elf/lib\libc.a(lib_a-reallocr.o)
                0x00009940                _realloc_r
 .text          0x00009f34      0x1e0 c:/altera/11.0sp1/nios2eds/bin/gnu/h-i686-mingw32/bin/../lib/gcc/nios2-elf/4.1.2/../../../../nios2-elf/lib\libc.a(lib_a-refill.o)
                0x00009f34                __srefill_r
 .text          0x0000a114       0x40 c:/altera/11.0sp1/nios2eds/bin/gnu/h-i686-mingw32/bin/../lib/gcc/nios2-elf/4.1.2/../../../../nios2-elf/lib\libc.a(lib_a-s_isinfd.o)
                0x0000a114                __isinfd
 .text          0x0000a154       0x30 c:/altera/11.0sp1/nios2eds/bin/gnu/h-i686-mingw32/bin/../lib/gcc/nios2-elf/4.1.2/../../../../nios2-elf/lib\libc.a(lib_a-s_isnand.o)
                0x0000a154                __isnand
 .text          0x0000a184       0x70 c:/altera/11.0sp1/nios2eds/bin/gnu/h-i686-mingw32/bin/../lib/gcc/nios2-elf/4.1.2/../../../../nios2-elf/lib\libc.a(lib_a-sbrkr.o)
                0x0000a184                _sbrk_r
 .text          0x0000a1f4      0x14c c:/altera/11.0sp1/nios2eds/bin/gnu/h-i686-mingw32/bin/../lib/gcc/nios2-elf/4.1.2/../../../../nios2-elf/lib\libc.a(lib_a-stdio.o)
                0x0000a1f4                __sclose
                0x0000a1fc                __sseek
                0x0000a264                __swrite
                0x0000a2e0                __sread
 .text          0x0000a340       0xbc c:/altera/11.0sp1/nios2eds/bin/gnu/h-i686-mingw32/bin/../lib/gcc/nios2-elf/4.1.2/../../../../nios2-elf/lib\libc.a(lib_a-strcmp.o)
                0x0000a340                strcmp
 .text          0x0000a3fc       0x78 c:/altera/11.0sp1/nios2eds/bin/gnu/h-i686-mingw32/bin/../lib/gcc/nios2-elf/4.1.2/../../../../nios2-elf/lib\libc.a(lib_a-writer.o)
                0x0000a3fc                _write_r
 .text          0x0000a474       0xb4 c:/altera/11.0sp1/nios2eds/bin/gnu/h-i686-mingw32/bin/../lib/gcc/nios2-elf/4.1.2/../../../../nios2-elf/lib\libc.a(lib_a-callocr.o)
                0x0000a474                _calloc_r
 .text          0x0000a528       0x70 c:/altera/11.0sp1/nios2eds/bin/gnu/h-i686-mingw32/bin/../lib/gcc/nios2-elf/4.1.2/../../../../nios2-elf/lib\libc.a(lib_a-closer.o)
                0x0000a528                _close_r
 .text          0x0000a598      0x124 c:/altera/11.0sp1/nios2eds/bin/gnu/h-i686-mingw32/bin/../lib/gcc/nios2-elf/4.1.2/../../../../nios2-elf/lib\libc.a(lib_a-fclose.o)
                0x0000a598                _fclose_r
                0x0000a6a8                fclose
 .text          0x0000a6bc       0x74 c:/altera/11.0sp1/nios2eds/bin/gnu/h-i686-mingw32/bin/../lib/gcc/nios2-elf/4.1.2/../../../../nios2-elf/lib\libc.a(lib_a-fstatr.o)
                0x0000a6bc                _fstat_r
 .text          0x0000a730        0x0 c:/altera/11.0sp1/nios2eds/bin/gnu/h-i686-mingw32/bin/../lib/gcc/nios2-elf/4.1.2/../../../../nios2-elf/lib\libc.a(lib_a-int_errno.o)
 .text          0x0000a730       0x70 c:/altera/11.0sp1/nios2eds/bin/gnu/h-i686-mingw32/bin/../lib/gcc/nios2-elf/4.1.2/../../../../nios2-elf/lib\libc.a(lib_a-isattyr.o)
                0x0000a730                _isatty_r
 .text          0x0000a7a0       0x78 c:/altera/11.0sp1/nios2eds/bin/gnu/h-i686-mingw32/bin/../lib/gcc/nios2-elf/4.1.2/../../../../nios2-elf/lib\libc.a(lib_a-lseekr.o)
                0x0000a7a0                _lseek_r
 .text          0x0000a818       0x78 c:/altera/11.0sp1/nios2eds/bin/gnu/h-i686-mingw32/bin/../lib/gcc/nios2-elf/4.1.2/../../../../nios2-elf/lib\libc.a(lib_a-readr.o)
                0x0000a818                _read_r
 .text          0x0000a890      0x5dc c:/altera/11.0sp1/nios2eds/bin/gnu/h-i686-mingw32/bin/../lib/gcc/nios2-elf/4.1.2\libgcc.a(_udivdi3.o)
                0x0000a890                __udivdi3
 .text          0x0000ae6c      0x5b0 c:/altera/11.0sp1/nios2eds/bin/gnu/h-i686-mingw32/bin/../lib/gcc/nios2-elf/4.1.2\libgcc.a(_umoddi3.o)
                0x0000ae6c                __umoddi3
 .text          0x0000b41c      0x504 c:/altera/11.0sp1/nios2eds/bin/gnu/h-i686-mingw32/bin/../lib/gcc/nios2-elf/4.1.2\libgcc.a(_addsub_df.o)
                0x0000b82c                __subdf3
                0x0000b8ac                __adddf3
 .text          0x0000b920      0x3c4 c:/altera/11.0sp1/nios2eds/bin/gnu/h-i686-mingw32/bin/../lib/gcc/nios2-elf/4.1.2\libgcc.a(_mul_df.o)
                0x0000b920                __muldf3
 .text          0x0000bce4      0x258 c:/altera/11.0sp1/nios2eds/bin/gnu/h-i686-mingw32/bin/../lib/gcc/nios2-elf/4.1.2\libgcc.a(_div_df.o)
                0x0000bce4                __divdf3
 .text          0x0000bf3c       0x88 c:/altera/11.0sp1/nios2eds/bin/gnu/h-i686-mingw32/bin/../lib/gcc/nios2-elf/4.1.2\libgcc.a(_eq_df.o)
                0x0000bf3c                __eqdf2
 .text          0x0000bfc4       0x88 c:/altera/11.0sp1/nios2eds/bin/gnu/h-i686-mingw32/bin/../lib/gcc/nios2-elf/4.1.2\libgcc.a(_ne_df.o)
                0x0000bfc4                __nedf2
 .text          0x0000c04c       0x88 c:/altera/11.0sp1/nios2eds/bin/gnu/h-i686-mingw32/bin/../lib/gcc/nios2-elf/4.1.2\libgcc.a(_gt_df.o)
                0x0000c04c                __gtdf2
 .text          0x0000c0d4       0x88 c:/altera/11.0sp1/nios2eds/bin/gnu/h-i686-mingw32/bin/../lib/gcc/nios2-elf/4.1.2\libgcc.a(_ge_df.o)
                0x0000c0d4                __gedf2
 .text          0x0000c15c       0x88 c:/altera/11.0sp1/nios2eds/bin/gnu/h-i686-mingw32/bin/../lib/gcc/nios2-elf/4.1.2\libgcc.a(_lt_df.o)
                0x0000c15c                __ltdf2
 .text          0x0000c1e4       0xf8 c:/altera/11.0sp1/nios2eds/bin/gnu/h-i686-mingw32/bin/../lib/gcc/nios2-elf/4.1.2\libgcc.a(_si_to_df.o)
                0x0000c1e4                __floatsidf
 .text          0x0000c2dc       0xd8 c:/altera/11.0sp1/nios2eds/bin/gnu/h-i686-mingw32/bin/../lib/gcc/nios2-elf/4.1.2\libgcc.a(_df_to_si.o)
                0x0000c2dc                __fixdfsi
 .text          0x0000c3b4        0x0 c:/altera/11.0sp1/nios2eds/bin/gnu/h-i686-mingw32/bin/../lib/gcc/nios2-elf/4.1.2\libgcc.a(_thenan_df.o)
 .text          0x0000c3b4      0x194 c:/altera/11.0sp1/nios2eds/bin/gnu/h-i686-mingw32/bin/../lib/gcc/nios2-elf/4.1.2\libgcc.a(_usi_to_df.o)
                0x0000c3b4                __floatunsidf
 .text          0x0000c548      0x14c c:/altera/11.0sp1/nios2eds/bin/gnu/h-i686-mingw32/bin/../lib/gcc/nios2-elf/4.1.2\libgcc.a(lib2-divmod.o)
                0x0000c5c4                __divsi3
                0x0000c624                __modsi3
                0x0000c684                __udivsi3
                0x0000c68c                __umodsi3
 .text          0x0000c694       0x98 c:/altera/11.0sp1/nios2eds/bin/gnu/h-i686-mingw32/bin/../lib/gcc/nios2-elf/4.1.2\libgcc.a(_muldi3.o)
                0x0000c694                __muldi3
 .text          0x0000c72c        0x0 c:/altera/11.0sp1/nios2eds/bin/gnu/h-i686-mingw32/bin/../lib/gcc/nios2-elf/4.1.2\libgcc.a(_clz.o)
 .text          0x0000c72c       0x80 c:/altera/11.0sp1/nios2eds/bin/gnu/h-i686-mingw32/bin/../lib/gcc/nios2-elf/4.1.2\libgcc.a(_clzsi2.o)
                0x0000c72c                __clzsi2
 .text          0x0000c7ac      0x314 c:/altera/11.0sp1/nios2eds/bin/gnu/h-i686-mingw32/bin/../lib/gcc/nios2-elf/4.1.2\libgcc.a(_pack_df.o)
                0x0000c7ac                __pack_d
 .text          0x0000cac0      0x138 c:/altera/11.0sp1/nios2eds/bin/gnu/h-i686-mingw32/bin/../lib/gcc/nios2-elf/4.1.2\libgcc.a(_unpack_df.o)
                0x0000cac0                __unpack_d
 .text          0x0000cbf8       0xc8 c:/altera/11.0sp1/nios2eds/bin/gnu/h-i686-mingw32/bin/../lib/gcc/nios2-elf/4.1.2\libgcc.a(_fpcmp_parts_df.o)
                0x0000cbf8                __fpcmp_parts_d
 .text          0x0000ccc0       0xd0 ../asvm14150_bsp/\libucosii_bsp.a(alt_flash_dev.o)
                0x0000ccc0                alt_flash_open_dev
                0x0000cd3c                alt_flash_close_dev
 .text          0x0000cd90      0x134 ../asvm14150_bsp/\libucosii_bsp.a(alt_fstat.o)
                0x0000cd90                fstat
 .text          0x0000cec4      0x120 ../asvm14150_bsp/\libucosii_bsp.a(alt_isatty.o)
                0x0000cec4                isatty
 .text          0x0000cfe4       0xec ../asvm14150_bsp/\libucosii_bsp.a(alt_load.o)
                0x0000cfe4                alt_load
 .text          0x0000d0d0      0x150 ../asvm14150_bsp/\libucosii_bsp.a(alt_lseek.o)
                0x0000d0d0                lseek
 .text          0x0000d220       0xc8 ../asvm14150_bsp/\libucosii_bsp.a(alt_main.o)
                0x0000d220                alt_main
 .text          0x0000d2e8       0xbc ../asvm14150_bsp/\libucosii_bsp.a(alt_sbrk.o)
                0x0000d2e8                sbrk
 .text          0x0000d3a4      0x108 ../asvm14150_bsp/\libucosii_bsp.a(alt_env_lock.o)
                0x0000d3a4                __env_lock
                0x0000d450                __env_unlock
 .text          0x0000d4ac      0x1d8 ../asvm14150_bsp/\libucosii_bsp.a(alt_malloc_lock.o)
                0x0000d4ac                __malloc_lock
                0x0000d5b4                __malloc_unlock
 .text          0x0000d684     0x2128 ../asvm14150_bsp/\libucosii_bsp.a(os_core.o)
                0x0000d684                OSEventNameGet
                0x0000d7b4                OSEventNameSet
                0x0000d8f8                OSEventPendMulti
                0x0000dfac                OSInit
                0x0000e000                OSIntEnter
                0x0000e07c                OSIntExit
                0x0000e17c                OSSchedLock
                0x0000e208                OSSchedUnlock
                0x0000e2ec                OSStart
                0x0000e35c                OSStatInit
                0x0000e408                OSTimeTick
                0x0000e648                OSVersion
                0x0000e668                OS_Dummy
                0x0000e684                OS_EventTaskRdy
                0x0000e818                OS_EventTaskWait
                0x0000e928                OS_EventTaskWaitMulti
                0x0000ea7c                OS_EventTaskRemove
                0x0000eb34                OS_EventTaskRemoveMulti
                0x0000ec38                OS_EventWaitListInit
                0x0000f004                OS_MemClr
                0x0000f058                OS_MemCopy
                0x0000f0c4                OS_Sched
                0x0000f208                OS_StrCopy
                0x0000f288                OS_StrLen
                0x0000f2e0                OS_TaskIdle
                0x0000f33c                OS_TaskStat
                0x0000f404                OS_TaskStatStkChk
                0x0000f4cc                OS_TCBInit
 .text          0x0000f7ac      0x18c ../asvm14150_bsp/\libucosii_bsp.a(os_dbg.o)
                0x0000f7ac                OSDebugInit
 .text          0x0000f938     0x193c ../asvm14150_bsp/\libucosii_bsp.a(os_flag.o)
                0x0000f938                OSFlagAccept
                0x0000fc6c                OSFlagCreate
                0x0000fda8                OSFlagDel
                0x00010050                OSFlagNameGet
                0x00010194                OSFlagNameSet
                0x000102e8                OSFlagPend
                0x0001092c                OSFlagPendGetFlagsRdy
                0x00010994                OSFlagPost
                0x00010d3c                OSFlagQuery
                0x00010fd4                OS_FlagInit
                0x000111c8                OS_FlagUnlink
 .text          0x00011274      0x808 ../asvm14150_bsp/\libucosii_bsp.a(os_mem.o)
                0x00011274                OSMemCreate
                0x00011490                OSMemGet
                0x00011594                OSMemNameGet
                0x000116a0                OSMemNameSet
                0x000117c0                OSMemPut
                0x000118b0                OSMemQuery
                0x000119ac                OS_MemInit
 .text          0x00011a7c     0x1334 ../asvm14150_bsp/\libucosii_bsp.a(os_q.o)
                0x00011a7c                OSQAccept
                0x00011bd0                OSQCreate
                0x00011de4                OSQDel
                0x000120e4                OSQFlush
                0x000121ac                OSQPend
                0x000124cc                OSQPendAbort
                0x00012648                OSQPost
                0x000127c8                OSQPostFront
                0x00012950                OSQPostOpt
                0x00012b84                OSQQuery
                0x00012d04                OS_QInit
 .text          0x00012db0      0xbc8 ../asvm14150_bsp/\libucosii_bsp.a(os_sem.o)
                0x00012db0                OSSemAccept
                0x00012e70                OSSemCreate
                0x00012f84                OSSemDel
                0x00013224                OSSemPend
                0x000134a0                OSSemPendAbort
                0x0001361c                OSSemPost
                0x00013744                OSSemQuery
                0x00013874                OSSemSet
 .text          0x00013978     0x1a40 ../asvm14150_bsp/\libucosii_bsp.a(os_task.o)
                0x00013978                OSTaskChangePrio
                0x00013eec                OSTaskCreate
                0x000140c0                OSTaskCreateExt
                0x000142c0                OSTaskDel
                0x000146cc                OSTaskDelReq
                0x0001483c                OSTaskNameGet
                0x000149f4                OSTaskNameSet
                0x00014bb8                OSTaskResume
                0x00014dd0                OSTaskStkChk
                0x00014fcc                OSTaskSuspend
                0x000151f8                OSTaskQuery
                0x0001533c                OS_TaskStkClr
 .text          0x000153b8      0x598 ../asvm14150_bsp/\libucosii_bsp.a(os_time.o)
                0x000153b8                OSTimeDly
                0x00015504                OSTimeDlyHMSM
                0x00015678                OSTimeDlyResume
                0x00015888                OSTimeGet
                0x000158ec                OSTimeSet
 .text          0x00015950      0x2fc ../asvm14150_bsp/\libucosii_bsp.a(alt_sys_init.o)
                0x00015950                alt_irq_init
                0x00015984                alt_sys_init
 .text          0x00015c4c      0x8c8 ../asvm14150_bsp/\libucosii_bsp.a(altera_avalon_cfi_flash.o)
                0x00015c4c                alt_flash_cfi_init
                0x00015d20                alt_flash_cfi_write
                0x00015fe0                alt_flash_cfi_get_info
                0x00016070                alt_flash_cfi_read
                0x000160d8                alt_write_value_to_flash
                0x0001623c                alt_flash_program_block
 .text          0x00016514     0x1448 ../asvm14150_bsp/\libucosii_bsp.a(altera_avalon_cfi_flash_table.o)
                0x00016514                alt_read_query_entry_8bit
                0x00016554                alt_read_query_entry_16bit
                0x00016598                alt_read_query_entry_32bit
                0x000165e0                alt_write_flash_command_8bit_device_8bit_mode
                0x0001661c                alt_write_flash_command_16bit_device_8bit_mode
                0x00016698                alt_write_flash_command_32bit_device_8bit_mode
                0x000166e0                alt_write_flash_command_16bit_device_16bit_mode
                0x00016724                alt_write_flash_command_32bit_device_16bit_mode
                0x0001676c                alt_write_flash_command_32bit_device_32bit_mode
                0x000167b4                alt_write_native_8bit
                0x000167e8                alt_write_native_16bit
                0x0001681c                alt_write_native_32bit
                0x0001684c                alt_set_flash_width_func
                0x00016a2c                alt_set_flash_algorithm_func
                0x00016b54                alt_read_cfi_table
                0x000170d4                alt_read_cfi_width
                0x00017880                alt_check_primary_table
 .text          0x0001795c      0x148 ../asvm14150_bsp/\libucosii_bsp.a(altera_avalon_jtag_uart_fd.o)
                0x0001795c                altera_avalon_jtag_uart_read_fd
                0x000179b4                altera_avalon_jtag_uart_write_fd
                0x00017a0c                altera_avalon_jtag_uart_close_fd
                0x00017a54                altera_avalon_jtag_uart_ioctl_fd
 .text          0x00017aa4      0x584 ../asvm14150_bsp/\libucosii_bsp.a(altera_avalon_jtag_uart_init.o)
                0x00017aa4                altera_avalon_jtag_uart_init
                0x00017fb4                altera_avalon_jtag_uart_close
 .text          0x00018028       0xf4 ../asvm14150_bsp/\libucosii_bsp.a(altera_avalon_jtag_uart_ioctl.o)
                0x00018028                altera_avalon_jtag_uart_ioctl
 .text          0x0001811c      0x2c0 ../asvm14150_bsp/\libucosii_bsp.a(altera_avalon_jtag_uart_read.o)
                0x0001811c                altera_avalon_jtag_uart_read
 .text          0x000183dc      0x2dc ../asvm14150_bsp/\libucosii_bsp.a(altera_avalon_jtag_uart_write.o)
                0x000183dc                altera_avalon_jtag_uart_write
 .text          0x000186b8      0xf3c ../asvm14150_bsp/\libucosii_bsp.a(altera_avalon_lcd_16207.o)
                0x00018e8c                altera_avalon_lcd_16207_write
                0x00019490                altera_avalon_lcd_16207_init
 .text          0x000195f4       0x58 ../asvm14150_bsp/\libucosii_bsp.a(altera_avalon_lcd_16207_fd.o)
                0x000195f4                altera_avalon_lcd_16207_write_fd
 .text          0x0001964c      0xde4 ../asvm14150_bsp/\libucosii_bsp.a(altera_avalon_sgdma.o)
                0x0001964c                alt_avalon_sgdma_do_async_transfer
                0x00019788                alt_avalon_sgdma_do_sync_transfer
                0x000198ac                alt_avalon_sgdma_construct_mem_to_mem_desc
                0x0001991c                alt_avalon_sgdma_construct_mem_to_mem_desc_burst
                0x0001999c                alt_avalon_sgdma_construct_stream_to_mem_desc
                0x000199f0                alt_avalon_sgdma_construct_stream_to_mem_desc_burst
                0x00019a60                alt_avalon_sgdma_construct_mem_to_stream_desc
                0x00019ad4                alt_avalon_sgdma_construct_mem_to_stream_desc_burst
                0x00019b58                alt_avalon_sgdma_register_callback
                0x00019ba8                alt_avalon_sgdma_start
                0x00019bfc                alt_avalon_sgdma_stop
                0x00019c54                alt_avalon_sgdma_check_descriptor_status
                0x00019cc4                alt_avalon_sgdma_open
                0x00019d7c                alt_avalon_sgdma_construct_descriptor
                0x00019e04                alt_avalon_sgdma_enable_desc_poll
                0x00019e80                alt_avalon_sgdma_disable_desc_poll
                0x00019edc                alt_avalon_sgdma_construct_descriptor_burst
                0x0001a384                alt_avalon_sgdma_init
 .text          0x0001a430      0x100 ../asvm14150_bsp/\libucosii_bsp.a(altera_avalon_timer_sc.o)
                0x0001a4a0                alt_avalon_timer_sc_init
 .text          0x0001a530     0x5350 ../asvm14150_bsp/\libucosii_bsp.a(altera_avalon_tse.o)
                0x0001a530                no_printf
                0x0001a55c                tse_mac_initTransInfo2
                0x0001a5bc                tse_mac_sTxWrite
                0x0001a6ac                tse_mac_aRxRead
                0x0001a750                tse_mac_SwReset
                0x0001a7e4                tse_mac_setMIImode
                0x0001a83c                tse_mac_setGMIImode
                0x0001a890                alt_tse_phy_add_profile
                0x0001aa68                alt_tse_system_add_sys
                0x0001b47c                alt_tse_sys_enable_mdio_sharing
                0x0001b5f4                alt_tse_mac_get_common_speed
                0x0001b634                alt_tse_mac_set_common_speed
                0x0001b67c                alt_tse_get_system_index
                0x0001b6f8                alt_tse_get_mac_group_index
                0x0001b778                alt_tse_get_mac_info_index
                0x0001b804                alt_tse_get_mac_info
                0x0001b8e4                alt_tse_mac_set_speed
                0x0001b9d0                alt_tse_mac_set_duplex
                0x0001ba68                getPHYSpeed
                0x0001c880                alt_tse_phy_rd_mdio_addr
                0x0001c8c8                alt_tse_phy_wr_mdio_addr
                0x0001c91c                alt_tse_phy_wr_mdio_reg
                0x0001ca44                alt_tse_phy_rd_mdio_reg
                0x0001cb08                alt_tse_phy_add_profile_default
                0x0001cd80                alt_tse_phy_print_profile
                0x0001cf70                alt_tse_mac_group_init
                0x0001d67c                alt_tse_mac_get_phy
                0x0001da94                alt_tse_mac_associate_phy
                0x0001dccc                alt_tse_phy_cfg_pcs
                0x0001ddec                alt_tse_phy_init
                0x0001df00                alt_tse_phy_restart_an
                0x0001e0b0                alt_tse_phy_check_link
                0x0001e1f4                alt_tse_phy_get_cap
                0x0001e734                alt_tse_phy_set_adv_1000
                0x0001e8c8                alt_tse_phy_set_adv_100
                0x0001ead8                alt_tse_phy_set_adv_10
                0x0001ec70                alt_tse_phy_get_common_speed
                0x0001ef8c                alt_tse_phy_set_common_speed
                0x0001f470                marvell_phy_cfg
                0x0001f518                marvell_cfg_gmii
                0x0001f60c                marvell_cfg_sgmii
                0x0001f700                marvell_cfg_rgmii
                0x0001f800                DP83848C_link_status_read
 .text          0x0001f880       0xf8 ../asvm14150_bsp/\libucosii_bsp.a(altera_avalon_uart_fd.o)
                0x0001f880                altera_avalon_uart_read_fd
                0x0001f8d8                altera_avalon_uart_write_fd
                0x0001f930                altera_avalon_uart_close_fd
 .text          0x0001f978      0x57c ../asvm14150_bsp/\libucosii_bsp.a(altera_avalon_uart_init.o)
                0x0001f978                altera_avalon_uart_init
                0x0001fe94                altera_avalon_uart_close
 .text          0x0001fef4      0x310 ../asvm14150_bsp/\libucosii_bsp.a(altera_avalon_uart_read.o)
                0x0001fef4                altera_avalon_uart_read
 .text          0x00020204      0x2a8 ../asvm14150_bsp/\libucosii_bsp.a(altera_avalon_uart_write.o)
                0x00020204                altera_avalon_uart_write
 .text          0x000204ac     0x1778 ../asvm14150_bsp/\libucosii_bsp.a(ins_tse_mac.o)
                0x000204ac                triple_speed_ethernet_init
                0x00020608                prep_tse_mac
                0x00020860                tse_mac_init
                0x00021348                tse_mac_raw_send
                0x00021640                tse_sgdmaRx_isr
                0x000216e8                tse_sgdma_read_init
                0x00021890                tse_mac_rcv
                0x00021ae0                tse_mac_stats
                0x00021b20                tse_mac_close
 .text          0x00021c24       0x54 ../asvm14150_bsp/\libucosii_bsp.a(alt_iniche_close.o)
                0x00021c24                close
 .text          0x00021c78      0x144 ../asvm14150_bsp/\libucosii_bsp.a(alt_iniche_dev.o)
                0x00021c78                iniche_devices_init
 .text          0x00021dbc       0x78 ../asvm14150_bsp/\libucosii_bsp.a(alt_iniche_read.o)
                0x00021dbc                read
 .text          0x00021e34       0x70 ../asvm14150_bsp/\libucosii_bsp.a(alt_iniche_write.o)
                0x00021e34                write
 .text          0x00021ea4      0xedc ../asvm14150_bsp/\libucosii_bsp.a(ipnet.o)
                0x00021ea4                Netinit
                0x000224f0                fixup_subnet_mask
                0x00022650                netclose
                0x00022738                pktdemux
                0x00022b0c                c_older
                0x00022bdc                ip2mac
 .text          0x00022d80      0x4b0 ../asvm14150_bsp/\libucosii_bsp.a(ipstart.o)
                0x00022d80                ip_startup
                0x00023064                exit_hook
                0x000230d0                ip_exit
                0x000231a0                if_netnumber
 .text          0x00023230     0x1010 ../asvm14150_bsp/\libucosii_bsp.a(igmp_cmn.o)
                0x00023230                igmp_init
                0x000232e0                igmp_input
                0x000233d8                igmp_fasttimo
                0x00023574                igmp_send
                0x0002381c                igmp_joingroup
                0x00023a88                igmp_leavegroup
                0x00023b04                igmp_validate
                0x00023e60                igmp_print_stats
 .text          0x00024240      0xb50 ../asvm14150_bsp/\libucosii_bsp.a(bsdsock.o)
                0x00024240                bsd_accept
                0x00024378                bsd_getpeername
                0x000244a4                bsd_getsockname
                0x000245d0                bsd_i_sockoptlen
                0x00024788                bsd_getsockopt
                0x000248a8                bsd_ioctl
                0x000249ac                bsd_inet_ntoa
                0x000249dc                bsd_recvfrom
                0x00024b3c                bsd_select
                0x00024ca4                bsd_setsockopt
 .text          0x00024d90      0x118 ../asvm14150_bsp/\libucosii_bsp.a(cksum.o)
                0x00024d90                ccksum
                0x00024e40                cksum
 .text          0x00024ea8      0xa9c ../asvm14150_bsp/\libucosii_bsp.a(in_utils.o)
                0x00024ea8                do_trap
                0x00024ed4                nextarg
                0x00024f50                hexdump
                0x00025098                print_ipad
                0x0002510c                print_uptime
                0x00025238                panic
                0x0002527c                print_eth
                0x000253e0                uslash
                0x00025460                ns_printf
                0x000255e4                std_out
                0x00025628                con_page
                0x00025718                parse_args
 .text          0x00025944      0x1c8 ../asvm14150_bsp/\libucosii_bsp.a(netmain.o)
                0x00025944                netmain
                0x00025a38                tk_netmain
                0x00025ac0                tk_nettick
 .text          0x00025b0c      0x5e8 ../asvm14150_bsp/\libucosii_bsp.a(tk_crnos.o)
                0x00025b0c                TK_OSTimeDly
                0x00025b38                TK_OSTaskResume
                0x00025ba8                tcp_sleep
                0x00025d48                tcp_wakeup
                0x00025e4c                TK_OSTaskQuery
                0x00025ec0                tk_yield
                0x00025eec                tk_stats
 .text          0x000260f4     0x2f40 ../asvm14150_bsp/\libucosii_bsp.a(dhcpclnt.o)
                0x000260f4                dhc_get_srv_ipaddr
                0x00026184                dhc_init
                0x00026240                dhc_set_callback
                0x00026284                dhc_upcall
                0x00026ab4                dhc_buildheader
                0x00026cd0                dhc_discover
                0x000271e8                dhc_rx_offer
                0x000272ec                dhc_request
                0x00027e28                dhc_setip
                0x000280a8                dhc_resetip
                0x0002818c                dhc_decline
                0x00028370                dhc_extract_opts
                0x0002862c                dhc_second
                0x00028bc8                dhc_halt
                0x00028c50                dhc_reclaim
                0x00028e20                dhc_state_init
                0x00028e80                dhc_alldone
                0x00028f10                dhc_ifacedone
                0x00028f84                dhc_set_state
 .text          0x00029034       0xcc ../asvm14150_bsp/\libucosii_bsp.a(dhcputil.o)
                0x00029034                find_opt
 .text          0x00029100      0x79c ../asvm14150_bsp/\libucosii_bsp.a(pktalloc.o)
                0x00029100                pk_init
                0x00029390                pk_alloc
                0x0002946c                pk_validate
                0x00029724                pk_free
                0x000297d0                pk_get_max_intrsafe_buf_len
                0x000297f0                dump_buf_estats
 .text          0x0002989c      0x288 ../asvm14150_bsp/\libucosii_bsp.a(q.o)
                0x0002989c                getq
                0x00029964                putq
                0x00029a14                qdel
 .text          0x00029b24      0x31c ../asvm14150_bsp/\libucosii_bsp.a(udp_open.o)
                0x00029b24                udp_open
                0x00029d5c                udp_close
 .text          0x00029e40      0x194 ../asvm14150_bsp/\libucosii_bsp.a(asm_cksum.o)
                0x00029e40                asm_cksum
 .text          0x00029fd4      0x2a0 ../asvm14150_bsp/\libucosii_bsp.a(brdutils.o)
                0x00029fd4                dtrap
                0x0002a004                kbhit
                0x0002a0b0                getch
                0x0002a110                clock_init
                0x0002a14c                clock_c
                0x0002a168                cticks_hook
                0x0002a1d4                irq_Mask
                0x0002a230                irq_Unmask
 .text          0x0002a274      0x488 ../asvm14150_bsp/\libucosii_bsp.a(osportco.o)
                0x0002a274                LOCK_NET_RESOURCE
                0x0002a334                UNLOCK_NET_RESOURCE
                0x0002a3bc                TK_NEWTASK
                0x0002a5d0                wait_app_sem
                0x0002a684                post_app_sem
 .text          0x0002a6fc      0x568 ../asvm14150_bsp/\libucosii_bsp.a(targnios.o)
                0x0002a6fc                alt_iniche_init
                0x0002a918                pre_task_setup
                0x0002a98c                post_task_setup
                0x0002a9ac                prep_armintcp
                0x0002a9e4                calloc2
                0x0002aa18                npalloc
                0x0002ab0c                npfree
                0x0002abc4                ncpalloc
                0x0002ac18                ncpfree
 .text          0x0002ac64     0x197c ../asvm14150_bsp/\libucosii_bsp.a(nptcp.o)
                0x0002ac64                pffindtype
                0x0002ad04                pffindproto
                0x0002add4                m_getnbuf
                0x0002af7c                m_free
                0x0002b0b0                m_freem
                0x0002b0f4                m_copy
                0x0002b418                m_adj
                0x0002b5e8                mbuf_len
                0x0002b640                dtom
                0x0002b6e8                remque
                0x0002b758                insque
                0x0002b7d4                nptcp_init
                0x0002b8f8                tcp_rcv
                0x0002bae4                ip_output
                0x0002c0dc                in_broadcast
                0x0002c11c                np_stripoptions
                0x0002c204                so_icmpdu
                0x0002c55c                tcp_tick
 .text          0x0002c5e0      0xa2c ../asvm14150_bsp/\libucosii_bsp.a(rawsock.o)
                0x0002c5e0                rawip_lookup
                0x0002c650                rawip_soinput
                0x0002c824                rawip_usrreq
 .text          0x0002d00c     0x17fc ../asvm14150_bsp/\libucosii_bsp.a(sockcall.o)
                0x0002d00c                DOMAIN_CHECK
                0x0002d058                t_socket
                0x0002d0e8                t_bind
                0x0002d264                t_listen
                0x0002d348                t_accept
                0x0002d5e0                t_connect
                0x0002d888                t_getpeername
                0x0002d8cc                t_getsockname
                0x0002db0c                t_setsockopt
                0x0002dce8                t_getsockopt
                0x0002de8c                t_recv
                0x0002df7c                t_recvfrom
                0x0002e0cc                t_sendto
                0x0002e2f8                t_send
                0x0002e520                t_shutdown
                0x0002e604                t_socketclose
                0x0002e76c                t_errno
 .text          0x0002e808     0x2374 ../asvm14150_bsp/\libucosii_bsp.a(socket.o)
                0x0002e808                socreate
                0x0002e9d4                sobind
                0x0002ea30                solisten
                0x0002eb20                sofree
                0x0002ec50                soclose
                0x0002ef44                soabort
                0x0002ef94                soaccept
                0x0002f030                soconnect
                0x0002f104                sodisconnect
                0x0002f1a4                sosend
                0x0002f7ac                soreceive
                0x0002ff90                soshutdown
                0x00030038                sorflush
                0x00030138                sosetopt
                0x000305f8                sogetopt
                0x00030b38                sohasoutofband
 .text          0x00030b7c     0x1318 ../asvm14150_bsp/\libucosii_bsp.a(socket2.o)
                0x00030b7c                soisconnecting
                0x00030be8                soisconnected
                0x00030ce4                soisdisconnecting
                0x00030d70                soisdisconnected
                0x00030e2c                sonewconn
                0x00031048                soqinsque
                0x000310f4                soqremque
                0x00031214                socantsendmore
                0x00031264                socantrcvmore
                0x000312b4                sbselqueue
                0x000312ec                sbwait
                0x00031354                sbwakeup
                0x000313f0                soreserve
                0x00031470                sbreserve
                0x000314d0                sbrelease
                0x00031518                sbappend
                0x000315c0                sbappendrecord
                0x000316a0                sbappendaddr
                0x000318a8                sbcompress
                0x00031a90                sbflush
                0x00031b20                sbdrop
                0x00031cf0                sbdropend
                0x00031e00                sbdroprecord
 .text          0x00031e94      0x914 ../asvm14150_bsp/\libucosii_bsp.a(soselect.o)
                0x00031e94                t_select
                0x000320b4                sock_selscan
                0x0003220c                sock_select
                0x00032420                in_pcbnotify
                0x000324ec                tcp_notify
                0x00032554                ifd_clr
                0x00032644                ifd_set
                0x000326b8                ifd_isset
                0x00032738                ifd_get
 .text          0x000327a8     0x2fe8 ../asvm14150_bsp/\libucosii_bsp.a(tcp_in.o)
                0x000327a8                tcp_reass
                0x00032bb0                tcp_input
                0x00035104                tcp_dooptions
                0x00035294                tcp_pulloutofband
                0x000353c0                tcp_xmit_timer
                0x0003562c                ip4_tcpmss
                0x00035674                tcp_mss
 .text          0x00035790     0x1360 ../asvm14150_bsp/\libucosii_bsp.a(tcp_out.o)
                0x00035790                tcp_output
                0x0003690c                tcp_setpersist
 .text          0x00036af0      0x9e8 ../asvm14150_bsp/\libucosii_bsp.a(tcp_subr.o)
                0x00036af0                tcp_init
                0x00036b48                tcp_template
                0x00036c60                tcp_respond
                0x000370e8                tcp_newtcpcb
                0x00037200                tcp_drop
                0x000372ac                tcp_close
                0x00037394                tcp_quench
                0x000373e0                tcp_putseq
                0x00037460                tcp_getseq
 .text          0x000374d8      0x798 ../asvm14150_bsp/\libucosii_bsp.a(tcp_timr.o)
                0x000374d8                tcp_slowtimo
                0x00037778                tcp_canceltimers
                0x000377d4                tcp_timers
 .text          0x00037c70      0x9ec ../asvm14150_bsp/\libucosii_bsp.a(tcp_usr.o)
                0x00037c70                tcp_usrreq
                0x00038374                tcp_attach
                0x000384a8                tcp_disconnect
                0x0003857c                tcp_usrclosed
 .text          0x0003865c       0x4c ../asvm14150_bsp/\libucosii_bsp.a(tcpport.o)
                0x0003865c                tcpinit
 .text          0x000386a8      0xd20 ../asvm14150_bsp/\libucosii_bsp.a(udpsock.o)
                0x000386a8                udp_lookup
                0x00038718                udp_soinput
                0x000388d0                udp_usrreq
                0x00038b54                udp4_sockbind
                0x00038e90                udp4_socksend
                0x0003926c                udp4_sockaddr
 .text          0x000393c8      0x154 ../asvm14150_bsp/\libucosii_bsp.a(alt_alarm_start.o)
                0x000393c8                alt_alarm_start
 .text          0x0003951c      0x15c ../asvm14150_bsp/\libucosii_bsp.a(alt_close.o)
                0x0003951c                alt_close
 .text          0x00039678       0x78 ../asvm14150_bsp/\libucosii_bsp.a(alt_dcache_flush.o)
                0x00039678                alt_dcache_flush
 .text          0x000396f0       0x44 ../asvm14150_bsp/\libucosii_bsp.a(alt_dcache_flush_all.o)
                0x000396f0                alt_dcache_flush_all
 .text          0x00039734       0x2c ../asvm14150_bsp/\libucosii_bsp.a(alt_dev.o)
 .text          0x00039760      0x114 ../asvm14150_bsp/\libucosii_bsp.a(alt_dev_llist_insert.o)
                0x00039760                alt_dev_llist_insert
 .text          0x00039874       0x64 ../asvm14150_bsp/\libucosii_bsp.a(alt_do_ctors.o)
                0x00039874                _do_ctors
 .text          0x000398d8       0x64 ../asvm14150_bsp/\libucosii_bsp.a(alt_do_dtors.o)
                0x000398d8                _do_dtors
 .text          0x0003993c        0x0 ../asvm14150_bsp/\libucosii_bsp.a(alt_errno.o)
 .text          0x0003993c       0x94 ../asvm14150_bsp/\libucosii_bsp.a(alt_find_dev.o)
                0x0003993c                alt_find_dev
 .text          0x000399d0       0x30 ../asvm14150_bsp/\libucosii_bsp.a(alt_icache_flush_all.o)
                0x000399d0                alt_icache_flush_all
 .text          0x00039a00      0x1d4 ../asvm14150_bsp/\libucosii_bsp.a(alt_iic.o)
                0x00039a00                alt_ic_isr_register
                0x00039a50                alt_ic_irq_enable
                0x00039aec                alt_ic_irq_disable
                0x00039b8c                alt_ic_irq_enabled
 .text          0x00039bd4       0xf8 ../asvm14150_bsp/\libucosii_bsp.a(alt_iic_isr_register.o)
                0x00039bd4                alt_iic_isr_register
 .text          0x00039ccc      0x13c ../asvm14150_bsp/\libucosii_bsp.a(alt_io_redirect.o)
                0x00039d90                alt_io_redirect
 .text          0x00039e08        0x0 ../asvm14150_bsp/\libucosii_bsp.a(alt_irq_entry.o)
 .text          0x00039e08        0x0 ../asvm14150_bsp/\libucosii_bsp.a(alt_irq_handler.o)
 .text          0x00039e08        0x0 ../asvm14150_bsp/\libucosii_bsp.a(alt_irq_vars.o)
 .text          0x00039e08      0x2c4 ../asvm14150_bsp/\libucosii_bsp.a(alt_open.o)
                0x00039ee4                open
 .text          0x0003a0cc      0x180 ../asvm14150_bsp/\libucosii_bsp.a(alt_read.o)
                0x0003a0cc                alt_read
 .text          0x0003a24c       0x60 ../asvm14150_bsp/\libucosii_bsp.a(alt_release_fd.o)
                0x0003a24c                alt_release_fd
 .text          0x0003a2ac       0x38 ../asvm14150_bsp/\libucosii_bsp.a(alt_remap_cached.o)
                0x0003a2ac                alt_remap_cached
 .text          0x0003a2e4       0x40 ../asvm14150_bsp/\libucosii_bsp.a(alt_remap_uncached.o)
                0x0003a2e4                alt_remap_uncached
 .text          0x0003a324      0x1a8 ../asvm14150_bsp/\libucosii_bsp.a(alt_tick.o)
                0x0003a324                alt_alarm_stop
                0x0003a3bc                alt_tick
 .text          0x0003a4cc       0x64 ../asvm14150_bsp/\libucosii_bsp.a(alt_uncached_malloc.o)
                0x0003a4cc                alt_uncached_malloc
 .text          0x0003a530      0x118 ../asvm14150_bsp/\libucosii_bsp.a(alt_usleep.o)
                0x0003a530                usleep
 .text          0x0003a648      0x180 ../asvm14150_bsp/\libucosii_bsp.a(alt_write.o)
                0x0003a648                alt_write
 .text          0x0003a7c8       0x20 ../asvm14150_bsp/\libucosii_bsp.a(altera_nios2_irq.o)
                0x0003a7c8                altera_nios2_irq_init
 .text          0x0003a7e8       0xd0 ../asvm14150_bsp/\libucosii_bsp.a(os_cpu_a.o)
                0x0003a7e8                OSCtxSw
                0x0003a7e8                OSIntCtxSw
                0x0003a874                OSStartHighRdy
                0x0003a894                OSStartTsk
 .text          0x0003a8b8      0x424 ../asvm14150_bsp/\libucosii_bsp.a(os_cpu_c.o)
                0x0003a8b8                OSTaskStkInit
                0x0003abc8                OSTaskCreateHook
                0x0003abe8                OSTaskDelHook
                0x0003ac08                OSTaskSwHook
                0x0003ac24                OSTaskStatHook
                0x0003ac40                OSTimeTickHook
                0x0003ac68                OSInitHookBegin
                0x0003ac84                OSInitHookEnd
                0x0003aca0                OSTaskIdleHook
                0x0003acbc                OSTCBInitHook
 .text          0x0003acdc      0x460 ../asvm14150_bsp/\libucosii_bsp.a(altera_avalon_cfi_flash_amd.o)
                0x0003acdc                alt_program_amd
                0x0003ad44                alt_erase_block_amd
 .text          0x0003b13c      0x460 ../asvm14150_bsp/\libucosii_bsp.a(altera_avalon_cfi_flash_intel.o)
                0x0003b13c                alt_program_intel
                0x0003b1c0                alt_erase_block_intel
 .text          0x0003b59c      0x3d4 ../asvm14150_bsp/\libucosii_bsp.a(allports.o)
                0x0003b59c                netmain_init
                0x0003b698                icmp_port_du
                0x0003b720                station_state
                0x0003b86c                sysuptime
                0x0003b8a8                packet_check
                0x0003b8f4                mcastlist
                0x0003b918                prep_modules
 .text          0x0003b970      0x480 ../asvm14150_bsp/\libucosii_bsp.a(timeouts.o)
                0x0003b970                inet_timer
                0x0003bbcc                in_timerset
                0x0003bd48                in_timerkill
 .text          0x0003bdf0       0xa4 ../asvm14150_bsp/\libucosii_bsp.a(tk_misc.o)
                0x0003bdf0                create_apptasks
                0x0003be14                task_stats
 .text          0x0003be94       0xb0 ../asvm14150_bsp/\libucosii_bsp.a(alt_iniche_fcntl.o)
                0x0003be94                fcntl
 .text          0x0003bf44     0x14a0 ../asvm14150_bsp/\libucosii_bsp.a(et_arp.o)
                0x0003bf44                etainit
                0x0003bf98                et_send
                0x0003c114                arp_free_pending
                0x0003c19c                arp_send_pending
                0x0003c210                send_arp
                0x0003c6a8                find_oldest_arp
                0x0003c850                make_arp_entry
                0x0003c964                arpReply
                0x0003cbf8                arprcv
                0x0003ce58                send_via_arp
                0x0003d000                cb_arpent_tmo
                0x0003d118                grat_arp
 .text          0x0003d3e4      0x298 ../asvm14150_bsp/\libucosii_bsp.a(iface.o)
                0x0003d3e4                if_getbynum
                0x0003d468                isbcast
                0x0003d548                reg_type
                0x0003d5e4                if_killsocks
 .text          0x0003d67c     0x22a4 ../asvm14150_bsp/\libucosii_bsp.a(ip.o)
                0x0003d67c                ip_init
                0x0003d778                ip_bldhead
                0x0003d91c                ip_write_internal
                0x0003e09c                ip_write
                0x0003e2e4                ip_write2
                0x0003e694                ip_raw_write
                0x0003e76c                ip_fragment_lc
                0x0003ebf4                ip_fragment
                0x0003f218                ip_mymach
                0x0003f2c4                ip_dump
                0x0003f57c                iproute
                0x0003f7e8                ip_copypkt
 .text          0x0003f920     0x1d9c ../asvm14150_bsp/\libucosii_bsp.a(ip_reasm.o)
                0x0003f920                ip_reasm_match_frag_with_ire
                0x0003f9f0                ip_reasm_determine_type_of_frag
                0x0003fadc                ip_reasm_check_mem_useage
                0x0003fb74                ip_reasm_incr_mem_useage
                0x0003fc1c                ip_reasm_decr_mem_useage
                0x0003fcbc                ip_reasm_process_first_fragment
                0x0003ff9c                ip_reassm
                0x0004003c                ip_reasm_compute_overlap
                0x000405cc                ip_reasm_process_subsequent_fragments
                0x00040b60                ip_reasm_find_ire
                0x00040bc4                ip_reasm_copy_queued_fragments_into_reassy_buffer
                0x00040f20                ip_reasm_process_timer_tick
                0x00041004                ip_reasm_delete_ire
                0x000411cc                ip_reasm_mark_compact_rfq
                0x00041314                ipr_stats
                0x00041668                ip_reasm_send_icmp_timex
 .text          0x000416bc      0xe3c ../asvm14150_bsp/\libucosii_bsp.a(ipdemux.o)
                0x000416bc                ip_rcv
                0x00041abc                ip_rcv_phase2
                0x000420c8                ip_demux
 .text          0x000424f8      0x2f0 ../asvm14150_bsp/\libucosii_bsp.a(ipmc.o)
                0x000424f8                in_addmulti
                0x00042660                in_delmulti
                0x00042778                lookup_mcast
 .text          0x000427e8       0xe4 ../asvm14150_bsp/\libucosii_bsp.a(ipport.o)
                0x000427e8                prep_ifaces
                0x0004287c                netexit
                0x000428a4                evtmap_setup
 .text          0x000428cc      0x550 ../asvm14150_bsp/\libucosii_bsp.a(ipraw.o)
                0x000428cc                ip_raw_open
                0x000429bc                ip_raw_close
                0x00042a7c                ip_raw_input
                0x00042cb4                ip_raw_alloc
                0x00042d80                ip_raw_free
                0x00042dc0                ip_raw_maxalloc
 .text          0x00042e1c      0x6f0 ../asvm14150_bsp/\libucosii_bsp.a(iproute.o)
                0x00042e1c                rt_lookup
                0x00042fa0                add_route
                0x000433c8                del_route
 .text          0x0004350c      0xe3c ../asvm14150_bsp/\libucosii_bsp.a(udp.o)
                0x0004350c                udpdemux
                0x00043d64                udp_send
                0x0004401c                udpswap
                0x0004414c                udp_socket
                0x0004421c                udp_alloc
                0x000442dc                udp_maxalloc
                0x00044308                udp_free
 .text          0x00044348      0x2e8 ../asvm14150_bsp/\libucosii_bsp.a(igmp.o)
                0x00044348                igmpv1_input
 .text          0x00044630      0x7c0 ../asvm14150_bsp/\libucosii_bsp.a(igmp2.o)
                0x00044630                igmpv2_input
                0x00044790                igmpv2_process_report
                0x000448dc                igmpv2_process_query
                0x00044b28                igmpv2_chk_set_timer
                0x00044c80                igmpv2_chk4_rtr_alert_opt
 .text          0x00044df0      0x8fc ../asvm14150_bsp/\libucosii_bsp.a(ipopt.o)
                0x00044df0                IPADDR_TO_NETP
                0x00044f38                ip_setmoptions
                0x00045528                ip_getmoptions
                0x00045668                ip_freemoptions
 .text          0x000456ec      0x6ac ../asvm14150_bsp/\libucosii_bsp.a(u_mctest.o)
                0x000456ec                u_mctest_init
                0x0004571c                u_mctest_run
 .text          0x00045d98      0x38c ../asvm14150_bsp/\libucosii_bsp.a(dhcsetup.o)
                0x00045d98                dhc_setup
                0x00046020                dhc_main_ipset
 .text          0x00046124      0x40c ../asvm14150_bsp/\libucosii_bsp.a(memdev.o)
                0x00046124                init_memdev
                0x0004619c                md_fopen
                0x000461c4                md_fclose
                0x000461e4                md_fread
                0x00046364                md_fwrite
                0x000463e4                md_fseek
                0x00046410                md_ftell
                0x00046434                md_fgetc
                0x0004650c                md_unlink
 .text          0x00046530      0x810 ../asvm14150_bsp/\libucosii_bsp.a(parseip.o)
                0x00046530                parse_ipad
                0x0004684c                inet_addr
                0x000468b4                hextoa
                0x00046924                inet_pton
                0x000469d0                inet_ntop
                0x00046a5c                print46_addr
                0x00046abc                inet46_addr
                0x00046b80                inet_setport
                0x00046bf4                convert_ip
 .text          0x00046d40      0x1cc ../asvm14150_bsp/\libucosii_bsp.a(tcpcksum.o)
                0x00046d40                tcp_cksum
 .text          0x00046f0c      0x900 ../asvm14150_bsp/\libucosii_bsp.a(in_pcb.o)
                0x00046f0c                in_pcballoc
                0x00046fa0                in_pcbdetach
                0x00046ff4                in_pcbbind
                0x00047248                in_pcbconnect
                0x00047458                in_pcbdisconnect
                0x000474b8                in_setsockaddr
                0x00047534                in_setpeeraddr
                0x000475b0                in_pcblookup
 .text          0x0004780c     0x1a74 ../asvm14150_bsp/\libucosii_bsp.a(vfsfiles.o)
                0x0004780c                set_vfopen_error
                0x00047834                get_vfopen_error
                0x00047854                vf_alloc_and_link_vop
                0x000478d0                vf_alloc_buffer
                0x000479a8                vf_free_buffer
                0x000479f8                vfopen_locked
                0x00047d60                vfopen
                0x00047db0                vfclose_locked
                0x00047f58                vfclose
                0x00047f98                vfflush
                0x00047fe0                vfgets
                0x000480c4                vfeof
                0x0004811c                vunlink_flag_open_files
                0x00048178                vunlink
                0x00048398                vfread
                0x00048544                vfwrite_locked
                0x0004892c                vfwrite
                0x0004898c                vfseek
                0x00048b08                vftell
                0x00048c3c                vgetc_locked
                0x00048d5c                vgetc
                0x00048da4                vfslookup_locked
                0x00048edc                vfslookup
                0x00048f24                strippath
                0x0004910c                isvfile_locked
                0x00049170                isvfile
                0x000491b8                vferror
                0x00049224                vclearerr
 .text          0x00049280       0x24 ../asvm14150_bsp/\libucosii_bsp.a(vfsport.o)
                0x00049280                prep_vfs
 .text          0x000492a4      0x14c ../asvm14150_bsp/\libucosii_bsp.a(alt_busy_sleep.o)
                0x000492a4                alt_busy_sleep
 .text          0x000493f0        0x0 ../asvm14150_bsp/\libucosii_bsp.a(alt_exception_entry.o)
 .text          0x000493f0      0x1b4 ../asvm14150_bsp/\libucosii_bsp.a(alt_fcntl.o)
                0x000493f0                alt_fcntl
 .text          0x000495a4      0x120 ../asvm14150_bsp/\libucosii_bsp.a(alt_find_file.o)
                0x000495a4                alt_find_file
 .text          0x000496c4       0xf4 ../asvm14150_bsp/\libucosii_bsp.a(alt_get_fd.o)
                0x000496c4                alt_get_fd
 .text          0x000497b8       0x90 ../asvm14150_bsp/\libucosii_bsp.a(alt_icache_flush.o)
                0x000497b8                alt_icache_flush
 .text          0x00049848     0x130c ../asvm14150_bsp/\libucosii_bsp.a(icmp.o)
                0x00049848                icmprcv
                0x0004a47c                icmp_destun
                0x0004a7cc                icmp_timex
                0x0004ab00                icmp_du
 .text          0x0004ab54       0x14 c:/altera/11.0sp1/nios2eds/bin/gnu/h-i686-mingw32/bin/../lib/gcc/nios2-elf/4.1.2/../../../../nios2-elf/lib\libc.a(lib_a-atexit.o)
                0x0004ab54                atexit
 .text          0x0004ab68       0x18 c:/altera/11.0sp1/nios2eds/bin/gnu/h-i686-mingw32/bin/../lib/gcc/nios2-elf/4.1.2/../../../../nios2-elf/lib\libc.a(lib_a-atoi.o)
                0x0004ab68                _atoi_r
                0x0004ab74                atoi
 .text          0x0004ab80       0x1c c:/altera/11.0sp1/nios2eds/bin/gnu/h-i686-mingw32/bin/../lib/gcc/nios2-elf/4.1.2/../../../../nios2-elf/lib\libc.a(lib_a-calloc.o)
                0x0004ab80                calloc
 .text          0x0004ab9c       0x38 c:/altera/11.0sp1/nios2eds/bin/gnu/h-i686-mingw32/bin/../lib/gcc/nios2-elf/4.1.2/../../../../nios2-elf/lib\libc.a(lib_a-exit.o)
                0x0004ab9c                exit
 .text          0x0004abd4       0x28 c:/altera/11.0sp1/nios2eds/bin/gnu/h-i686-mingw32/bin/../lib/gcc/nios2-elf/4.1.2/../../../../nios2-elf/lib\libc.a(lib_a-malloc.o)
                0x0004abd4                free
                0x0004abe8                malloc
 .text          0x0004abfc       0x74 c:/altera/11.0sp1/nios2eds/bin/gnu/h-i686-mingw32/bin/../lib/gcc/nios2-elf/4.1.2/../../../../nios2-elf/lib\libc.a(lib_a-memcmp.o)
                0x0004abfc                memcmp
 .text          0x0004ac70       0x8c c:/altera/11.0sp1/nios2eds/bin/gnu/h-i686-mingw32/bin/../lib/gcc/nios2-elf/4.1.2/../../../../nios2-elf/lib\libc.a(lib_a-strcpy.o)
                0x0004ac70                strcpy
 .text          0x0004acfc       0xf0 c:/altera/11.0sp1/nios2eds/bin/gnu/h-i686-mingw32/bin/../lib/gcc/nios2-elf/4.1.2/../../../../nios2-elf/lib\libc.a(lib_a-strncmp.o)
                0x0004acfc                strncmp
 .text          0x0004adec       0xbc c:/altera/11.0sp1/nios2eds/bin/gnu/h-i686-mingw32/bin/../lib/gcc/nios2-elf/4.1.2/../../../../nios2-elf/lib\libc.a(lib_a-strncpy.o)
                0x0004adec                strncpy
 .text          0x0004aea8      0x268 c:/altera/11.0sp1/nios2eds/bin/gnu/h-i686-mingw32/bin/../lib/gcc/nios2-elf/4.1.2/../../../../nios2-elf/lib\libc.a(lib_a-strtol.o)
                0x0004aea8                _strtol_r
                0x0004b0ec                strtol
 .text          0x0004b110       0x34 c:/altera/11.0sp1/nios2eds/bin/gnu/h-i686-mingw32/bin/../lib/gcc/nios2-elf/4.1.2/../../../../nios2-elf/lib\libc.a(lib_a-vprintf.o)
                0x0004b110                _vprintf_r
                0x0004b124                vprintf
 .text          0x0004b144       0x74 c:/altera/11.0sp1/nios2eds/bin/gnu/h-i686-mingw32/bin/../lib/gcc/nios2-elf/4.1.2/../../../../nios2-elf/lib\libc.a(lib_a-vsprintf.o)
                0x0004b144                _vsprintf_r
                0x0004b194                vsprintf
 .text          0x0004b1b8      0x134 c:/altera/11.0sp1/nios2eds/bin/gnu/h-i686-mingw32/bin/../lib/gcc/nios2-elf/4.1.2/../../../../nios2-elf/lib\libc.a(lib_a-__atexit.o)
                0x0004b1b8                __register_exitproc
 .text          0x0004b2ec      0x1b4 c:/altera/11.0sp1/nios2eds/bin/gnu/h-i686-mingw32/bin/../lib/gcc/nios2-elf/4.1.2/../../../../nios2-elf/lib\libc.a(lib_a-__call_atexit.o)
                0x0004b2f0                __call_exitprocs
 .text          0x0004b4a0       0x6c ../asvm14150_bsp/\libucosii_bsp.a(alt_exit.o)
                0x0004b4e0                _exit
 *(.gnu.warning.*)
 *(.fini)
                0x0004b50c                PROVIDE (__etext, ABSOLUTE (.))
                0x0004b50c                PROVIDE (_etext, ABSOLUTE (.))
                0x0004b50c                PROVIDE (etext, ABSOLUTE (.))
 *(.eh_frame_hdr)
                0x0004b50c                . = ALIGN (0x4)
                0x0004b50c                PROVIDE (__preinit_array_start, ABSOLUTE (.))
 *(.preinit_array)
                0x0004b50c                PROVIDE (__preinit_array_end, ABSOLUTE (.))
                0x0004b50c                PROVIDE (__init_array_start, ABSOLUTE (.))
 *(.init_array)
                0x0004b50c                PROVIDE (__init_array_end, ABSOLUTE (.))
                0x0004b50c                PROVIDE (__fini_array_start, ABSOLUTE (.))
 *(.fini_array)
                0x0004b50c                PROVIDE (__fini_array_end, ABSOLUTE (.))
 *(.eh_frame)
 .eh_frame      0x0004b50c       0x40 c:/altera/11.0sp1/nios2eds/bin/gnu/h-i686-mingw32/bin/../lib/gcc/nios2-elf/4.1.2\libgcc.a(_udivdi3.o)
 .eh_frame      0x0004b54c       0x2c c:/altera/11.0sp1/nios2eds/bin/gnu/h-i686-mingw32/bin/../lib/gcc/nios2-elf/4.1.2\libgcc.a(_umoddi3.o)
                                 0x40 (size before relaxing)
 *(.gcc_except_table)
 *(.dynamic)
                0x0004b578                PROVIDE (__CTOR_LIST__, ABSOLUTE (.))
 *(.ctors)
 *(SORT(.ctors.*))
 .ctors.65535   0x0004b578        0x4 c:/altera/11.0sp1/nios2eds/bin/gnu/h-i686-mingw32/bin/../lib/gcc/nios2-elf/4.1.2/../../../../nios2-elf/lib\libc.a(lib_a-__call_atexit.o)
                0x0004b57c                PROVIDE (__CTOR_END__, ABSOLUTE (.))
                0x0004b57c                PROVIDE (__DTOR_LIST__, ABSOLUTE (.))
 *(.dtors)
 *(SORT(.dtors.*))
                0x0004b57c                PROVIDE (__DTOR_END__, ABSOLUTE (.))
 *(.jcr)
                0x0004b57c                . = ALIGN (0x4)

.rodata         0x0004b57c     0x6034
                0x0004b57c                PROVIDE (__ram_rodata_start, ABSOLUTE (.))
                0x0004b57c                . = ALIGN (0x4)
 *(.rodata .rodata.* .gnu.linkonce.r.*)
 .rodata        0x0004b57c      0xba4 obj/alt_error_handler.o
 .rodata        0x0004c120       0x3c obj/iniche_init.o
 .rodata        0x0004c15c      0x230 obj/network_utilities.o
 .rodata        0x0004c38c      0x2d4 obj/simple_socket_server.o
 .rodata        0x0004c660       0x20 obj/tse_my_system.o
 .rodata        0x0004c680      0x281 c:/altera/11.0sp1/nios2eds/bin/gnu/h-i686-mingw32/bin/../lib/gcc/nios2-elf/4.1.2/../../../../nios2-elf/lib\libc.a(lib_a-ctype_.o)
                0x0004c680                _ctype_
 *fill*         0x0004c901        0x3 00
 .rodata.str1.4
                0x0004c904        0x2 c:/altera/11.0sp1/nios2eds/bin/gnu/h-i686-mingw32/bin/../lib/gcc/nios2-elf/4.1.2/../../../../nios2-elf/lib\libc.a(lib_a-impure.o)
                                  0x4 (size before relaxing)
 *fill*         0x0004c906        0x2 00
 .rodata.str1.4
                0x0004c908        0x3 c:/altera/11.0sp1/nios2eds/bin/gnu/h-i686-mingw32/bin/../lib/gcc/nios2-elf/4.1.2/../../../../nios2-elf/lib\libc.a(lib_a-perror.o)
                                  0x4 (size before relaxing)
 *fill*         0x0004c90b        0x1 00
 .rodata.str1.4
                0x0004c90c        0x2 c:/altera/11.0sp1/nios2eds/bin/gnu/h-i686-mingw32/bin/../lib/gcc/nios2-elf/4.1.2/../../../../nios2-elf/lib\libc.a(lib_a-puts.o)
                                  0x4 (size before relaxing)
 *fill*         0x0004c90e        0x2 00
 .rodata.str1.4
                0x0004c910      0x7a2 c:/altera/11.0sp1/nios2eds/bin/gnu/h-i686-mingw32/bin/../lib/gcc/nios2-elf/4.1.2/../../../../nios2-elf/lib\libc.a(lib_a-strerror.o)
                                0x7a8 (size before relaxing)
 *fill*         0x0004d0b2        0x2 00
 .rodata.str1.4
                0x0004d0b4       0x5e c:/altera/11.0sp1/nios2eds/bin/gnu/h-i686-mingw32/bin/../lib/gcc/nios2-elf/4.1.2/../../../../nios2-elf/lib\libc.a(lib_a-vfprintf.o)
                                 0x60 (size before relaxing)
 .rodata        0x0004d112       0x20 c:/altera/11.0sp1/nios2eds/bin/gnu/h-i686-mingw32/bin/../lib/gcc/nios2-elf/4.1.2/../../../../nios2-elf/lib\libc.a(lib_a-vfprintf.o)
 *fill*         0x0004d132        0x2 00
 .rodata.str1.4
                0x0004d134       0x10 c:/altera/11.0sp1/nios2eds/bin/gnu/h-i686-mingw32/bin/../lib/gcc/nios2-elf/4.1.2/../../../../nios2-elf/lib\libc.a(lib_a-dtoa.o)
                                 0x14 (size before relaxing)
 .rodata.str1.4
                0x0004d144       0x10 c:/altera/11.0sp1/nios2eds/bin/gnu/h-i686-mingw32/bin/../lib/gcc/nios2-elf/4.1.2/../../../../nios2-elf/lib\libc.a(lib_a-locale.o)
                                 0x18 (size before relaxing)
 .rodata        0x0004d154       0x30 c:/altera/11.0sp1/nios2eds/bin/gnu/h-i686-mingw32/bin/../lib/gcc/nios2-elf/4.1.2/../../../../nios2-elf/lib\libc.a(lib_a-locale.o)
 .rodata        0x0004d184      0x124 c:/altera/11.0sp1/nios2eds/bin/gnu/h-i686-mingw32/bin/../lib/gcc/nios2-elf/4.1.2/../../../../nios2-elf/lib\libc.a(lib_a-mprec.o)
                0x0004d184                __mprec_tens
                0x0004d24c                __mprec_bigtens
                0x0004d274                __mprec_tinytens
 .rodata        0x0004d2a8       0x14 c:/altera/11.0sp1/nios2eds/bin/gnu/h-i686-mingw32/bin/../lib/gcc/nios2-elf/4.1.2\libgcc.a(_thenan_df.o)
                0x0004d2a8                __thenan_df
 .rodata        0x0004d2bc      0x100 c:/altera/11.0sp1/nios2eds/bin/gnu/h-i686-mingw32/bin/../lib/gcc/nios2-elf/4.1.2\libgcc.a(_clz.o)
                0x0004d2bc                __clz_tab
 .rodata        0x0004d3bc       0x10 ../asvm14150_bsp/\libucosii_bsp.a(alt_main.o)
 .rodata        0x0004d3cc      0x120 ../asvm14150_bsp/\libucosii_bsp.a(os_core.o)
                0x0004d3cc                OSUnMapTbl
 .rodata        0x0004d4ec       0x68 ../asvm14150_bsp/\libucosii_bsp.a(alt_sys_init.o)
 .rodata        0x0004d554     0x1cc0 ../asvm14150_bsp/\libucosii_bsp.a(altera_avalon_tse.o)
 .rodata        0x0004f214      0x374 ../asvm14150_bsp/\libucosii_bsp.a(ins_tse_mac.o)
 .rodata        0x0004f588       0xd8 ../asvm14150_bsp/\libucosii_bsp.a(ipnet.o)
 .rodata        0x0004f660       0xec ../asvm14150_bsp/\libucosii_bsp.a(ipstart.o)
 .rodata        0x0004f74c      0x54c ../asvm14150_bsp/\libucosii_bsp.a(igmp_cmn.o)
 .rodata        0x0004fc98       0xb8 ../asvm14150_bsp/\libucosii_bsp.a(in_utils.o)
 .rodata        0x0004fd50       0x34 ../asvm14150_bsp/\libucosii_bsp.a(netmain.o)
 .rodata        0x0004fd84      0x1a8 ../asvm14150_bsp/\libucosii_bsp.a(tk_crnos.o)
 .rodata        0x0004ff2c        0x8 ../asvm14150_bsp/\libucosii_bsp.a(dhcpclnt.o)
 .rodata        0x0004ff34      0x118 ../asvm14150_bsp/\libucosii_bsp.a(pktalloc.o)
 .rodata        0x0005004c       0x84 ../asvm14150_bsp/\libucosii_bsp.a(udp_open.o)
 .rodata        0x000500d0       0x2c ../asvm14150_bsp/\libucosii_bsp.a(brdutils.o)
 .rodata        0x000500fc      0x26c ../asvm14150_bsp/\libucosii_bsp.a(osportco.o)
 .rodata        0x00050368       0xa0 ../asvm14150_bsp/\libucosii_bsp.a(targnios.o)
 .rodata        0x00050408       0x90 ../asvm14150_bsp/\libucosii_bsp.a(nptcp.o)
 .rodata        0x00050498        0x8 ../asvm14150_bsp/\libucosii_bsp.a(sockcall.o)
 .rodata        0x000504a0       0x50 ../asvm14150_bsp/\libucosii_bsp.a(socket.o)
 .rodata        0x000504f0       0x40 ../asvm14150_bsp/\libucosii_bsp.a(socket2.o)
 .rodata        0x00050530       0x20 ../asvm14150_bsp/\libucosii_bsp.a(tcp_in.o)
 .rodata        0x00050550       0x40 ../asvm14150_bsp/\libucosii_bsp.a(tcp_out.o)
 .rodata        0x00050590       0x24 ../asvm14150_bsp/\libucosii_bsp.a(tcp_subr.o)
 .rodata        0x000505b4       0x2c ../asvm14150_bsp/\libucosii_bsp.a(tcp_usr.o)
 .rodata        0x000505e0        0xc ../asvm14150_bsp/\libucosii_bsp.a(alt_dev.o)
 .rodata        0x000505ec        0x4 ../asvm14150_bsp/\libucosii_bsp.a(os_cpu_c.o)
 .rodata        0x000505f0      0x1d4 ../asvm14150_bsp/\libucosii_bsp.a(allports.o)
 .rodata        0x000507c4       0x34 ../asvm14150_bsp/\libucosii_bsp.a(tk_misc.o)
 .rodata        0x000507f8       0x44 ../asvm14150_bsp/\libucosii_bsp.a(et_arp.o)
 .rodata        0x0005083c      0x1dc ../asvm14150_bsp/\libucosii_bsp.a(ip.o)
 .rodata        0x00050a18      0x158 ../asvm14150_bsp/\libucosii_bsp.a(ip_reasm.o)
 .rodata        0x00050b70      0x120 ../asvm14150_bsp/\libucosii_bsp.a(ipdemux.o)
 .rodata        0x00050c90       0x34 ../asvm14150_bsp/\libucosii_bsp.a(ipport.o)
 .rodata        0x00050cc4       0x24 ../asvm14150_bsp/\libucosii_bsp.a(ipraw.o)
 .rodata        0x00050ce8       0x38 ../asvm14150_bsp/\libucosii_bsp.a(iproute.o)
 .rodata        0x00050d20       0xe8 ../asvm14150_bsp/\libucosii_bsp.a(udp.o)
 .rodata        0x00050e08      0x2d0 ../asvm14150_bsp/\libucosii_bsp.a(u_mctest.o)
 .rodata        0x000510d8       0xf8 ../asvm14150_bsp/\libucosii_bsp.a(dhcsetup.o)
 .rodata        0x000511d0       0x94 ../asvm14150_bsp/\libucosii_bsp.a(parseip.o)
 .rodata        0x00051264       0x34 ../asvm14150_bsp/\libucosii_bsp.a(vfsfiles.o)
 .rodata        0x00051298      0x318 ../asvm14150_bsp/\libucosii_bsp.a(icmp.o)
 *(.rodata1)
                0x000515b0                . = ALIGN (0x4)
                0x000515b0                PROVIDE (__ram_rodata_end, ABSOLUTE (.))
                0x0004b57c                PROVIDE (__flash_rodata_start, LOADADDR (.rodata))

.rwdata         0x000515b0     0x2204 load address 0x000537b4
                0x000515b0                PROVIDE (__ram_rwdata_start, ABSOLUTE (.))
                0x000515b0                . = ALIGN (0x4)
 *(.got.plt)
 *(.got)
 *(.data1)
 *(.data .data.* .gnu.linkonce.d.*)
 .data          0x000515b0        0x0 ../asvm14150_bsp//obj/HAL/src/crt0.o
 .data          0x000515b0        0x0 obj/alt_error_handler.o
 .data          0x000515b0       0x18 obj/iniche_init.o
                0x000515b0                ssstask
 .data          0x000515c8        0x0 obj/led.o
 .data          0x000515c8        0x0 obj/network_utilities.o
 .data          0x000515c8        0x0 obj/simple_socket_server.o
 .data          0x000515c8      0x120 obj/tse_my_system.o
                0x000515c8                tse_mac_device
 .data          0x000516e8        0x0 c:/altera/11.0sp1/nios2eds/bin/gnu/h-i686-mingw32/bin/../lib/gcc/nios2-elf/4.1.2/../../../../nios2-elf/lib\libc.a(lib_a-ctype_.o)
 .data          0x000516e8        0x0 c:/altera/11.0sp1/nios2eds/bin/gnu/h-i686-mingw32/bin/../lib/gcc/nios2-elf/4.1.2/../../../../nios2-elf/lib\libc.a(lib_a-fprintf.o)
 .data          0x000516e8        0x0 c:/altera/11.0sp1/nios2eds/bin/gnu/h-i686-mingw32/bin/../lib/gcc/nios2-elf/4.1.2/../../../../nios2-elf/lib\libc.a(lib_a-fwrite.o)
 .data          0x000516e8        0x0 c:/altera/11.0sp1/nios2eds/bin/gnu/h-i686-mingw32/bin/../lib/gcc/nios2-elf/4.1.2/../../../../nios2-elf/lib\libc.a(lib_a-getc.o)
 .data          0x000516e8      0x400 c:/altera/11.0sp1/nios2eds/bin/gnu/h-i686-mingw32/bin/../lib/gcc/nios2-elf/4.1.2/../../../../nios2-elf/lib\libc.a(lib_a-impure.o)
 .data          0x00051ae8        0x0 c:/altera/11.0sp1/nios2eds/bin/gnu/h-i686-mingw32/bin/../lib/gcc/nios2-elf/4.1.2/../../../../nios2-elf/lib\libc.a(lib_a-memcpy.o)
 .data          0x00051ae8        0x0 c:/altera/11.0sp1/nios2eds/bin/gnu/h-i686-mingw32/bin/../lib/gcc/nios2-elf/4.1.2/../../../../nios2-elf/lib\libc.a(lib_a-memmove.o)
 .data          0x00051ae8        0x0 c:/altera/11.0sp1/nios2eds/bin/gnu/h-i686-mingw32/bin/../lib/gcc/nios2-elf/4.1.2/../../../../nios2-elf/lib\libc.a(lib_a-memset.o)
 .data          0x00051ae8        0x0 c:/altera/11.0sp1/nios2eds/bin/gnu/h-i686-mingw32/bin/../lib/gcc/nios2-elf/4.1.2/../../../../nios2-elf/lib\libc.a(lib_a-perror.o)
 .data          0x00051ae8        0x0 c:/altera/11.0sp1/nios2eds/bin/gnu/h-i686-mingw32/bin/../lib/gcc/nios2-elf/4.1.2/../../../../nios2-elf/lib\libc.a(lib_a-printf.o)
 .data          0x00051ae8        0x0 c:/altera/11.0sp1/nios2eds/bin/gnu/h-i686-mingw32/bin/../lib/gcc/nios2-elf/4.1.2/../../../../nios2-elf/lib\libc.a(lib_a-putc.o)
 .data          0x00051ae8        0x0 c:/altera/11.0sp1/nios2eds/bin/gnu/h-i686-mingw32/bin/../lib/gcc/nios2-elf/4.1.2/../../../../nios2-elf/lib\libc.a(lib_a-putchar.o)
 .data          0x00051ae8        0x0 c:/altera/11.0sp1/nios2eds/bin/gnu/h-i686-mingw32/bin/../lib/gcc/nios2-elf/4.1.2/../../../../nios2-elf/lib\libc.a(lib_a-puts.o)
 .data          0x00051ae8        0x0 c:/altera/11.0sp1/nios2eds/bin/gnu/h-i686-mingw32/bin/../lib/gcc/nios2-elf/4.1.2/../../../../nios2-elf/lib\libc.a(lib_a-rget.o)
 .data          0x00051ae8        0x0 c:/altera/11.0sp1/nios2eds/bin/gnu/h-i686-mingw32/bin/../lib/gcc/nios2-elf/4.1.2/../../../../nios2-elf/lib\libc.a(lib_a-sprintf.o)
 .data          0x00051ae8        0x0 c:/altera/11.0sp1/nios2eds/bin/gnu/h-i686-mingw32/bin/../lib/gcc/nios2-elf/4.1.2/../../../../nios2-elf/lib\libc.a(lib_a-strchr.o)
 .data          0x00051ae8        0x0 c:/altera/11.0sp1/nios2eds/bin/gnu/h-i686-mingw32/bin/../lib/gcc/nios2-elf/4.1.2/../../../../nios2-elf/lib\libc.a(lib_a-strerror.o)
 .data          0x00051ae8        0x0 c:/altera/11.0sp1/nios2eds/bin/gnu/h-i686-mingw32/bin/../lib/gcc/nios2-elf/4.1.2/../../../../nios2-elf/lib\libc.a(lib_a-strlen.o)
 .data          0x00051ae8        0x0 c:/altera/11.0sp1/nios2eds/bin/gnu/h-i686-mingw32/bin/../lib/gcc/nios2-elf/4.1.2/../../../../nios2-elf/lib\libc.a(lib_a-u_strerr.o)
 .data          0x00051ae8        0x0 c:/altera/11.0sp1/nios2eds/bin/gnu/h-i686-mingw32/bin/../lib/gcc/nios2-elf/4.1.2/../../../../nios2-elf/lib\libc.a(lib_a-vfprintf.o)
 .data          0x00051ae8        0x0 c:/altera/11.0sp1/nios2eds/bin/gnu/h-i686-mingw32/bin/../lib/gcc/nios2-elf/4.1.2/../../../../nios2-elf/lib\libc.a(lib_a-wbuf.o)
 .data          0x00051ae8        0x0 c:/altera/11.0sp1/nios2eds/bin/gnu/h-i686-mingw32/bin/../lib/gcc/nios2-elf/4.1.2/../../../../nios2-elf/lib\libc.a(lib_a-wsetup.o)
 .data          0x00051ae8        0x0 c:/altera/11.0sp1/nios2eds/bin/gnu/h-i686-mingw32/bin/../lib/gcc/nios2-elf/4.1.2/../../../../nios2-elf/lib\libc.a(lib_a-dtoa.o)
 .data          0x00051ae8        0x0 c:/altera/11.0sp1/nios2eds/bin/gnu/h-i686-mingw32/bin/../lib/gcc/nios2-elf/4.1.2/../../../../nios2-elf/lib\libc.a(lib_a-fflush.o)
 .data          0x00051ae8        0x0 c:/altera/11.0sp1/nios2eds/bin/gnu/h-i686-mingw32/bin/../lib/gcc/nios2-elf/4.1.2/../../../../nios2-elf/lib\libc.a(lib_a-findfp.o)
 .data          0x00051ae8        0x0 c:/altera/11.0sp1/nios2eds/bin/gnu/h-i686-mingw32/bin/../lib/gcc/nios2-elf/4.1.2/../../../../nios2-elf/lib\libc.a(lib_a-fputc.o)
 .data          0x00051ae8        0x0 c:/altera/11.0sp1/nios2eds/bin/gnu/h-i686-mingw32/bin/../lib/gcc/nios2-elf/4.1.2/../../../../nios2-elf/lib\libc.a(lib_a-fputs.o)
 .data          0x00051ae8        0x0 c:/altera/11.0sp1/nios2eds/bin/gnu/h-i686-mingw32/bin/../lib/gcc/nios2-elf/4.1.2/../../../../nios2-elf/lib\libc.a(lib_a-freer.o)
 .data          0x00051ae8        0x0 c:/altera/11.0sp1/nios2eds/bin/gnu/h-i686-mingw32/bin/../lib/gcc/nios2-elf/4.1.2/../../../../nios2-elf/lib\libc.a(lib_a-fvwrite.o)
 .data          0x00051ae8        0x0 c:/altera/11.0sp1/nios2eds/bin/gnu/h-i686-mingw32/bin/../lib/gcc/nios2-elf/4.1.2/../../../../nios2-elf/lib\libc.a(lib_a-fwalk.o)
 .data          0x00051ae8        0xc c:/altera/11.0sp1/nios2eds/bin/gnu/h-i686-mingw32/bin/../lib/gcc/nios2-elf/4.1.2/../../../../nios2-elf/lib\libc.a(lib_a-locale.o)
                0x00051ae8                __lc_ctype
 .data          0x00051af4        0x0 c:/altera/11.0sp1/nios2eds/bin/gnu/h-i686-mingw32/bin/../lib/gcc/nios2-elf/4.1.2/../../../../nios2-elf/lib\libc.a(lib_a-makebuf.o)
 .data          0x00051af4      0x408 c:/altera/11.0sp1/nios2eds/bin/gnu/h-i686-mingw32/bin/../lib/gcc/nios2-elf/4.1.2/../../../../nios2-elf/lib\libc.a(lib_a-mallocr.o)
                0x00051af4                __malloc_av_
 .data          0x00051efc        0x0 c:/altera/11.0sp1/nios2eds/bin/gnu/h-i686-mingw32/bin/../lib/gcc/nios2-elf/4.1.2/../../../../nios2-elf/lib\libc.a(lib_a-memchr.o)
 .data          0x00051efc        0x0 c:/altera/11.0sp1/nios2eds/bin/gnu/h-i686-mingw32/bin/../lib/gcc/nios2-elf/4.1.2/../../../../nios2-elf/lib\libc.a(lib_a-mprec.o)
 .data          0x00051efc        0x0 c:/altera/11.0sp1/nios2eds/bin/gnu/h-i686-mingw32/bin/../lib/gcc/nios2-elf/4.1.2/../../../../nios2-elf/lib\libc.a(lib_a-reallocr.o)
 .data          0x00051efc        0x0 c:/altera/11.0sp1/nios2eds/bin/gnu/h-i686-mingw32/bin/../lib/gcc/nios2-elf/4.1.2/../../../../nios2-elf/lib\libc.a(lib_a-refill.o)
 .data          0x00051efc        0x0 c:/altera/11.0sp1/nios2eds/bin/gnu/h-i686-mingw32/bin/../lib/gcc/nios2-elf/4.1.2/../../../../nios2-elf/lib\libc.a(lib_a-s_isinfd.o)
 .data          0x00051efc        0x0 c:/altera/11.0sp1/nios2eds/bin/gnu/h-i686-mingw32/bin/../lib/gcc/nios2-elf/4.1.2/../../../../nios2-elf/lib\libc.a(lib_a-s_isnand.o)
 .data          0x00051efc        0x0 c:/altera/11.0sp1/nios2eds/bin/gnu/h-i686-mingw32/bin/../lib/gcc/nios2-elf/4.1.2/../../../../nios2-elf/lib\libc.a(lib_a-sbrkr.o)
 .data          0x00051efc        0x0 c:/altera/11.0sp1/nios2eds/bin/gnu/h-i686-mingw32/bin/../lib/gcc/nios2-elf/4.1.2/../../../../nios2-elf/lib\libc.a(lib_a-stdio.o)
 .data          0x00051efc        0x0 c:/altera/11.0sp1/nios2eds/bin/gnu/h-i686-mingw32/bin/../lib/gcc/nios2-elf/4.1.2/../../../../nios2-elf/lib\libc.a(lib_a-strcmp.o)
 .data          0x00051efc        0x0 c:/altera/11.0sp1/nios2eds/bin/gnu/h-i686-mingw32/bin/../lib/gcc/nios2-elf/4.1.2/../../../../nios2-elf/lib\libc.a(lib_a-writer.o)